---------------------------------------
Begin Slurm Prolog: Jul-07-2026 16:17:12
Job ID:    5483992
User ID:   sghose7
Account:   coc
Job name:  bias-exp4-exp1-concentration-phi3.5-moe
Partition: ice-gpu
QOS:       coc-ice
---------------------------------------
[slurm] WORKDIR=/home/hice1/sghose7/scratch/moe-breakdown
[slurm] ROOT_DIR=/home/hice1/sghose7/scratch/moe-breakdown/moe-expt-bias/expt-bias-1
[slurm] SCRIPT=scripts/run_experiment4_ablation.py
[slurm] STUDY_CONFIG=/storage/ice1/0/2/sghose7/moe-breakdown/moe-expt-bias/expt-bias-1/configs/study.phi3.5-moe.concentration.yaml
[slurm] OUT_DIR=/storage/ice1/0/2/sghose7/moe-breakdown-bias-runs/expt-bias-1/exp1-concentration-phi3.5-moe/experiment4
[slurm] EXTRA_ARGS=--result-dir /home/hice1/sghose7/scratch/moe-breakdown-bias-runs/expt-bias-1/exp1-concentration-phi3.5-moe --max-pairs 60
[slurm] GPUs visible: 2
---------------------------------------
Begin Slurm Epilog: Jul-07-2026 16:25:41
Job ID:        5483992
User ID:       sghose7
Account:       coc
Job name:      bias-exp4-exp1-concentration-phi3.5-moe
Resources:     cpu=8,gres/gpu:a100=2,mem=96G,node=1
Rsrc Used:     cput=01:08:08,vmem=0,walltime=00:08:31,mem=92465920K,energy_used=0
Partition:     ice-gpu
QOS:           coc-ice
Nodes:         atl1-1-01-005-13-0
---------------------------------------
