---------------------------------------
Begin Slurm Prolog: Jun-24-2026 23:05:56
Job ID:    5430377
User ID:   sghose7
Account:   coc
Job name:  build-deepep
Partition: coc-cpu
QOS:       coc-ice
---------------------------------------
[build-deepep] DEEPEP_SRC=/home/hice1/sghose7/scratch/deepep-build/workspace/DeepEP
[build-deepep] WHEEL_OUT=/home/hice1/sghose7/scratch/deepep-build/workspace/dist
[build-deepep] nvcc: Cuda compilation tools, release 13.0, V13.0.88
[build-deepep] python: /usr/local/pace-apps/spack/packages/linux-rhel9-x86_64_v3/gcc-12.3.0/python-3.11.9-gez6evjb3kmoe3n3tinddqlajwxaph4c/bin/python3
[build-deepep] upgrading nvidia-nccl-cu13
[build-deepep] PyTorch CUDA: 13.0 | NCCL: (2, 28, 9)
[build-deepep] building wheel
Build summary:
 > Sources: ['csrc/python_api.cpp', 'csrc/kernels/legacy/layout.cu', 'csrc/kernels/legacy/intranode.cu', 'csrc/kernels/legacy/internode.cu', 'csrc/kernels/legacy/internode_ll.cu', 'csrc/kernels/backend/nvshmem.cu', 'csrc/kernels/backend/nccl.cu', 'csrc/kernels/backend/cuda_driver.cu']
 > Includes: ['/storage/ice1/0/2/sghose7/deepep-build/workspace/DeepEP/deep_ep/include', '/storage/ice1/0/2/sghose7/deepep-build/workspace/DeepEP/third-party/fmt/include', '/usr/local/cuda/include/cccl', '/home/hice1/sghose7/scratch/deepep-build/workspace/nvshmem/include', '/storage/ice1/0/2/sghose7/moe-breakdown-venv/lib/python3.11/site-packages/nvidia/nccl/include']
 > Libraries: ['/home/hice1/sghose7/scratch/deepep-build/workspace/nvshmem/lib']
 > Compilation flags: {'cxx': ['-O3', '-Wno-deprecated-declarations', '-Wno-unused-variable', '-Wno-sign-compare', '-Wno-reorder', '-Wno-attributes', '-DDISABLE_AGGRESSIVE_PTX_INSTRS'], 'nvcc': ['-O3', '-Xcompiler', '-O3', '--extended-lambda', '--diag-suppress=128,2417', '-rdc=true', '--ptxas-options=--register-usage-level=10', '-DDISABLE_AGGRESSIVE_PTX_INSTRS'], 'nvcc_dlink': ['-dlink', '-L/home/hice1/sghose7/scratch/deepep-build/workspace/nvshmem/lib', '-lnvshmem_device']}
 > Link flags: ['-lcuda', '-l:libnvshmem_host.so', '-l:libnvshmem_device.a', '-Wl,-rpath,/home/hice1/sghose7/scratch/deepep-build/workspace/nvshmem/lib', '-l:libnccl.so.2', '-Wl,-rpath,/storage/ice1/0/2/sghose7/moe-breakdown-venv/lib/python3.11/site-packages/nvidia/nccl/lib']
 > Arch list: 9.0
 > NVSHMEM path: /home/hice1/sghose7/scratch/deepep-build/workspace/nvshmem
 > NCCL path: /storage/ice1/0/2/sghose7/moe-breakdown-venv/lib/python3.11/site-packages/nvidia/nccl

running bdist_wheel
running build
running build_py
copying deep_ep/__init__.py -> build/lib.linux-x86_64-cpython-311/deep_ep
creating build/lib.linux-x86_64-cpython-311/deep_ep/buffers
copying deep_ep/buffers/__init__.py -> build/lib.linux-x86_64-cpython-311/deep_ep/buffers
copying deep_ep/buffers/legacy.py -> build/lib.linux-x86_64-cpython-311/deep_ep/buffers
copying deep_ep/buffers/elastic.py -> build/lib.linux-x86_64-cpython-311/deep_ep/buffers
creating build/lib.linux-x86_64-cpython-311/deep_ep/utils
copying deep_ep/utils/comm.py -> build/lib.linux-x86_64-cpython-311/deep_ep/utils
copying deep_ep/utils/math.py -> build/lib.linux-x86_64-cpython-311/deep_ep/utils
copying deep_ep/utils/gate.py -> build/lib.linux-x86_64-cpython-311/deep_ep/utils
copying deep_ep/utils/semantic.py -> build/lib.linux-x86_64-cpython-311/deep_ep/utils
copying deep_ep/utils/envs.py -> build/lib.linux-x86_64-cpython-311/deep_ep/utils
copying deep_ep/utils/__init__.py -> build/lib.linux-x86_64-cpython-311/deep_ep/utils
copying deep_ep/utils/find_pkgs.py -> build/lib.linux-x86_64-cpython-311/deep_ep/utils
copying deep_ep/utils/refs.py -> build/lib.linux-x86_64-cpython-311/deep_ep/utils
copying deep_ep/utils/testing.py -> build/lib.linux-x86_64-cpython-311/deep_ep/utils
copying deep_ep/utils/event.py -> build/lib.linux-x86_64-cpython-311/deep_ep/utils
creating build/lib.linux-x86_64-cpython-311/deep_ep/include/deep_ep/common
copying deep_ep/include/deep_ep/common/layout.cuh -> build/lib.linux-x86_64-cpython-311/deep_ep/include/deep_ep/common
copying deep_ep/include/deep_ep/common/exception.cuh -> build/lib.linux-x86_64-cpython-311/deep_ep/include/deep_ep/common
copying deep_ep/include/deep_ep/common/math.cuh -> build/lib.linux-x86_64-cpython-311/deep_ep/include/deep_ep/common
copying deep_ep/include/deep_ep/common/compiled.cuh -> build/lib.linux-x86_64-cpython-311/deep_ep/include/deep_ep/common
copying deep_ep/include/deep_ep/common/handle.cuh -> build/lib.linux-x86_64-cpython-311/deep_ep/include/deep_ep/common
copying deep_ep/include/deep_ep/common/comm.cuh -> build/lib.linux-x86_64-cpython-311/deep_ep/include/deep_ep/common
copying deep_ep/include/deep_ep/common/ptx.cuh -> build/lib.linux-x86_64-cpython-311/deep_ep/include/deep_ep/common
creating build/lib.linux-x86_64-cpython-311/deep_ep/include/deep_ep/impls
copying deep_ep/include/deep_ep/impls/engram_fetch.cuh -> build/lib.linux-x86_64-cpython-311/deep_ep/include/deep_ep/impls
copying deep_ep/include/deep_ep/impls/pp_send_recv.cuh -> build/lib.linux-x86_64-cpython-311/deep_ep/include/deep_ep/impls
copying deep_ep/include/deep_ep/impls/engram_fetch_wait.cuh -> build/lib.linux-x86_64-cpython-311/deep_ep/include/deep_ep/impls
copying deep_ep/include/deep_ep/impls/dispatch.cuh -> build/lib.linux-x86_64-cpython-311/deep_ep/include/deep_ep/impls
copying deep_ep/include/deep_ep/impls/dispatch_copy_epilogue.cuh -> build/lib.linux-x86_64-cpython-311/deep_ep/include/deep_ep/impls
copying deep_ep/include/deep_ep/impls/barrier.cuh -> build/lib.linux-x86_64-cpython-311/deep_ep/include/deep_ep/impls
copying deep_ep/include/deep_ep/impls/combine_utils.cuh -> build/lib.linux-x86_64-cpython-311/deep_ep/include/deep_ep/impls
copying deep_ep/include/deep_ep/impls/combine.cuh -> build/lib.linux-x86_64-cpython-311/deep_ep/include/deep_ep/impls
copying deep_ep/include/deep_ep/impls/hybrid_combine.cuh -> build/lib.linux-x86_64-cpython-311/deep_ep/include/deep_ep/impls
copying deep_ep/include/deep_ep/impls/combine_reduce_epilogue.cuh -> build/lib.linux-x86_64-cpython-311/deep_ep/include/deep_ep/impls
copying deep_ep/include/deep_ep/impls/dispatch_deterministic_prologue.cuh -> build/lib.linux-x86_64-cpython-311/deep_ep/include/deep_ep/impls
copying deep_ep/include/deep_ep/impls/hybrid_dispatch.cuh -> build/lib.linux-x86_64-cpython-311/deep_ep/include/deep_ep/impls
running build_ext
building 'deep_ep._C' extension
creating /storage/ice1/0/2/sghose7/deepep-build/workspace/DeepEP/build/temp.linux-x86_64-cpython-311/csrc/kernels/backend
creating /storage/ice1/0/2/sghose7/deepep-build/workspace/DeepEP/build/temp.linux-x86_64-cpython-311/csrc/kernels/legacy
[1/9] /usr/local/pace-apps/spack/packages/linux-rhel9-x86_64_v3/none-none/cuda-13.0.1-ne4hey4ce57lmd34nixeikyfribdqln3/bin/nvcc -MD -MF /storage/ice1/0/2/sghose7/deepep-build/workspace/DeepEP/build/temp.linux-x86_64-cpython-311/csrc/kernels/legacy/layout.o.d -I/storage/ice1/0/2/sghose7/deepep-build/workspace/DeepEP/deep_ep/include -I/storage/ice1/0/2/sghose7/deepep-build/workspace/DeepEP/third-party/fmt/include -I/usr/local/cuda/include/cccl -I/home/hice1/sghose7/scratch/deepep-build/workspace/nvshmem/include -I/storage/ice1/0/2/sghose7/moe-breakdown-venv/lib/python3.11/site-packages/nvidia/nccl/include -I/storage/ice1/0/2/sghose7/moe-breakdown-venv/lib/python3.11/site-packages/torch/include -I/storage/ice1/0/2/sghose7/moe-breakdown-venv/lib/python3.11/site-packages/torch/include/torch/csrc/api/include -I/usr/local/pace-apps/spack/packages/linux-rhel9-x86_64_v3/none-none/cuda-13.0.1-ne4hey4ce57lmd34nixeikyfribdqln3/include -I/storage/ice1/0/2/sghose7/moe-breakdown-venv/include -I/home/hice1/sghose7/.local/share/uv/python/cpython-3.11.15-linux-x86_64-gnu/include/python3.11 -c -c /storage/ice1/0/2/sghose7/deepep-build/workspace/DeepEP/csrc/kernels/legacy/layout.cu -o /storage/ice1/0/2/sghose7/deepep-build/workspace/DeepEP/build/temp.linux-x86_64-cpython-311/csrc/kernels/legacy/layout.o -D__CUDA_NO_HALF_OPERATORS__ -D__CUDA_NO_HALF_CONVERSIONS__ -D__CUDA_NO_BFLOAT16_CONVERSIONS__ -D__CUDA_NO_HALF2_OPERATORS__ --expt-relaxed-constexpr --compiler-options ''"'"'-fPIC'"'"'' -O3 -Xcompiler -O3 --extended-lambda --diag-suppress=128,2417 -rdc=true --ptxas-options=--register-usage-level=10 -DDISABLE_AGGRESSIVE_PTX_INSTRS -DTORCH_API_INCLUDE_EXTENSION_H -DTORCH_EXTENSION_NAME=_C -gencode=arch=compute_90,code=sm_90 -ccbin /usr/local/pace-apps/spack/packages/linux-rhel9-x86_64_v3/gcc-11.3.1/gcc-12.3.0-ukkkutsxfl5kpnnaxflpkq2jtliwthfz/bin/gcc -std=c++17
[2/9] /usr/local/pace-apps/spack/packages/linux-rhel9-x86_64_v3/none-none/cuda-13.0.1-ne4hey4ce57lmd34nixeikyfribdqln3/bin/nvcc -MD -MF /storage/ice1/0/2/sghose7/deepep-build/workspace/DeepEP/build/temp.linux-x86_64-cpython-311/csrc/kernels/legacy/intranode.o.d -I/storage/ice1/0/2/sghose7/deepep-build/workspace/DeepEP/deep_ep/include -I/storage/ice1/0/2/sghose7/deepep-build/workspace/DeepEP/third-party/fmt/include -I/usr/local/cuda/include/cccl -I/home/hice1/sghose7/scratch/deepep-build/workspace/nvshmem/include -I/storage/ice1/0/2/sghose7/moe-breakdown-venv/lib/python3.11/site-packages/nvidia/nccl/include -I/storage/ice1/0/2/sghose7/moe-breakdown-venv/lib/python3.11/site-packages/torch/include -I/storage/ice1/0/2/sghose7/moe-breakdown-venv/lib/python3.11/site-packages/torch/include/torch/csrc/api/include -I/usr/local/pace-apps/spack/packages/linux-rhel9-x86_64_v3/none-none/cuda-13.0.1-ne4hey4ce57lmd34nixeikyfribdqln3/include -I/storage/ice1/0/2/sghose7/moe-breakdown-venv/include -I/home/hice1/sghose7/.local/share/uv/python/cpython-3.11.15-linux-x86_64-gnu/include/python3.11 -c -c /storage/ice1/0/2/sghose7/deepep-build/workspace/DeepEP/csrc/kernels/legacy/intranode.cu -o /storage/ice1/0/2/sghose7/deepep-build/workspace/DeepEP/build/temp.linux-x86_64-cpython-311/csrc/kernels/legacy/intranode.o -D__CUDA_NO_HALF_OPERATORS__ -D__CUDA_NO_HALF_CONVERSIONS__ -D__CUDA_NO_BFLOAT16_CONVERSIONS__ -D__CUDA_NO_HALF2_OPERATORS__ --expt-relaxed-constexpr --compiler-options ''"'"'-fPIC'"'"'' -O3 -Xcompiler -O3 --extended-lambda --diag-suppress=128,2417 -rdc=true --ptxas-options=--register-usage-level=10 -DDISABLE_AGGRESSIVE_PTX_INSTRS -DTORCH_API_INCLUDE_EXTENSION_H -DTORCH_EXTENSION_NAME=_C -gencode=arch=compute_90,code=sm_90 -ccbin /usr/local/pace-apps/spack/packages/linux-rhel9-x86_64_v3/gcc-11.3.1/gcc-12.3.0-ukkkutsxfl5kpnnaxflpkq2jtliwthfz/bin/gcc -std=c++17
[3/9] /usr/local/pace-apps/spack/packages/linux-rhel9-x86_64_v3/none-none/cuda-13.0.1-ne4hey4ce57lmd34nixeikyfribdqln3/bin/nvcc -MD -MF /storage/ice1/0/2/sghose7/deepep-build/workspace/DeepEP/build/temp.linux-x86_64-cpython-311/csrc/kernels/backend/nvshmem.o.d -I/storage/ice1/0/2/sghose7/deepep-build/workspace/DeepEP/deep_ep/include -I/storage/ice1/0/2/sghose7/deepep-build/workspace/DeepEP/third-party/fmt/include -I/usr/local/cuda/include/cccl -I/home/hice1/sghose7/scratch/deepep-build/workspace/nvshmem/include -I/storage/ice1/0/2/sghose7/moe-breakdown-venv/lib/python3.11/site-packages/nvidia/nccl/include -I/storage/ice1/0/2/sghose7/moe-breakdown-venv/lib/python3.11/site-packages/torch/include -I/storage/ice1/0/2/sghose7/moe-breakdown-venv/lib/python3.11/site-packages/torch/include/torch/csrc/api/include -I/usr/local/pace-apps/spack/packages/linux-rhel9-x86_64_v3/none-none/cuda-13.0.1-ne4hey4ce57lmd34nixeikyfribdqln3/include -I/storage/ice1/0/2/sghose7/moe-breakdown-venv/include -I/home/hice1/sghose7/.local/share/uv/python/cpython-3.11.15-linux-x86_64-gnu/include/python3.11 -c -c /storage/ice1/0/2/sghose7/deepep-build/workspace/DeepEP/csrc/kernels/backend/nvshmem.cu -o /storage/ice1/0/2/sghose7/deepep-build/workspace/DeepEP/build/temp.linux-x86_64-cpython-311/csrc/kernels/backend/nvshmem.o -D__CUDA_NO_HALF_OPERATORS__ -D__CUDA_NO_HALF_CONVERSIONS__ -D__CUDA_NO_BFLOAT16_CONVERSIONS__ -D__CUDA_NO_HALF2_OPERATORS__ --expt-relaxed-constexpr --compiler-options ''"'"'-fPIC'"'"'' -O3 -Xcompiler -O3 --extended-lambda --diag-suppress=128,2417 -rdc=true --ptxas-options=--register-usage-level=10 -DDISABLE_AGGRESSIVE_PTX_INSTRS -DTORCH_API_INCLUDE_EXTENSION_H -DTORCH_EXTENSION_NAME=_C -gencode=arch=compute_90,code=sm_90 -ccbin /usr/local/pace-apps/spack/packages/linux-rhel9-x86_64_v3/gcc-11.3.1/gcc-12.3.0-ukkkutsxfl5kpnnaxflpkq2jtliwthfz/bin/gcc -std=c++17
[4/9] /usr/local/pace-apps/spack/packages/linux-rhel9-x86_64_v3/none-none/cuda-13.0.1-ne4hey4ce57lmd34nixeikyfribdqln3/bin/nvcc -MD -MF /storage/ice1/0/2/sghose7/deepep-build/workspace/DeepEP/build/temp.linux-x86_64-cpython-311/csrc/kernels/backend/cuda_driver.o.d -I/storage/ice1/0/2/sghose7/deepep-build/workspace/DeepEP/deep_ep/include -I/storage/ice1/0/2/sghose7/deepep-build/workspace/DeepEP/third-party/fmt/include -I/usr/local/cuda/include/cccl -I/home/hice1/sghose7/scratch/deepep-build/workspace/nvshmem/include -I/storage/ice1/0/2/sghose7/moe-breakdown-venv/lib/python3.11/site-packages/nvidia/nccl/include -I/storage/ice1/0/2/sghose7/moe-breakdown-venv/lib/python3.11/site-packages/torch/include -I/storage/ice1/0/2/sghose7/moe-breakdown-venv/lib/python3.11/site-packages/torch/include/torch/csrc/api/include -I/usr/local/pace-apps/spack/packages/linux-rhel9-x86_64_v3/none-none/cuda-13.0.1-ne4hey4ce57lmd34nixeikyfribdqln3/include -I/storage/ice1/0/2/sghose7/moe-breakdown-venv/include -I/home/hice1/sghose7/.local/share/uv/python/cpython-3.11.15-linux-x86_64-gnu/include/python3.11 -c -c /storage/ice1/0/2/sghose7/deepep-build/workspace/DeepEP/csrc/kernels/backend/cuda_driver.cu -o /storage/ice1/0/2/sghose7/deepep-build/workspace/DeepEP/build/temp.linux-x86_64-cpython-311/csrc/kernels/backend/cuda_driver.o -D__CUDA_NO_HALF_OPERATORS__ -D__CUDA_NO_HALF_CONVERSIONS__ -D__CUDA_NO_BFLOAT16_CONVERSIONS__ -D__CUDA_NO_HALF2_OPERATORS__ --expt-relaxed-constexpr --compiler-options ''"'"'-fPIC'"'"'' -O3 -Xcompiler -O3 --extended-lambda --diag-suppress=128,2417 -rdc=true --ptxas-options=--register-usage-level=10 -DDISABLE_AGGRESSIVE_PTX_INSTRS -DTORCH_API_INCLUDE_EXTENSION_H -DTORCH_EXTENSION_NAME=_C -gencode=arch=compute_90,code=sm_90 -ccbin /usr/local/pace-apps/spack/packages/linux-rhel9-x86_64_v3/gcc-11.3.1/gcc-12.3.0-ukkkutsxfl5kpnnaxflpkq2jtliwthfz/bin/gcc -std=c++17
[5/9] /usr/local/pace-apps/spack/packages/linux-rhel9-x86_64_v3/none-none/cuda-13.0.1-ne4hey4ce57lmd34nixeikyfribdqln3/bin/nvcc -MD -MF /storage/ice1/0/2/sghose7/deepep-build/workspace/DeepEP/build/temp.linux-x86_64-cpython-311/csrc/kernels/backend/nccl.o.d -I/storage/ice1/0/2/sghose7/deepep-build/workspace/DeepEP/deep_ep/include -I/storage/ice1/0/2/sghose7/deepep-build/workspace/DeepEP/third-party/fmt/include -I/usr/local/cuda/include/cccl -I/home/hice1/sghose7/scratch/deepep-build/workspace/nvshmem/include -I/storage/ice1/0/2/sghose7/moe-breakdown-venv/lib/python3.11/site-packages/nvidia/nccl/include -I/storage/ice1/0/2/sghose7/moe-breakdown-venv/lib/python3.11/site-packages/torch/include -I/storage/ice1/0/2/sghose7/moe-breakdown-venv/lib/python3.11/site-packages/torch/include/torch/csrc/api/include -I/usr/local/pace-apps/spack/packages/linux-rhel9-x86_64_v3/none-none/cuda-13.0.1-ne4hey4ce57lmd34nixeikyfribdqln3/include -I/storage/ice1/0/2/sghose7/moe-breakdown-venv/include -I/home/hice1/sghose7/.local/share/uv/python/cpython-3.11.15-linux-x86_64-gnu/include/python3.11 -c -c /storage/ice1/0/2/sghose7/deepep-build/workspace/DeepEP/csrc/kernels/backend/nccl.cu -o /storage/ice1/0/2/sghose7/deepep-build/workspace/DeepEP/build/temp.linux-x86_64-cpython-311/csrc/kernels/backend/nccl.o -D__CUDA_NO_HALF_OPERATORS__ -D__CUDA_NO_HALF_CONVERSIONS__ -D__CUDA_NO_BFLOAT16_CONVERSIONS__ -D__CUDA_NO_HALF2_OPERATORS__ --expt-relaxed-constexpr --compiler-options ''"'"'-fPIC'"'"'' -O3 -Xcompiler -O3 --extended-lambda --diag-suppress=128,2417 -rdc=true --ptxas-options=--register-usage-level=10 -DDISABLE_AGGRESSIVE_PTX_INSTRS -DTORCH_API_INCLUDE_EXTENSION_H -DTORCH_EXTENSION_NAME=_C -gencode=arch=compute_90,code=sm_90 -ccbin /usr/local/pace-apps/spack/packages/linux-rhel9-x86_64_v3/gcc-11.3.1/gcc-12.3.0-ukkkutsxfl5kpnnaxflpkq2jtliwthfz/bin/gcc -std=c++17
[6/9] /usr/local/pace-apps/spack/packages/linux-rhel9-x86_64_v3/none-none/cuda-13.0.1-ne4hey4ce57lmd34nixeikyfribdqln3/bin/nvcc -MD -MF /storage/ice1/0/2/sghose7/deepep-build/workspace/DeepEP/build/temp.linux-x86_64-cpython-311/csrc/kernels/legacy/internode_ll.o.d -I/storage/ice1/0/2/sghose7/deepep-build/workspace/DeepEP/deep_ep/include -I/storage/ice1/0/2/sghose7/deepep-build/workspace/DeepEP/third-party/fmt/include -I/usr/local/cuda/include/cccl -I/home/hice1/sghose7/scratch/deepep-build/workspace/nvshmem/include -I/storage/ice1/0/2/sghose7/moe-breakdown-venv/lib/python3.11/site-packages/nvidia/nccl/include -I/storage/ice1/0/2/sghose7/moe-breakdown-venv/lib/python3.11/site-packages/torch/include -I/storage/ice1/0/2/sghose7/moe-breakdown-venv/lib/python3.11/site-packages/torch/include/torch/csrc/api/include -I/usr/local/pace-apps/spack/packages/linux-rhel9-x86_64_v3/none-none/cuda-13.0.1-ne4hey4ce57lmd34nixeikyfribdqln3/include -I/storage/ice1/0/2/sghose7/moe-breakdown-venv/include -I/home/hice1/sghose7/.local/share/uv/python/cpython-3.11.15-linux-x86_64-gnu/include/python3.11 -c -c /storage/ice1/0/2/sghose7/deepep-build/workspace/DeepEP/csrc/kernels/legacy/internode_ll.cu -o /storage/ice1/0/2/sghose7/deepep-build/workspace/DeepEP/build/temp.linux-x86_64-cpython-311/csrc/kernels/legacy/internode_ll.o -D__CUDA_NO_HALF_OPERATORS__ -D__CUDA_NO_HALF_CONVERSIONS__ -D__CUDA_NO_BFLOAT16_CONVERSIONS__ -D__CUDA_NO_HALF2_OPERATORS__ --expt-relaxed-constexpr --compiler-options ''"'"'-fPIC'"'"'' -O3 -Xcompiler -O3 --extended-lambda --diag-suppress=128,2417 -rdc=true --ptxas-options=--register-usage-level=10 -DDISABLE_AGGRESSIVE_PTX_INSTRS -DTORCH_API_INCLUDE_EXTENSION_H -DTORCH_EXTENSION_NAME=_C -gencode=arch=compute_90,code=sm_90 -ccbin /usr/local/pace-apps/spack/packages/linux-rhel9-x86_64_v3/gcc-11.3.1/gcc-12.3.0-ukkkutsxfl5kpnnaxflpkq2jtliwthfz/bin/gcc -std=c++17
[7/9] /usr/local/pace-apps/spack/packages/linux-rhel9-x86_64_v3/none-none/cuda-13.0.1-ne4hey4ce57lmd34nixeikyfribdqln3/bin/nvcc -MD -MF /storage/ice1/0/2/sghose7/deepep-build/workspace/DeepEP/build/temp.linux-x86_64-cpython-311/csrc/kernels/legacy/internode.o.d -I/storage/ice1/0/2/sghose7/deepep-build/workspace/DeepEP/deep_ep/include -I/storage/ice1/0/2/sghose7/deepep-build/workspace/DeepEP/third-party/fmt/include -I/usr/local/cuda/include/cccl -I/home/hice1/sghose7/scratch/deepep-build/workspace/nvshmem/include -I/storage/ice1/0/2/sghose7/moe-breakdown-venv/lib/python3.11/site-packages/nvidia/nccl/include -I/storage/ice1/0/2/sghose7/moe-breakdown-venv/lib/python3.11/site-packages/torch/include -I/storage/ice1/0/2/sghose7/moe-breakdown-venv/lib/python3.11/site-packages/torch/include/torch/csrc/api/include -I/usr/local/pace-apps/spack/packages/linux-rhel9-x86_64_v3/none-none/cuda-13.0.1-ne4hey4ce57lmd34nixeikyfribdqln3/include -I/storage/ice1/0/2/sghose7/moe-breakdown-venv/include -I/home/hice1/sghose7/.local/share/uv/python/cpython-3.11.15-linux-x86_64-gnu/include/python3.11 -c -c /storage/ice1/0/2/sghose7/deepep-build/workspace/DeepEP/csrc/kernels/legacy/internode.cu -o /storage/ice1/0/2/sghose7/deepep-build/workspace/DeepEP/build/temp.linux-x86_64-cpython-311/csrc/kernels/legacy/internode.o -D__CUDA_NO_HALF_OPERATORS__ -D__CUDA_NO_HALF_CONVERSIONS__ -D__CUDA_NO_BFLOAT16_CONVERSIONS__ -D__CUDA_NO_HALF2_OPERATORS__ --expt-relaxed-constexpr --compiler-options ''"'"'-fPIC'"'"'' -O3 -Xcompiler -O3 --extended-lambda --diag-suppress=128,2417 -rdc=true --ptxas-options=--register-usage-level=10 -DDISABLE_AGGRESSIVE_PTX_INSTRS -DTORCH_API_INCLUDE_EXTENSION_H -DTORCH_EXTENSION_NAME=_C -gencode=arch=compute_90,code=sm_90 -ccbin /usr/local/pace-apps/spack/packages/linux-rhel9-x86_64_v3/gcc-11.3.1/gcc-12.3.0-ukkkutsxfl5kpnnaxflpkq2jtliwthfz/bin/gcc -std=c++17
[8/9] /usr/local/pace-apps/spack/packages/linux-rhel9-x86_64_v3/gcc-11.3.1/gcc-12.3.0-ukkkutsxfl5kpnnaxflpkq2jtliwthfz/bin/g++ -MMD -MF /storage/ice1/0/2/sghose7/deepep-build/workspace/DeepEP/build/temp.linux-x86_64-cpython-311/csrc/python_api.o.d -Wsign-compare -Wunreachable-code -DNDEBUG -g -fwrapv -O3 -Wall -O3 -fno-omit-frame-pointer -mno-omit-leaf-frame-pointer -fPIC -fPIC -I/storage/ice1/0/2/sghose7/deepep-build/workspace/DeepEP/deep_ep/include -I/storage/ice1/0/2/sghose7/deepep-build/workspace/DeepEP/third-party/fmt/include -I/usr/local/cuda/include/cccl -I/home/hice1/sghose7/scratch/deepep-build/workspace/nvshmem/include -I/storage/ice1/0/2/sghose7/moe-breakdown-venv/lib/python3.11/site-packages/nvidia/nccl/include -I/storage/ice1/0/2/sghose7/moe-breakdown-venv/lib/python3.11/site-packages/torch/include -I/storage/ice1/0/2/sghose7/moe-breakdown-venv/lib/python3.11/site-packages/torch/include/torch/csrc/api/include -I/usr/local/pace-apps/spack/packages/linux-rhel9-x86_64_v3/none-none/cuda-13.0.1-ne4hey4ce57lmd34nixeikyfribdqln3/include -I/storage/ice1/0/2/sghose7/moe-breakdown-venv/include -I/home/hice1/sghose7/.local/share/uv/python/cpython-3.11.15-linux-x86_64-gnu/include/python3.11 -c -c /storage/ice1/0/2/sghose7/deepep-build/workspace/DeepEP/csrc/python_api.cpp -o /storage/ice1/0/2/sghose7/deepep-build/workspace/DeepEP/build/temp.linux-x86_64-cpython-311/csrc/python_api.o -O3 -Wno-deprecated-declarations -Wno-unused-variable -Wno-sign-compare -Wno-reorder -Wno-attributes -DDISABLE_AGGRESSIVE_PTX_INSTRS -DTORCH_API_INCLUDE_EXTENSION_H -DTORCH_EXTENSION_NAME=_C -std=c++17
In file included from /storage/ice1/0/2/sghose7/moe-breakdown-venv/lib/python3.11/site-packages/torch/include/c10/core/SymNodeImpl.h:8,
                 from /storage/ice1/0/2/sghose7/moe-breakdown-venv/lib/python3.11/site-packages/torch/include/c10/core/SymBool.h:5,
                 from /storage/ice1/0/2/sghose7/moe-breakdown-venv/lib/python3.11/site-packages/torch/include/c10/core/Scalar.h:11,
                 from /storage/ice1/0/2/sghose7/moe-breakdown-venv/lib/python3.11/site-packages/torch/include/ATen/core/TensorBody.h:17,
                 from /storage/ice1/0/2/sghose7/moe-breakdown-venv/lib/python3.11/site-packages/torch/include/ATen/core/Tensor.h:4,
                 from /storage/ice1/0/2/sghose7/moe-breakdown-venv/lib/python3.11/site-packages/torch/include/torch/csrc/utils/variadic.h:4,
                 from /storage/ice1/0/2/sghose7/moe-breakdown-venv/lib/python3.11/site-packages/torch/include/torch/csrc/api/include/torch/detail/static.h:4,
                 from /storage/ice1/0/2/sghose7/moe-breakdown-venv/lib/python3.11/site-packages/torch/include/torch/csrc/api/include/torch/python.h:4,
                 from /storage/ice1/0/2/sghose7/deepep-build/workspace/DeepEP/csrc/python_api.cpp:2:
In member function 'void c10::intrusive_ptr<T, NullType>::reset_() [with TTarget = c10::TensorImpl; NullType = c10::UndefinedTensorImpl]',
    inlined from 'c10::intrusive_ptr<T, NullType>::~intrusive_ptr() [with TTarget = c10::TensorImpl; NullType = c10::UndefinedTensorImpl]' at /storage/ice1/0/2/sghose7/moe-breakdown-venv/lib/python3.11/site-packages/torch/include/c10/util/intrusive_ptr.h:532:11,
    inlined from 'at::TensorBase::~TensorBase()' at /storage/ice1/0/2/sghose7/moe-breakdown-venv/lib/python3.11/site-packages/torch/include/ATen/core/TensorBase.h:119:3,
    inlined from 'at::Tensor::~Tensor()' at /storage/ice1/0/2/sghose7/moe-breakdown-venv/lib/python3.11/site-packages/torch/include/ATen/core/TensorBody.h:94:17,
    inlined from 'constexpr void std::_Optional_payload_base<_Tp>::_M_destroy() [with _Tp = at::Tensor]' at /storage/pace-apps/spack/packages/linux-rhel9-x86_64_v3/gcc-11.3.1/gcc-12.3.0-ukkkutsxfl5kpnnaxflpkq2jtliwthfz/bin/../lib/gcc/x86_64-pc-linux-gnu/12.3.0/../../../../include/c++/12.3.0/optional:287:35,
    inlined from 'constexpr void std::_Optional_payload_base<_Tp>::_M_reset() [with _Tp = at::Tensor]' at /storage/pace-apps/spack/packages/linux-rhel9-x86_64_v3/gcc-11.3.1/gcc-12.3.0-ukkkutsxfl5kpnnaxflpkq2jtliwthfz/bin/../lib/gcc/x86_64-pc-linux-gnu/12.3.0/../../../../include/c++/12.3.0/optional:318:14,
    inlined from 'std::_Optional_payload<_Tp, false, _Copy, _Move>::~_Optional_payload() [with _Tp = at::Tensor; bool _Copy = false; bool _Move = false]' at /storage/pace-apps/spack/packages/linux-rhel9-x86_64_v3/gcc-11.3.1/gcc-12.3.0-ukkkutsxfl5kpnnaxflpkq2jtliwthfz/bin/../lib/gcc/x86_64-pc-linux-gnu/12.3.0/../../../../include/c++/12.3.0/optional:439:65,
    inlined from 'std::_Optional_base<at::Tensor, false, false>::~_Optional_base()' at /storage/pace-apps/spack/packages/linux-rhel9-x86_64_v3/gcc-11.3.1/gcc-12.3.0-ukkkutsxfl5kpnnaxflpkq2jtliwthfz/bin/../lib/gcc/x86_64-pc-linux-gnu/12.3.0/../../../../include/c++/12.3.0/optional:510:12,
    inlined from 'std::optional<at::Tensor>::~optional()' at /storage/pace-apps/spack/packages/linux-rhel9-x86_64_v3/gcc-11.3.1/gcc-12.3.0-ukkkutsxfl5kpnnaxflpkq2jtliwthfz/bin/../lib/gcc/x86_64-pc-linux-gnu/12.3.0/../../../../include/c++/12.3.0/optional:705:11,
    inlined from 'std::tuple<at::Tensor, std::optional<at::Tensor>, std::optional<at::Tensor>, std::optional<at::Tensor>, std::vector<int, std::allocator<int> >, at::Tensor, at::Tensor, std::optional<at::Tensor>, at::Tensor, std::optional<at::Tensor>, at::Tensor, std::optional<at::Tensor>, std::optional<at::Tensor>, std::optional<at::Tensor>, std::optional<deep_ep::EventHandle> > deep_ep::legacy::Buffer::internode_dispatch(const at::Tensor&, const std::optional<at::Tensor>&, const std::optional<at::Tensor>&, const std::optional<at::Tensor>&, const std::optional<at::Tensor>&, const std::optional<at::Tensor>&, const at::Tensor&, const std::optional<at::Tensor>&, int, int, const std::optional<at::Tensor>&, const std::optional<at::Tensor>&, const std::optional<at::Tensor>&, const std::optional<at::Tensor>&, int, int, const deep_ep::legacy::Config&, std::optional<deep_ep::EventHandle>&, bool, bool)' at /storage/ice1/0/2/sghose7/deepep-build/workspace/DeepEP/csrc/legacy/buffer.hpp:1246:5:
/storage/ice1/0/2/sghose7/moe-breakdown-venv/lib/python3.11/site-packages/torch/include/c10/util/intrusive_ptr.h:398:22: warning: '*(c10::intrusive_ptr<c10::TensorImpl, c10::UndefinedTensorImpl>*)((char*)&recv_x_scales + offsetof(std::optional<at::Tensor>,std::optional<at::Tensor>::<unnamed>.std::_Optional_base<at::Tensor, false, false>::<unnamed>)).c10::intrusive_ptr<c10::TensorImpl, c10::UndefinedTensorImpl>::target_' may be used uninitialized [-Wmaybe-uninitialized]
  398 |       reset_not_null_(target_);
      |       ~~~~~~~~~~~~~~~^~~~~~~~~
In file included from /storage/ice1/0/2/sghose7/deepep-build/workspace/DeepEP/csrc/python_api.cpp:8:
/storage/ice1/0/2/sghose7/deepep-build/workspace/DeepEP/csrc/legacy/buffer.hpp: In member function 'std::tuple<at::Tensor, std::optional<at::Tensor>, std::optional<at::Tensor>, std::optional<at::Tensor>, std::vector<int, std::allocator<int> >, at::Tensor, at::Tensor, std::optional<at::Tensor>, at::Tensor, std::optional<at::Tensor>, at::Tensor, std::optional<at::Tensor>, std::optional<at::Tensor>, std::optional<at::Tensor>, std::optional<deep_ep::EventHandle> > deep_ep::legacy::Buffer::internode_dispatch(const at::Tensor&, const std::optional<at::Tensor>&, const std::optional<at::Tensor>&, const std::optional<at::Tensor>&, const std::optional<at::Tensor>&, const std::optional<at::Tensor>&, const at::Tensor&, const std::optional<at::Tensor>&, int, int, const std::optional<at::Tensor>&, const std::optional<at::Tensor>&, const std::optional<at::Tensor>&, const std::optional<at::Tensor>&, int, int, const deep_ep::legacy::Config&, std::optional<deep_ep::EventHandle>&, bool, bool)':
/storage/ice1/0/2/sghose7/deepep-build/workspace/DeepEP/csrc/legacy/buffer.hpp:1114:14: note: '*(c10::intrusive_ptr<c10::TensorImpl, c10::UndefinedTensorImpl>*)((char*)&recv_x_scales + offsetof(std::optional<at::Tensor>,std::optional<at::Tensor>::<unnamed>.std::_Optional_base<at::Tensor, false, false>::<unnamed>)).c10::intrusive_ptr<c10::TensorImpl, c10::UndefinedTensorImpl>::target_' was declared here
 1114 |              recv_x_scales = std::optional<torch::Tensor>();
      |              ^~~~~~~~~~~~~
In member function 'void c10::intrusive_ptr<T, NullType>::reset_() [with TTarget = c10::TensorImpl; NullType = c10::UndefinedTensorImpl]',
    inlined from 'c10::intrusive_ptr<T, NullType>::~intrusive_ptr() [with TTarget = c10::TensorImpl; NullType = c10::UndefinedTensorImpl]' at /storage/ice1/0/2/sghose7/moe-breakdown-venv/lib/python3.11/site-packages/torch/include/c10/util/intrusive_ptr.h:532:11,
    inlined from 'at::TensorBase::~TensorBase()' at /storage/ice1/0/2/sghose7/moe-breakdown-venv/lib/python3.11/site-packages/torch/include/ATen/core/TensorBase.h:119:3,
    inlined from 'at::Tensor::~Tensor()' at /storage/ice1/0/2/sghose7/moe-breakdown-venv/lib/python3.11/site-packages/torch/include/ATen/core/TensorBody.h:94:17,
    inlined from 'constexpr void std::_Optional_payload_base<_Tp>::_M_destroy() [with _Tp = at::Tensor]' at /storage/pace-apps/spack/packages/linux-rhel9-x86_64_v3/gcc-11.3.1/gcc-12.3.0-ukkkutsxfl5kpnnaxflpkq2jtliwthfz/bin/../lib/gcc/x86_64-pc-linux-gnu/12.3.0/../../../../include/c++/12.3.0/optional:287:35,
    inlined from 'constexpr void std::_Optional_payload_base<_Tp>::_M_reset() [with _Tp = at::Tensor]' at /storage/pace-apps/spack/packages/linux-rhel9-x86_64_v3/gcc-11.3.1/gcc-12.3.0-ukkkutsxfl5kpnnaxflpkq2jtliwthfz/bin/../lib/gcc/x86_64-pc-linux-gnu/12.3.0/../../../../include/c++/12.3.0/optional:318:14,
    inlined from 'std::_Optional_payload<_Tp, false, _Copy, _Move>::~_Optional_payload() [with _Tp = at::Tensor; bool _Copy = false; bool _Move = false]' at /storage/pace-apps/spack/packages/linux-rhel9-x86_64_v3/gcc-11.3.1/gcc-12.3.0-ukkkutsxfl5kpnnaxflpkq2jtliwthfz/bin/../lib/gcc/x86_64-pc-linux-gnu/12.3.0/../../../../include/c++/12.3.0/optional:439:65,
    inlined from 'std::_Optional_base<at::Tensor, false, false>::~_Optional_base()' at /storage/pace-apps/spack/packages/linux-rhel9-x86_64_v3/gcc-11.3.1/gcc-12.3.0-ukkkutsxfl5kpnnaxflpkq2jtliwthfz/bin/../lib/gcc/x86_64-pc-linux-gnu/12.3.0/../../../../include/c++/12.3.0/optional:510:12,
    inlined from 'std::optional<at::Tensor>::~optional()' at /storage/pace-apps/spack/packages/linux-rhel9-x86_64_v3/gcc-11.3.1/gcc-12.3.0-ukkkutsxfl5kpnnaxflpkq2jtliwthfz/bin/../lib/gcc/x86_64-pc-linux-gnu/12.3.0/../../../../include/c++/12.3.0/optional:705:11,
    inlined from 'std::tuple<at::Tensor, std::optional<at::Tensor>, std::optional<at::Tensor>, std::optional<at::Tensor>, std::vector<int, std::allocator<int> >, at::Tensor, at::Tensor, std::optional<at::Tensor>, at::Tensor, std::optional<at::Tensor>, at::Tensor, std::optional<at::Tensor>, std::optional<at::Tensor>, std::optional<at::Tensor>, std::optional<deep_ep::EventHandle> > deep_ep::legacy::Buffer::internode_dispatch(const at::Tensor&, const std::optional<at::Tensor>&, const std::optional<at::Tensor>&, const std::optional<at::Tensor>&, const std::optional<at::Tensor>&, const std::optional<at::Tensor>&, const at::Tensor&, const std::optional<at::Tensor>&, int, int, const std::optional<at::Tensor>&, const std::optional<at::Tensor>&, const std::optional<at::Tensor>&, const std::optional<at::Tensor>&, int, int, const deep_ep::legacy::Config&, std::optional<deep_ep::EventHandle>&, bool, bool)' at /storage/ice1/0/2/sghose7/deepep-build/workspace/DeepEP/csrc/legacy/buffer.hpp:1246:5:
/storage/ice1/0/2/sghose7/moe-breakdown-venv/lib/python3.11/site-packages/torch/include/c10/util/intrusive_ptr.h:398:22: warning: '*(c10::intrusive_ptr<c10::TensorImpl, c10::UndefinedTensorImpl>*)((char*)&recv_src_meta + offsetof(std::optional<at::Tensor>,std::optional<at::Tensor>::<unnamed>.std::_Optional_base<at::Tensor, false, false>::<unnamed>)).c10::intrusive_ptr<c10::TensorImpl, c10::UndefinedTensorImpl>::target_' may be used uninitialized [-Wmaybe-uninitialized]
  398 |       reset_not_null_(target_);
      |       ~~~~~~~~~~~~~~~^~~~~~~~~
/storage/ice1/0/2/sghose7/deepep-build/workspace/DeepEP/csrc/legacy/buffer.hpp: In member function 'std::tuple<at::Tensor, std::optional<at::Tensor>, std::optional<at::Tensor>, std::optional<at::Tensor>, std::vector<int, std::allocator<int> >, at::Tensor, at::Tensor, std::optional<at::Tensor>, at::Tensor, std::optional<at::Tensor>, at::Tensor, std::optional<at::Tensor>, std::optional<at::Tensor>, std::optional<at::Tensor>, std::optional<deep_ep::EventHandle> > deep_ep::legacy::Buffer::internode_dispatch(const at::Tensor&, const std::optional<at::Tensor>&, const std::optional<at::Tensor>&, const std::optional<at::Tensor>&, const std::optional<at::Tensor>&, const std::optional<at::Tensor>&, const at::Tensor&, const std::optional<at::Tensor>&, int, int, const std::optional<at::Tensor>&, const std::optional<at::Tensor>&, const std::optional<at::Tensor>&, const std::optional<at::Tensor>&, int, int, const deep_ep::legacy::Config&, std::optional<deep_ep::EventHandle>&, bool, bool)':
/storage/ice1/0/2/sghose7/deepep-build/workspace/DeepEP/csrc/legacy/buffer.hpp:1115:14: note: '*(c10::intrusive_ptr<c10::TensorImpl, c10::UndefinedTensorImpl>*)((char*)&recv_src_meta + offsetof(std::optional<at::Tensor>,std::optional<at::Tensor>::<unnamed>.std::_Optional_base<at::Tensor, false, false>::<unnamed>)).c10::intrusive_ptr<c10::TensorImpl, c10::UndefinedTensorImpl>::target_' was declared here
 1115 |         auto recv_src_meta = std::optional<torch::Tensor>();
      |              ^~~~~~~~~~~~~
In member function 'void c10::intrusive_ptr<T, NullType>::reset_() [with TTarget = c10::TensorImpl; NullType = c10::UndefinedTensorImpl]',
    inlined from 'c10::intrusive_ptr<T, NullType>::~intrusive_ptr() [with TTarget = c10::TensorImpl; NullType = c10::UndefinedTensorImpl]' at /storage/ice1/0/2/sghose7/moe-breakdown-venv/lib/python3.11/site-packages/torch/include/c10/util/intrusive_ptr.h:532:11,
    inlined from 'at::TensorBase::~TensorBase()' at /storage/ice1/0/2/sghose7/moe-breakdown-venv/lib/python3.11/site-packages/torch/include/ATen/core/TensorBase.h:119:3,
    inlined from 'at::Tensor::~Tensor()' at /storage/ice1/0/2/sghose7/moe-breakdown-venv/lib/python3.11/site-packages/torch/include/ATen/core/TensorBody.h:94:17,
    inlined from 'constexpr void std::_Optional_payload_base<_Tp>::_M_destroy() [with _Tp = at::Tensor]' at /storage/pace-apps/spack/packages/linux-rhel9-x86_64_v3/gcc-11.3.1/gcc-12.3.0-ukkkutsxfl5kpnnaxflpkq2jtliwthfz/bin/../lib/gcc/x86_64-pc-linux-gnu/12.3.0/../../../../include/c++/12.3.0/optional:287:35,
    inlined from 'constexpr void std::_Optional_payload_base<_Tp>::_M_reset() [with _Tp = at::Tensor]' at /storage/pace-apps/spack/packages/linux-rhel9-x86_64_v3/gcc-11.3.1/gcc-12.3.0-ukkkutsxfl5kpnnaxflpkq2jtliwthfz/bin/../lib/gcc/x86_64-pc-linux-gnu/12.3.0/../../../../include/c++/12.3.0/optional:318:14,
    inlined from 'std::_Optional_payload<_Tp, false, _Copy, _Move>::~_Optional_payload() [with _Tp = at::Tensor; bool _Copy = false; bool _Move = false]' at /storage/pace-apps/spack/packages/linux-rhel9-x86_64_v3/gcc-11.3.1/gcc-12.3.0-ukkkutsxfl5kpnnaxflpkq2jtliwthfz/bin/../lib/gcc/x86_64-pc-linux-gnu/12.3.0/../../../../include/c++/12.3.0/optional:439:65,
    inlined from 'std::_Optional_base<at::Tensor, false, false>::~_Optional_base()' at /storage/pace-apps/spack/packages/linux-rhel9-x86_64_v3/gcc-11.3.1/gcc-12.3.0-ukkkutsxfl5kpnnaxflpkq2jtliwthfz/bin/../lib/gcc/x86_64-pc-linux-gnu/12.3.0/../../../../include/c++/12.3.0/optional:510:12,
    inlined from 'std::optional<at::Tensor>::~optional()' at /storage/pace-apps/spack/packages/linux-rhel9-x86_64_v3/gcc-11.3.1/gcc-12.3.0-ukkkutsxfl5kpnnaxflpkq2jtliwthfz/bin/../lib/gcc/x86_64-pc-linux-gnu/12.3.0/../../../../include/c++/12.3.0/optional:705:11,
    inlined from 'std::tuple<at::Tensor, std::optional<at::Tensor>, std::optional<at::Tensor>, std::optional<at::Tensor>, std::optional<at::Tensor>, std::vector<int, std::allocator<int> >, at::Tensor, at::Tensor, at::Tensor, at::Tensor, std::optional<at::Tensor>, std::optional<at::Tensor>, std::optional<deep_ep::EventHandle> > deep_ep::elastic::ElasticBuffer::dispatch(const at::Tensor&, const std::optional<at::Tensor>&, const at::Tensor&, const std::optional<at::Tensor>&, const std::optional<at::Tensor>&, const std::optional<int>&, const std::optional<std::vector<int> >&, const std::optional<at::Tensor>&, const std::optional<at::Tensor>&, const std::optional<at::Tensor>&, const std::optional<at::Tensor>&, const std::optional<at::Tensor>&, const int&, const int&, const int&, const int&, const int&, const std::optional<deep_ep::EventHandle>&, const std::optional<deep_ep::EventHandle>&, const bool&, const bool&, const bool&, const bool&, const bool&, const bool&) const' at /storage/ice1/0/2/sghose7/deepep-build/workspace/DeepEP/csrc/elastic/buffer.hpp:1140:5:
/storage/ice1/0/2/sghose7/moe-breakdown-venv/lib/python3.11/site-packages/torch/include/c10/util/intrusive_ptr.h:398:22: warning: '*(c10::intrusive_ptr<c10::TensorImpl, c10::UndefinedTensorImpl>*)((char*)&recv_sf + offsetof(std::optional<at::Tensor>,std::optional<at::Tensor>::<unnamed>.std::_Optional_base<at::Tensor, false, false>::<unnamed>)).c10::intrusive_ptr<c10::TensorImpl, c10::UndefinedTensorImpl>::target_' may be used uninitialized [-Wmaybe-uninitialized]
  398 |       reset_not_null_(target_);
      |       ~~~~~~~~~~~~~~~^~~~~~~~~
In file included from /storage/ice1/0/2/sghose7/deepep-build/workspace/DeepEP/csrc/python_api.cpp:7:
/storage/ice1/0/2/sghose7/deepep-build/workspace/DeepEP/csrc/elastic/buffer.hpp: In member function 'std::tuple<at::Tensor, std::optional<at::Tensor>, std::optional<at::Tensor>, std::optional<at::Tensor>, std::optional<at::Tensor>, std::vector<int, std::allocator<int> >, at::Tensor, at::Tensor, at::Tensor, at::Tensor, std::optional<at::Tensor>, std::optional<at::Tensor>, std::optional<deep_ep::EventHandle> > deep_ep::elastic::ElasticBuffer::dispatch(const at::Tensor&, const std::optional<at::Tensor>&, const at::Tensor&, const std::optional<at::Tensor>&, const std::optional<at::Tensor>&, const std::optional<int>&, const std::optional<std::vector<int> >&, const std::optional<at::Tensor>&, const std::optional<at::Tensor>&, const std::optional<at::Tensor>&, const std::optional<at::Tensor>&, const std::optional<at::Tensor>&, const int&, const int&, const int&, const int&, const int&, const std::optional<deep_ep::EventHandle>&, const std::optional<deep_ep::EventHandle>&, const bool&, const bool&, const bool&, const bool&, const bool&, const bool&) const':
/storage/ice1/0/2/sghose7/deepep-build/workspace/DeepEP/csrc/elastic/buffer.hpp:1046:14: note: '*(c10::intrusive_ptr<c10::TensorImpl, c10::UndefinedTensorImpl>*)((char*)&recv_sf + offsetof(std::optional<at::Tensor>,std::optional<at::Tensor>::<unnamed>.std::_Optional_base<at::Tensor, false, false>::<unnamed>)).c10::intrusive_ptr<c10::TensorImpl, c10::UndefinedTensorImpl>::target_' was declared here
 1046 |         auto recv_sf = std::optional<torch::Tensor>();
      |              ^~~~~~~
In member function 'void c10::intrusive_ptr<T, NullType>::reset_() [with TTarget = c10::TensorImpl; NullType = c10::UndefinedTensorImpl]',
    inlined from 'c10::intrusive_ptr<T, NullType>::~intrusive_ptr() [with TTarget = c10::TensorImpl; NullType = c10::UndefinedTensorImpl]' at /storage/ice1/0/2/sghose7/moe-breakdown-venv/lib/python3.11/site-packages/torch/include/c10/util/intrusive_ptr.h:532:11,
    inlined from 'at::TensorBase::~TensorBase()' at /storage/ice1/0/2/sghose7/moe-breakdown-venv/lib/python3.11/site-packages/torch/include/ATen/core/TensorBase.h:119:3,
    inlined from 'at::Tensor::~Tensor()' at /storage/ice1/0/2/sghose7/moe-breakdown-venv/lib/python3.11/site-packages/torch/include/ATen/core/TensorBody.h:94:17,
    inlined from 'constexpr void std::_Optional_payload_base<_Tp>::_M_destroy() [with _Tp = at::Tensor]' at /storage/pace-apps/spack/packages/linux-rhel9-x86_64_v3/gcc-11.3.1/gcc-12.3.0-ukkkutsxfl5kpnnaxflpkq2jtliwthfz/bin/../lib/gcc/x86_64-pc-linux-gnu/12.3.0/../../../../include/c++/12.3.0/optional:287:35,
    inlined from 'constexpr void std::_Optional_payload_base<_Tp>::_M_reset() [with _Tp = at::Tensor]' at /storage/pace-apps/spack/packages/linux-rhel9-x86_64_v3/gcc-11.3.1/gcc-12.3.0-ukkkutsxfl5kpnnaxflpkq2jtliwthfz/bin/../lib/gcc/x86_64-pc-linux-gnu/12.3.0/../../../../include/c++/12.3.0/optional:318:14,
    inlined from 'std::_Optional_payload<_Tp, false, _Copy, _Move>::~_Optional_payload() [with _Tp = at::Tensor; bool _Copy = false; bool _Move = false]' at /storage/pace-apps/spack/packages/linux-rhel9-x86_64_v3/gcc-11.3.1/gcc-12.3.0-ukkkutsxfl5kpnnaxflpkq2jtliwthfz/bin/../lib/gcc/x86_64-pc-linux-gnu/12.3.0/../../../../include/c++/12.3.0/optional:439:65,
    inlined from 'std::_Optional_base<at::Tensor, false, false>::~_Optional_base()' at /storage/pace-apps/spack/packages/linux-rhel9-x86_64_v3/gcc-11.3.1/gcc-12.3.0-ukkkutsxfl5kpnnaxflpkq2jtliwthfz/bin/../lib/gcc/x86_64-pc-linux-gnu/12.3.0/../../../../include/c++/12.3.0/optional:510:12,
    inlined from 'std::optional<at::Tensor>::~optional()' at /storage/pace-apps/spack/packages/linux-rhel9-x86_64_v3/gcc-11.3.1/gcc-12.3.0-ukkkutsxfl5kpnnaxflpkq2jtliwthfz/bin/../lib/gcc/x86_64-pc-linux-gnu/12.3.0/../../../../include/c++/12.3.0/optional:705:11,
    inlined from 'std::tuple<at::Tensor, std::optional<at::Tensor>, std::optional<at::Tensor>, std::optional<at::Tensor>, std::vector<int, std::allocator<int> >, at::Tensor, at::Tensor, at::Tensor, at::Tensor, at::Tensor, std::optional<deep_ep::EventHandle> > deep_ep::legacy::Buffer::intranode_dispatch(const at::Tensor&, const std::optional<at::Tensor>&, const std::optional<at::Tensor>&, const std::optional<at::Tensor>&, const std::optional<at::Tensor>&, const at::Tensor&, const std::optional<at::Tensor>&, int, const std::optional<at::Tensor>&, const std::optional<at::Tensor>&, int, int, const deep_ep::legacy::Config&, std::optional<deep_ep::EventHandle>&, bool, bool)' at /storage/ice1/0/2/sghose7/deepep-build/workspace/DeepEP/csrc/legacy/buffer.hpp:717:5:
/storage/ice1/0/2/sghose7/moe-breakdown-venv/lib/python3.11/site-packages/torch/include/c10/util/intrusive_ptr.h:398:22: warning: '*(c10::intrusive_ptr<c10::TensorImpl, c10::UndefinedTensorImpl>*)((char*)&recv_x_scales + offsetof(std::optional<at::Tensor>,std::optional<at::Tensor>::<unnamed>.std::_Optional_base<at::Tensor, false, false>::<unnamed>)).c10::intrusive_ptr<c10::TensorImpl, c10::UndefinedTensorImpl>::target_' may be used uninitialized [-Wmaybe-uninitialized]
  398 |       reset_not_null_(target_);
      |       ~~~~~~~~~~~~~~~^~~~~~~~~
/storage/ice1/0/2/sghose7/deepep-build/workspace/DeepEP/csrc/legacy/buffer.hpp: In member function 'std::tuple<at::Tensor, std::optional<at::Tensor>, std::optional<at::Tensor>, std::optional<at::Tensor>, std::vector<int, std::allocator<int> >, at::Tensor, at::Tensor, at::Tensor, at::Tensor, at::Tensor, std::optional<deep_ep::EventHandle> > deep_ep::legacy::Buffer::intranode_dispatch(const at::Tensor&, const std::optional<at::Tensor>&, const std::optional<at::Tensor>&, const std::optional<at::Tensor>&, const std::optional<at::Tensor>&, const at::Tensor&, const std::optional<at::Tensor>&, int, const std::optional<at::Tensor>&, const std::optional<at::Tensor>&, int, int, const deep_ep::legacy::Config&, std::optional<deep_ep::EventHandle>&, bool, bool)':
/storage/ice1/0/2/sghose7/deepep-build/workspace/DeepEP/csrc/legacy/buffer.hpp:606:14: note: '*(c10::intrusive_ptr<c10::TensorImpl, c10::UndefinedTensorImpl>*)((char*)&recv_x_scales + offsetof(std::optional<at::Tensor>,std::optional<at::Tensor>::<unnamed>.std::_Optional_base<at::Tensor, false, false>::<unnamed>)).c10::intrusive_ptr<c10::TensorImpl, c10::UndefinedTensorImpl>::target_' was declared here
  606 |              recv_x_scales = std::optional<torch::Tensor>();
      |              ^~~~~~~~~~~~~
[9/9] /usr/local/pace-apps/spack/packages/linux-rhel9-x86_64_v3/none-none/cuda-13.0.1-ne4hey4ce57lmd34nixeikyfribdqln3/bin/nvcc /storage/ice1/0/2/sghose7/deepep-build/workspace/DeepEP/build/temp.linux-x86_64-cpython-311/csrc/kernels/backend/cuda_driver.o /storage/ice1/0/2/sghose7/deepep-build/workspace/DeepEP/build/temp.linux-x86_64-cpython-311/csrc/kernels/backend/nccl.o /storage/ice1/0/2/sghose7/deepep-build/workspace/DeepEP/build/temp.linux-x86_64-cpython-311/csrc/kernels/backend/nvshmem.o /storage/ice1/0/2/sghose7/deepep-build/workspace/DeepEP/build/temp.linux-x86_64-cpython-311/csrc/kernels/legacy/internode.o /storage/ice1/0/2/sghose7/deepep-build/workspace/DeepEP/build/temp.linux-x86_64-cpython-311/csrc/kernels/legacy/internode_ll.o /storage/ice1/0/2/sghose7/deepep-build/workspace/DeepEP/build/temp.linux-x86_64-cpython-311/csrc/kernels/legacy/intranode.o /storage/ice1/0/2/sghose7/deepep-build/workspace/DeepEP/build/temp.linux-x86_64-cpython-311/csrc/kernels/legacy/layout.o /storage/ice1/0/2/sghose7/deepep-build/workspace/DeepEP/build/temp.linux-x86_64-cpython-311/csrc/python_api.o -o /storage/ice1/0/2/sghose7/deepep-build/workspace/DeepEP/build/temp.linux-x86_64-cpython-311/csrc/kernels/backend/dlink.o -D__CUDA_NO_HALF_OPERATORS__ -D__CUDA_NO_HALF_CONVERSIONS__ -D__CUDA_NO_BFLOAT16_CONVERSIONS__ -D__CUDA_NO_HALF2_OPERATORS__ --expt-relaxed-constexpr --compiler-options ''"'"'-fPIC'"'"'' -dlink -L/home/hice1/sghose7/scratch/deepep-build/workspace/nvshmem/lib -lnvshmem_device -DTORCH_API_INCLUDE_EXTENSION_H -DTORCH_EXTENSION_NAME=_C -gencode=arch=compute_90,code=sm_90 -ccbin /usr/local/pace-apps/spack/packages/linux-rhel9-x86_64_v3/gcc-11.3.1/gcc-12.3.0-ukkkutsxfl5kpnnaxflpkq2jtliwthfz/bin/gcc
/usr/local/pace-apps/spack/packages/linux-rhel9-x86_64_v3/gcc-11.3.1/gcc-12.3.0-ukkkutsxfl5kpnnaxflpkq2jtliwthfz/bin/g++ -Wsign-compare -Wunreachable-code -DNDEBUG -g -fwrapv -O3 -Wall -O3 -fno-omit-frame-pointer -mno-omit-leaf-frame-pointer -fPIC -pthread -shared /storage/ice1/0/2/sghose7/deepep-build/workspace/DeepEP/build/temp.linux-x86_64-cpython-311/csrc/kernels/backend/cuda_driver.o /storage/ice1/0/2/sghose7/deepep-build/workspace/DeepEP/build/temp.linux-x86_64-cpython-311/csrc/kernels/backend/nccl.o /storage/ice1/0/2/sghose7/deepep-build/workspace/DeepEP/build/temp.linux-x86_64-cpython-311/csrc/kernels/backend/nvshmem.o /storage/ice1/0/2/sghose7/deepep-build/workspace/DeepEP/build/temp.linux-x86_64-cpython-311/csrc/kernels/legacy/internode.o /storage/ice1/0/2/sghose7/deepep-build/workspace/DeepEP/build/temp.linux-x86_64-cpython-311/csrc/kernels/legacy/internode_ll.o /storage/ice1/0/2/sghose7/deepep-build/workspace/DeepEP/build/temp.linux-x86_64-cpython-311/csrc/kernels/legacy/intranode.o /storage/ice1/0/2/sghose7/deepep-build/workspace/DeepEP/build/temp.linux-x86_64-cpython-311/csrc/kernels/legacy/layout.o /storage/ice1/0/2/sghose7/deepep-build/workspace/DeepEP/build/temp.linux-x86_64-cpython-311/csrc/python_api.o /storage/ice1/0/2/sghose7/deepep-build/workspace/DeepEP/build/temp.linux-x86_64-cpython-311/csrc/kernels/backend/dlink.o -L/home/hice1/sghose7/scratch/deepep-build/workspace/nvshmem/lib -L/storage/ice1/0/2/sghose7/moe-breakdown-venv/lib/python3.11/site-packages/torch/lib -L/usr/local/pace-apps/spack/packages/linux-rhel9-x86_64_v3/none-none/cuda-13.0.1-ne4hey4ce57lmd34nixeikyfribdqln3/lib64 -L/home/hice1/sghose7/.local/share/uv/python/cpython-3.11.15-linux-x86_64-gnu/lib -lc10 -ltorch -ltorch_cpu -ltorch_python -lcudart -lc10_cuda -ltorch_cuda -o build/lib.linux-x86_64-cpython-311/deep_ep/_C.cpython-311-x86_64-linux-gnu.so -lcuda -l:libnvshmem_host.so -l:libnvshmem_device.a -Wl,-rpath,/home/hice1/sghose7/scratch/deepep-build/workspace/nvshmem/lib -l:libnccl.so.2 -Wl,-rpath,/storage/ice1/0/2/sghose7/moe-breakdown-venv/lib/python3.11/site-packages/nvidia/nccl/lib
---------------------------------------
Begin Slurm Epilog: Jun-24-2026 23:07:40
Job ID:        5430377
User ID:       sghose7
Account:       coc
Job name:      build-deepep
Resources:     cpu=8,mem=32G,node=1
Rsrc Used:     cput=00:13:52,vmem=0,walltime=00:01:44,mem=5543792K,energy_used=0
Partition:     coc-cpu
QOS:           coc-ice
Nodes:         atl1-1-03-004-5-2
---------------------------------------
