Lmod Warning:
-------------------------------------------------------------------------------
The following dependent module(s) are not currently loaded: gcc-runtime/12.3.0
(required by: bzip2/1.0.8-izsl3tw, libmd/1.0.4-pqo4msa, libbsd/0.12.2-ux763ge,
expat/2.6.3-tw2lzkp, ncurses/6.5-56qvrzz, readline/8.2-3oy3hor,
gdbm/1.23-ltbqylw, libiconv/1.17, pigz/2.8-lyvikup, zstd/1.5.6-2heeec4,
tar/1.34, gettext/0.22.5-4y76s5s, libffi/3.4.6-r5owf5y, libxcrypt/4.4.35,
sqlite/3.46.0-tslxtik, util-linux-uuid/2.40.2-mvti2ob, python/3.11.9),
glibc/2.34-mjdysad (required by: bzip2/1.0.8-izsl3tw, libmd/1.0.4-pqo4msa,
libbsd/0.12.2-ux763ge, expat/2.6.3-tw2lzkp, ncurses/6.5-56qvrzz,
readline/8.2-3oy3hor, gdbm/1.23-ltbqylw, libiconv/1.17, pigz/2.8-lyvikup,
zstd/1.5.6-2heeec4, tar/1.34, gettext/0.22.5-4y76s5s, libffi/3.4.6-r5owf5y,
libxcrypt/4.4.35, sqlite/3.46.0-tslxtik, util-linux-uuid/2.40.2-mvti2ob,
python/3.11.9), libxml2/2.10.3 (required by: gettext/0.22.5-4y76s5s),
xz/5.4.6-dobjhce (required by: tar/1.34, gettext/0.22.5-4y76s5s,
python/3.11.9), zlib-ng/2.2.1-qb3tqo5 (required by: pigz/2.8-lyvikup,
sqlite/3.46.0-tslxtik, python/3.11.9)
-------------------------------------------------------------------------------



Using Python 3.11.15 environment at: /storage/ice1/0/2/sghose7/moe-breakdown-venv
Checked 1 package in 137ms
Traceback (most recent call last):
  File "<string>", line 1, in <module>
  File "<frozen posixpath>", line 152, in dirname
TypeError: expected str, bytes or os.PathLike object, not NoneType
