---------------------------------------
Begin Slurm Prolog: Jun-24-2026 23:10:56
Job ID:    5430399
User ID:   sghose7
Account:   coc
Job name:  build-deepep
Partition: coc-cpu
QOS:       coc-ice
---------------------------------------
[build-deepep] DEEPEP_SRC=/home/hice1/sghose7/scratch/deepep-build/workspace/DeepEP
[build-deepep] WHEEL_OUT=/home/hice1/sghose7/scratch/deepep-build/workspace/dist
[build-deepep] nvcc: Cuda compilation tools, release 13.0, V13.0.88
[build-deepep] CUDA_HOME=/usr/local/pace-apps/spack/packages/linux-rhel9-x86_64_v3/none-none/cuda-13.0.1-ne4hey4ce57lmd34nixeikyfribdqln3
[build-deepep] upgrading nvidia-nccl-cu13 to >=2.30.4
---------------------------------------
Begin Slurm Epilog: Jun-24-2026 23:10:58
Job ID:        5430399
User ID:       sghose7
Account:       coc
Job name:      build-deepep
Resources:     cpu=8,mem=32G,node=1
Rsrc Used:     cput=00:00:16,vmem=0,walltime=00:00:02,mem=53356K,energy_used=0
Partition:     coc-cpu
QOS:           coc-ice
Nodes:         atl1-1-03-003-16-2
---------------------------------------
