Lmod Warning:
-------------------------------------------------------------------------------
The following dependent module(s) are not currently loaded: gcc-runtime/12.3.0
(required by: bzip2/1.0.8-izsl3tw, libmd/1.0.4-pqo4msa, libbsd/0.12.2-ux763ge,
expat/2.6.3-tw2lzkp, ncurses/6.5-56qvrzz, readline/8.2-3oy3hor,
gdbm/1.23-ltbqylw, libiconv/1.17, pigz/2.8-lyvikup, zstd/1.5.6-2heeec4,
tar/1.34, gettext/0.22.5-4y76s5s, libffi/3.4.6-r5owf5y, libxcrypt/4.4.35,
sqlite/3.46.0-tslxtik, util-linux-uuid/2.40.2-mvti2ob, python/3.11.9),
glibc/2.34-mjdysad (required by: bzip2/1.0.8-izsl3tw, libmd/1.0.4-pqo4msa,
libbsd/0.12.2-ux763ge, expat/2.6.3-tw2lzkp, ncurses/6.5-56qvrzz,
readline/8.2-3oy3hor, gdbm/1.23-ltbqylw, libiconv/1.17, pigz/2.8-lyvikup,
zstd/1.5.6-2heeec4, tar/1.34, gettext/0.22.5-4y76s5s, libffi/3.4.6-r5owf5y,
libxcrypt/4.4.35, sqlite/3.46.0-tslxtik, util-linux-uuid/2.40.2-mvti2ob,
python/3.11.9), libxml2/2.10.3 (required by: gettext/0.22.5-4y76s5s),
xz/5.4.6-dobjhce (required by: tar/1.34, gettext/0.22.5-4y76s5s,
python/3.11.9), zlib-ng/2.2.1-qb3tqo5 (required by: pigz/2.8-lyvikup,
sqlite/3.46.0-tslxtik, python/3.11.9)
-------------------------------------------------------------------------------



Using Python 3.11.15 environment at: /storage/ice1/0/2/sghose7/moe-breakdown-venv
Resolved 1 package in 215ms
Downloading nvidia-nccl-cu13 (206.0MiB)
 Downloaded nvidia-nccl-cu13
Prepared 1 package in 3.07s
Uninstalled 1 package in 34ms
warning: Failed to hardlink files; falling back to full copy. This may lead to degraded performance.
         If the cache and target directories are on different filesystems, hardlinking may not be supported.
         If this is intentional, set `export UV_LINK_MODE=copy` or use `--link-mode=copy` to suppress this warning.
Installed 1 package in 1.47s
 - nvidia-nccl-cu13==2.28.9
 + nvidia-nccl-cu13==2.30.7
W0624 23:06:11.885000 877800 torch/utils/cpp_extension.py:140] No CUDA runtime is found, using CUDA_HOME='/usr/local/pace-apps/spack/packages/linux-rhel9-x86_64_v3/none-none/cuda-13.0.1-ne4hey4ce57lmd34nixeikyfribdqln3'
/usr/bin/ld: cannot find -lcuda
/usr/bin/ld: cannot find -l:libnccl.so.2
collect2: error: ld returned 1 exit status
error: command '/usr/local/pace-apps/spack/packages/linux-rhel9-x86_64_v3/gcc-11.3.1/gcc-12.3.0-ukkkutsxfl5kpnnaxflpkq2jtliwthfz/bin/g++' failed with exit code 1
