---------------------------------------
Begin Slurm Prolog: Aug-10-2026 16:08:38
Job ID:    5575242
User ID:   sghose7
Account:   coc
Job name:  bias-exp4-exp1-concentration-dbrx
Partition: ice-gpu
QOS:       coc-ice
---------------------------------------
[slurm] WORKDIR=/home/hice1/sghose7/scratch/moe-breakdown
[slurm] ROOT_DIR=/home/hice1/sghose7/scratch/moe-breakdown/moe-expt-bias/expt-bias-1
[slurm] SCRIPT=scripts/run_experiment4_ablation.py
[slurm] STUDY_CONFIG=/storage/ice1/0/2/sghose7/moe-breakdown/moe-expt-bias/expt-bias-1/configs/study.dbrx.concentration.yaml
[slurm] OUT_DIR=/storage/ice1/0/2/sghose7/moe-breakdown-bias-runs/expt-bias-1/exp1-concentration-dbrx/experiment4
[slurm] EXTRA_ARGS=--result-dir /home/hice1/sghose7/scratch/moe-breakdown-bias-runs/expt-bias-1/exp1-concentration-dbrx --max-pairs 60
[slurm] GPUs visible: 4
---------------------------------------
Begin Slurm Epilog: Aug-10-2026 16:17:27
Job ID:        5575242
User ID:       sghose7
Account:       coc
Job name:      bias-exp4-exp1-concentration-dbrx
Resources:     cpu=16,gres/gpu:h100=4,mem=200G,node=1
Rsrc Used:     cput=02:21:52,vmem=0,walltime=00:08:52,mem=209681660K,energy_used=0
Partition:     ice-gpu
QOS:           coc-ice
Nodes:         atl1-1-03-012-23-0
---------------------------------------
