Using CPython 3.11.15
Creating virtual environment at: /home/hice1/sghose7/scratch/moe-bias-shapley-venv
Activate with: source /home/hice1/sghose7/scratch/moe-bias-shapley-venv/bin/activate
Using Python 3.11.15 environment at: /home/hice1/sghose7/scratch/moe-bias-shapley-venv
Resolved 4 packages in 236ms
Downloading pip (1.7MiB)
 Downloaded pip
Prepared 4 packages in 129ms
warning: Failed to hardlink files; falling back to full copy. This may lead to degraded performance.
         If the cache and target directories are on different filesystems, hardlinking may not be supported.
         If this is intentional, set `export UV_LINK_MODE=copy` or use `--link-mode=copy` to suppress this warning.
Installed 4 packages in 5.61s
 + packaging==26.2
 + pip==26.1.2
 + setuptools==83.0.0
 + wheel==0.47.0
Using Python 3.11.15 environment at: /home/hice1/sghose7/scratch/moe-bias-shapley-venv
Resolved 4 packages in 237ms
   Building moe-bias-shapley @ file:///storage/ice1/0/2/sghose7/moe-breakdown/moe-expt-bias/expt-bias-1
Downloading scipy (33.7MiB)
Downloading numpy (16.1MiB)
 Downloaded numpy
 Downloaded scipy
      Built moe-bias-shapley @ file:///storage/ice1/0/2/sghose7/moe-breakdown/moe-expt-bias/expt-bias-1
Prepared 4 packages in 920ms
warning: Failed to hardlink files; falling back to full copy. This may lead to degraded performance.
         If the cache and target directories are on different filesystems, hardlinking may not be supported.
         If this is intentional, set `export UV_LINK_MODE=copy` or use `--link-mode=copy` to suppress this warning.
Installed 4 packages in 17.70s
 + moe-bias-shapley==0.1.0 (from file:///storage/ice1/0/2/sghose7/moe-breakdown/moe-expt-bias/expt-bias-1)
 + numpy==2.4.6
 + pyyaml==6.0.3
 + scipy==1.17.1
Using Python 3.11.15 environment at: /home/hice1/sghose7/scratch/moe-bias-shapley-venv
Resolved 22 packages in 791ms
Downloading nvidia-cudnn-cu12 (634.0MiB)
Downloading nvidia-nccl-cu12 (168.1MiB)
Downloading nvidia-cuda-nvrtc-cu12 (22.6MiB)
Downloading nvidia-cuda-cupti-cu12 (13.5MiB)
Downloading nvidia-curand-cu12 (53.9MiB)
Downloading nvidia-cufft-cu12 (116.0MiB)
Downloading nvidia-cusparse-cu12 (186.9MiB)
Downloading nvidia-cublas-cu12 (391.6MiB)
Downloading nvidia-cusolver-cu12 (118.4MiB)
Downloading nvidia-nvjitlink-cu12 (37.9MiB)
Downloading sympy (6.0MiB)
Downloading networkx (2.0MiB)
Downloading triton (199.7MiB)
Downloading torch (762.1MiB)
 Downloaded nvidia-cuda-cupti-cu12
 Downloaded nvidia-cuda-nvrtc-cu12
 Downloaded networkx
 Downloaded nvidia-nvjitlink-cu12
 Downloaded triton
 Downloaded nvidia-cufft-cu12
 Downloaded nvidia-cusolver-cu12
 Downloaded nvidia-curand-cu12
 Downloaded nvidia-nccl-cu12
 Downloaded nvidia-cusparse-cu12
 Downloaded nvidia-cublas-cu12
 Downloaded nvidia-cudnn-cu12
 Downloaded sympy
 Downloaded torch
Prepared 22 packages in 28.12s
warning: Failed to hardlink files; falling back to full copy. This may lead to degraded performance.
         If the cache and target directories are on different filesystems, hardlinking may not be supported.
         If this is intentional, set `export UV_LINK_MODE=copy` or use `--link-mode=copy` to suppress this warning.
Installed 22 packages in 2m 01s
 + filelock==3.29.0
 + fsspec==2026.4.0
 + jinja2==3.1.6
 + markupsafe==3.0.3
 + mpmath==1.3.0
 + networkx==3.6.1
 + nvidia-cublas-cu12==12.1.3.1
 + nvidia-cuda-cupti-cu12==12.1.105
 + nvidia-cuda-nvrtc-cu12==12.1.105
 + nvidia-cuda-runtime-cu12==12.1.105
 + nvidia-cudnn-cu12==9.1.0.70
 + nvidia-cufft-cu12==11.0.2.54
 + nvidia-curand-cu12==10.3.2.106
 + nvidia-cusolver-cu12==11.4.5.107
 + nvidia-cusparse-cu12==12.1.0.106
 + nvidia-nccl-cu12==2.20.5
 + nvidia-nvjitlink-cu12==12.9.86
 + nvidia-nvtx-cu12==12.1.105
 + sympy==1.14.0
 + torch==2.4.0+cu121
 + triton==3.0.0
 + typing-extensions==4.15.0
Using Python 3.11.15 environment at: /home/hice1/sghose7/scratch/moe-bias-shapley-venv
Resolved 69 packages in 918ms
Downloading hf-xet (4.3MiB)
Downloading pyarrow (46.6MiB)
Downloading pygments (1.2MiB)
Downloading pandas (10.8MiB)
Downloading tokenizers (3.1MiB)
Downloading transformers (11.0MiB)
Downloading aiohttp (1.7MiB)
Downloading sentencepiece (1.3MiB)
 Downloaded sentencepiece
 Downloaded aiohttp
 Downloaded tokenizers
 Downloaded hf-xet
 Downloaded pygments
 Downloaded pandas
 Downloaded pyarrow
 Downloaded transformers
Prepared 44 packages in 1.13s
warning: Failed to hardlink files; falling back to full copy. This may lead to degraded performance.
         If the cache and target directories are on different filesystems, hardlinking may not be supported.
         If this is intentional, set `export UV_LINK_MODE=copy` or use `--link-mode=copy` to suppress this warning.
Installed 44 packages in 26.28s
 + accelerate==1.14.0
 + aiohappyeyeballs==2.7.1
 + aiohttp==3.14.1
 + aiosignal==1.4.0
 + annotated-doc==0.0.4
 + anyio==4.14.1
 + attrs==26.1.0
 + certifi==2026.6.17
 + charset-normalizer==3.4.8
 + click==8.4.2
 + datasets==5.0.0
 + dill==0.4.1
 + frozenlist==1.8.0
 + h11==0.16.0
 + hf-xet==1.5.1
 + httpcore==1.0.9
 + httpx==0.28.1
 + huggingface-hub==1.22.0
 + idna==3.18
 + markdown-it-py==4.2.0
 + mdurl==0.1.2
 + multidict==6.7.1
 + multiprocess==0.70.19
 + pandas==3.0.3
 + propcache==0.5.2
 + protobuf==7.35.1
 + psutil==7.2.2
 + pyarrow==24.0.0
 + pygments==2.20.0
 + python-dateutil==2.9.0.post0
 + regex==2026.6.28
 + requests==2.34.2
 + rich==15.0.0
 + safetensors==0.8.0
 + sentencepiece==0.2.1
 + shellingham==1.5.4
 + six==1.17.0
 + tokenizers==0.22.2
 + tqdm==4.68.3
 + transformers==5.13.0
 + typer==0.26.8
 + urllib3==2.7.0
 + xxhash==3.8.1
 + yarl==1.24.2
Using Python 3.11.15 environment at: /home/hice1/sghose7/scratch/moe-bias-shapley-venv
Resolved 25 packages in 179ms
Downloading bitsandbytes (57.8MiB)
 Downloaded bitsandbytes
Prepared 1 package in 802ms
warning: Failed to hardlink files; falling back to full copy. This may lead to degraded performance.
         If the cache and target directories are on different filesystems, hardlinking may not be supported.
         If this is intentional, set `export UV_LINK_MODE=copy` or use `--link-mode=copy` to suppress this warning.
Installed 1 package in 931ms
 + bitsandbytes==0.49.2
[2026-07-07 02:18:13,589] INFO run_experiment3_interactions: === Experiment 3 (interactions/synergy): exp1-concentration-olmoe-1b-7b ===
[2026-07-07 02:18:13,590] INFO run_experiment3_interactions: Model: allenai/OLMoE-1B-7B-0924 | family: olmoe | max_pairs: 20 | max_layers: 2
[2026-07-07 02:18:20,740] INFO moe_bias_shapley.benchmarks: Loading StereoSet (intrasentence / validation) …
[2026-07-07 02:18:20,777] INFO httpx: HTTP Request: GET https://huggingface.co/api/agent-harnesses "HTTP/1.1 200 OK"
[2026-07-07 02:18:20,808] INFO httpx: HTTP Request: HEAD https://huggingface.co/datasets/McGill-NLP/stereoset/resolve/main/README.md "HTTP/1.1 307 Temporary Redirect"
[2026-07-07 02:18:20,813] INFO httpx: HTTP Request: HEAD https://huggingface.co/api/resolve-cache/datasets/McGill-NLP/stereoset/bf6e7ce50491784d094fb7afe60a70ecccb89035/README.md "HTTP/1.1 200 OK"
[2026-07-07 02:18:20,819] INFO httpx: HTTP Request: GET https://huggingface.co/api/resolve-cache/datasets/McGill-NLP/stereoset/bf6e7ce50491784d094fb7afe60a70ecccb89035/README.md "HTTP/1.1 200 OK"
[2026-07-07 02:18:20,852] INFO httpx: HTTP Request: HEAD https://huggingface.co/datasets/McGill-NLP/stereoset/resolve/bf6e7ce50491784d094fb7afe60a70ecccb89035/stereoset.py "HTTP/1.1 404 Not Found"
[2026-07-07 02:18:20,945] INFO httpx: HTTP Request: HEAD https://s3.amazonaws.com/datasets.huggingface.co/datasets/datasets/McGill-NLP/stereoset/McGill-NLP/stereoset.py "HTTP/1.1 404 Not Found"
[2026-07-07 02:18:21,145] INFO httpx: HTTP Request: GET https://huggingface.co/api/datasets/McGill-NLP/stereoset/revision/bf6e7ce50491784d094fb7afe60a70ecccb89035 "HTTP/1.1 200 OK"
[2026-07-07 02:18:21,178] INFO httpx: HTTP Request: HEAD https://huggingface.co/datasets/McGill-NLP/stereoset/resolve/bf6e7ce50491784d094fb7afe60a70ecccb89035/.huggingface.yaml "HTTP/1.1 404 Not Found"
[2026-07-07 02:18:21,255] INFO httpx: HTTP Request: GET https://datasets-server.huggingface.co/info?dataset=McGill-NLP/stereoset "HTTP/1.1 200 OK"
[2026-07-07 02:18:21,294] INFO httpx: HTTP Request: GET https://huggingface.co/api/datasets/McGill-NLP/stereoset/tree/bf6e7ce50491784d094fb7afe60a70ecccb89035/intersentence?recursive=true&expand=false "HTTP/1.1 200 OK"
[2026-07-07 02:18:21,329] INFO httpx: HTTP Request: GET https://huggingface.co/api/datasets/McGill-NLP/stereoset/tree/bf6e7ce50491784d094fb7afe60a70ecccb89035?recursive=false&expand=false "HTTP/1.1 200 OK"
[2026-07-07 02:18:21,369] INFO httpx: HTTP Request: HEAD https://huggingface.co/datasets/McGill-NLP/stereoset/resolve/bf6e7ce50491784d094fb7afe60a70ecccb89035/dataset_infos.json "HTTP/1.1 404 Not Found"
[2026-07-07 02:18:21,407] INFO httpx: HTTP Request: GET https://huggingface.co/api/datasets/McGill-NLP/stereoset/tree/bf6e7ce50491784d094fb7afe60a70ecccb89035/intrasentence?recursive=true&expand=false "HTTP/1.1 200 OK"
[2026-07-07 02:18:22,692] INFO httpx: HTTP Request: HEAD https://huggingface.co/datasets/McGill-NLP/stereoset/resolve/bf6e7ce50491784d094fb7afe60a70ecccb89035/intrasentence/validation-00000-of-00001.parquet "HTTP/1.1 302 Found"
Generating validation split:   0%|          | 0/2106 [00:00<?, ? examples/s]Generating validation split: 100%|██████████| 2106/2106 [00:00<00:00, 48485.07 examples/s]
[2026-07-07 02:18:23,540] INFO moe_bias_shapley.benchmarks: Loaded 20 StereoSet pairs from 2106 items
[2026-07-07 02:18:23,540] INFO moe_bias_shapley.benchmarks: Loading BBQ category=Gender_identity split=test …
[2026-07-07 02:18:23,576] INFO httpx: HTTP Request: HEAD https://huggingface.co/datasets/heegyu/bbq/resolve/refs%2Fconvert%2Fparquet/README.md "HTTP/1.1 404 Not Found"
[2026-07-07 02:18:23,606] INFO httpx: HTTP Request: GET https://huggingface.co/api/datasets/heegyu/bbq/revision/refs%2Fconvert%2Fparquet "HTTP/1.1 200 OK"
[2026-07-07 02:18:23,636] INFO httpx: HTTP Request: HEAD https://huggingface.co/datasets/heegyu/bbq/resolve/da21e4bdbe74d6bed714ee80b4941c9c73958aea/bbq.py "HTTP/1.1 404 Not Found"
[2026-07-07 02:18:23,664] INFO httpx: HTTP Request: HEAD https://s3.amazonaws.com/datasets.huggingface.co/datasets/datasets/heegyu/bbq/heegyu/bbq.py "HTTP/1.1 404 Not Found"
[2026-07-07 02:18:23,697] INFO httpx: HTTP Request: HEAD https://huggingface.co/datasets/heegyu/bbq/resolve/da21e4bdbe74d6bed714ee80b4941c9c73958aea/README.md "HTTP/1.1 404 Not Found"
[2026-07-07 02:18:23,755] INFO httpx: HTTP Request: GET https://huggingface.co/api/datasets/heegyu/bbq/revision/da21e4bdbe74d6bed714ee80b4941c9c73958aea "HTTP/1.1 200 OK"
[2026-07-07 02:18:23,786] INFO httpx: HTTP Request: HEAD https://huggingface.co/datasets/heegyu/bbq/resolve/da21e4bdbe74d6bed714ee80b4941c9c73958aea/.huggingface.yaml "HTTP/1.1 404 Not Found"
[2026-07-07 02:18:23,826] INFO httpx: HTTP Request: GET https://huggingface.co/api/datasets/heegyu/bbq/tree/da21e4bdbe74d6bed714ee80b4941c9c73958aea/Gender_identity%2Fdata?recursive=true&expand=false "HTTP/1.1 404 Not Found"
[2026-07-07 02:18:23,864] INFO httpx: HTTP Request: GET https://huggingface.co/api/datasets/heegyu/bbq/tree/da21e4bdbe74d6bed714ee80b4941c9c73958aea/Gender_identity?recursive=false&expand=false "HTTP/1.1 200 OK"
[2026-07-07 02:18:23,900] INFO httpx: HTTP Request: GET https://huggingface.co/api/datasets/heegyu/bbq/tree/da21e4bdbe74d6bed714ee80b4941c9c73958aea/Gender_identity%2Ftest?recursive=true&expand=false "HTTP/1.1 200 OK"
[2026-07-07 02:18:23,933] INFO httpx: HTTP Request: GET https://huggingface.co/api/datasets/heegyu/bbq/tree/da21e4bdbe74d6bed714ee80b4941c9c73958aea?recursive=false&expand=false "HTTP/1.1 200 OK"
[2026-07-07 02:18:23,983] INFO httpx: HTTP Request: HEAD https://huggingface.co/datasets/heegyu/bbq/resolve/da21e4bdbe74d6bed714ee80b4941c9c73958aea/dataset_infos.json "HTTP/1.1 404 Not Found"
[2026-07-07 02:18:24,021] INFO httpx: HTTP Request: HEAD https://huggingface.co/datasets/heegyu/bbq/resolve/da21e4bdbe74d6bed714ee80b4941c9c73958aea/Gender_identity/test/0000.parquet "HTTP/1.1 302 Found"
Generating test split: 0 examples [00:00, ? examples/s]Generating test split: 5672 examples [00:00, 528880.27 examples/s]
[2026-07-07 02:18:24,234] INFO moe_bias_shapley.benchmarks: Loaded 20 BBQ pairs across 2 categories
[2026-07-07 02:18:24,237] INFO moe_bias_shapley.benchmarks: Loaded 20 WinoGender pairs
[2026-07-07 02:18:24,237] INFO moe_bias_shapley.benchmarks: Total prompt pairs: 20
[2026-07-07 02:18:30,716] INFO moe_bias_shapley.modeling: Loading tokenizer + model: allenai/OLMoE-1B-7B-0924 (family=olmoe)
[2026-07-07 02:18:30,757] INFO httpx: HTTP Request: HEAD https://huggingface.co/allenai/OLMoE-1B-7B-0924/resolve/main/config.json "HTTP/1.1 307 Temporary Redirect"
[2026-07-07 02:18:30,762] INFO httpx: HTTP Request: HEAD https://huggingface.co/api/resolve-cache/models/allenai/OLMoE-1B-7B-0924/6d84c48581ece794365f2b8e9cfb043c68ade9c5/config.json "HTTP/1.1 200 OK"
[2026-07-07 02:18:30,768] INFO httpx: HTTP Request: GET https://huggingface.co/api/resolve-cache/models/allenai/OLMoE-1B-7B-0924/6d84c48581ece794365f2b8e9cfb043c68ade9c5/config.json "HTTP/1.1 200 OK"
[2026-07-07 02:18:30,839] INFO httpx: HTTP Request: HEAD https://huggingface.co/allenai/OLMoE-1B-7B-0924/resolve/main/tokenizer_config.json "HTTP/1.1 307 Temporary Redirect"
[2026-07-07 02:18:30,844] INFO httpx: HTTP Request: HEAD https://huggingface.co/api/resolve-cache/models/allenai/OLMoE-1B-7B-0924/6d84c48581ece794365f2b8e9cfb043c68ade9c5/tokenizer_config.json "HTTP/1.1 200 OK"
[2026-07-07 02:18:30,849] INFO httpx: HTTP Request: GET https://huggingface.co/api/resolve-cache/models/allenai/OLMoE-1B-7B-0924/6d84c48581ece794365f2b8e9cfb043c68ade9c5/tokenizer_config.json "HTTP/1.1 200 OK"
[2026-07-07 02:18:30,937] INFO httpx: HTTP Request: GET https://huggingface.co/api/models/allenai/OLMoE-1B-7B-0924/tree/main/additional_chat_templates?recursive=false&expand=false "HTTP/1.1 404 Not Found"
[2026-07-07 02:18:30,970] INFO httpx: HTTP Request: GET https://huggingface.co/api/models/allenai/OLMoE-1B-7B-0924/tree/main?recursive=true&expand=false "HTTP/1.1 200 OK"
[2026-07-07 02:18:31,002] INFO httpx: HTTP Request: HEAD https://huggingface.co/allenai/OLMoE-1B-7B-0924/resolve/main/vocab.json "HTTP/1.1 404 Not Found"
[2026-07-07 02:18:31,039] INFO httpx: HTTP Request: HEAD https://huggingface.co/allenai/OLMoE-1B-7B-0924/resolve/main/merges.txt "HTTP/1.1 404 Not Found"
[2026-07-07 02:18:31,076] INFO httpx: HTTP Request: HEAD https://huggingface.co/allenai/OLMoE-1B-7B-0924/resolve/main/tokenizer.json "HTTP/1.1 307 Temporary Redirect"
[2026-07-07 02:18:31,081] INFO httpx: HTTP Request: HEAD https://huggingface.co/api/resolve-cache/models/allenai/OLMoE-1B-7B-0924/6d84c48581ece794365f2b8e9cfb043c68ade9c5/tokenizer.json "HTTP/1.1 200 OK"
[2026-07-07 02:18:31,087] INFO httpx: HTTP Request: GET https://huggingface.co/api/resolve-cache/models/allenai/OLMoE-1B-7B-0924/6d84c48581ece794365f2b8e9cfb043c68ade9c5/tokenizer.json "HTTP/1.1 200 OK"
[2026-07-07 02:18:31,134] INFO httpx: HTTP Request: HEAD https://huggingface.co/allenai/OLMoE-1B-7B-0924/resolve/main/added_tokens.json "HTTP/1.1 404 Not Found"
[2026-07-07 02:18:31,171] INFO httpx: HTTP Request: HEAD https://huggingface.co/allenai/OLMoE-1B-7B-0924/resolve/main/special_tokens_map.json "HTTP/1.1 307 Temporary Redirect"
[2026-07-07 02:18:31,176] INFO httpx: HTTP Request: HEAD https://huggingface.co/api/resolve-cache/models/allenai/OLMoE-1B-7B-0924/6d84c48581ece794365f2b8e9cfb043c68ade9c5/special_tokens_map.json "HTTP/1.1 200 OK"
[2026-07-07 02:18:31,181] INFO httpx: HTTP Request: GET https://huggingface.co/api/resolve-cache/models/allenai/OLMoE-1B-7B-0924/6d84c48581ece794365f2b8e9cfb043c68ade9c5/special_tokens_map.json "HTTP/1.1 200 OK"
[2026-07-07 02:18:31,214] INFO httpx: HTTP Request: HEAD https://huggingface.co/allenai/OLMoE-1B-7B-0924/resolve/main/chat_template.jinja "HTTP/1.1 404 Not Found"
[2026-07-07 02:18:31,354] INFO httpx: HTTP Request: HEAD https://huggingface.co/allenai/OLMoE-1B-7B-0924/resolve/main/config.json "HTTP/1.1 307 Temporary Redirect"
[2026-07-07 02:18:31,360] INFO httpx: HTTP Request: HEAD https://huggingface.co/api/resolve-cache/models/allenai/OLMoE-1B-7B-0924/6d84c48581ece794365f2b8e9cfb043c68ade9c5/config.json "HTTP/1.1 200 OK"
[transformers] `torch_dtype` is deprecated! Use `dtype` instead!
[2026-07-07 02:18:41,513] INFO httpx: HTTP Request: HEAD https://huggingface.co/allenai/OLMoE-1B-7B-0924/resolve/main/model.safetensors "HTTP/1.1 404 Not Found"
[2026-07-07 02:18:41,547] INFO httpx: HTTP Request: HEAD https://huggingface.co/allenai/OLMoE-1B-7B-0924/resolve/main/model.safetensors.index.json "HTTP/1.1 307 Temporary Redirect"
[2026-07-07 02:18:41,552] INFO httpx: HTTP Request: HEAD https://huggingface.co/api/resolve-cache/models/allenai/OLMoE-1B-7B-0924/6d84c48581ece794365f2b8e9cfb043c68ade9c5/model.safetensors.index.json "HTTP/1.1 200 OK"
[2026-07-07 02:18:41,557] INFO httpx: HTTP Request: GET https://huggingface.co/api/resolve-cache/models/allenai/OLMoE-1B-7B-0924/6d84c48581ece794365f2b8e9cfb043c68ade9c5/model.safetensors.index.json "HTTP/1.1 200 OK"
[2026-07-07 02:18:41,593] INFO httpx: HTTP Request: GET https://huggingface.co/api/models/allenai/OLMoE-1B-7B-0924/revision/main "HTTP/1.1 200 OK"
[2026-07-07 02:18:41,630] INFO httpx: HTTP Request: GET https://huggingface.co/api/models/allenai/OLMoE-1B-7B-0924/tree/6d84c48581ece794365f2b8e9cfb043c68ade9c5?recursive=true&expand=false "HTTP/1.1 200 OK"
Fetching 3 files:   0%|          | 0/3 [00:00<?, ?it/s]Fetching 3 files:  33%|███▎      | 1/3 [00:25<00:51, 25.94s/it]Fetching 3 files:  67%|██████▋   | 2/3 [00:26<00:11, 11.04s/it]Fetching 3 files: 100%|██████████| 3/3 [00:26<00:00,  8.85s/it]
Loading weights:   0%|          | 0/179 [00:00<?, ?it/s]Loading weights:   8%|▊         | 15/179 [00:00<00:01, 84.78it/s]Loading weights:  21%|██        | 37/179 [00:00<00:01, 105.01it/s]Loading weights:  33%|███▎      | 59/179 [00:00<00:01, 112.44it/s]Loading weights:  45%|████▌     | 81/179 [00:00<00:00, 114.76it/s]Loading weights:  58%|█████▊    | 103/179 [00:00<00:00, 117.78it/s]Loading weights:  70%|██████▉   | 125/179 [00:01<00:00, 119.50it/s]Loading weights:  82%|████████▏ | 147/179 [00:01<00:00, 120.58it/s]Loading weights:  89%|████████▉ | 160/179 [00:01<00:00, 122.31it/s]Loading weights: 100%|██████████| 179/179 [00:01<00:00, 122.27it/s]
[2026-07-07 02:19:10,798] INFO httpx: HTTP Request: HEAD https://huggingface.co/allenai/OLMoE-1B-7B-0924/resolve/main/generation_config.json "HTTP/1.1 307 Temporary Redirect"
[2026-07-07 02:19:10,803] INFO httpx: HTTP Request: HEAD https://huggingface.co/api/resolve-cache/models/allenai/OLMoE-1B-7B-0924/6d84c48581ece794365f2b8e9cfb043c68ade9c5/generation_config.json "HTTP/1.1 200 OK"
[2026-07-07 02:19:10,808] INFO httpx: HTTP Request: GET https://huggingface.co/api/resolve-cache/models/allenai/OLMoE-1B-7B-0924/6d84c48581ece794365f2b8e9cfb043c68ade9c5/generation_config.json "HTTP/1.1 200 OK"
[2026-07-07 02:19:10,812] INFO moe_bias_shapley.hooks: Discovered 16 MoE layers
[2026-07-07 02:19:10,813] INFO run_experiment3_interactions: Layer 0 (model.layers.0.mlp): running interaction analysis over 20 pairs
[2026-07-07 02:19:10,814] INFO moe_bias_shapley.hooks: Discovered 16 MoE layers
[2026-07-07 02:19:11,504] WARNING moe_bias_shapley.shapley: Active expert set size 35 too large for exact Shapley — truncating to 10
[2026-07-07 02:21:04,929] INFO moe_bias_shapley.hooks: Discovered 16 MoE layers
[2026-07-07 02:21:04,993] WARNING moe_bias_shapley.shapley: Active expert set size 26 too large for exact Shapley — truncating to 10
[2026-07-07 02:22:53,346] INFO moe_bias_shapley.hooks: Discovered 16 MoE layers
[2026-07-07 02:22:53,522] WARNING moe_bias_shapley.shapley: Active expert set size 51 too large for exact Shapley — truncating to 10
[2026-07-07 02:25:03,975] INFO moe_bias_shapley.hooks: Discovered 16 MoE layers
[2026-07-07 02:25:04,170] WARNING moe_bias_shapley.shapley: Active expert set size 35 too large for exact Shapley — truncating to 10
[2026-07-07 02:27:00,649] INFO moe_bias_shapley.hooks: Discovered 16 MoE layers
[2026-07-07 02:27:00,719] WARNING moe_bias_shapley.shapley: Active expert set size 39 too large for exact Shapley — truncating to 10
[2026-07-07 02:29:01,766] INFO run_experiment3_interactions:   layer 0: 5/20 pairs done
[2026-07-07 02:29:01,768] INFO moe_bias_shapley.hooks: Discovered 16 MoE layers
[2026-07-07 02:29:01,839] WARNING moe_bias_shapley.shapley: Active expert set size 48 too large for exact Shapley — truncating to 10
[2026-07-07 02:31:05,339] INFO moe_bias_shapley.hooks: Discovered 16 MoE layers
[2026-07-07 02:31:05,396] WARNING moe_bias_shapley.shapley: Active expert set size 28 too large for exact Shapley — truncating to 10
[2026-07-07 02:32:53,552] INFO moe_bias_shapley.hooks: Discovered 16 MoE layers
[2026-07-07 02:32:53,713] WARNING moe_bias_shapley.shapley: Active expert set size 44 too large for exact Shapley — truncating to 10
[2026-07-07 02:34:53,376] INFO moe_bias_shapley.hooks: Discovered 16 MoE layers
[2026-07-07 02:34:53,436] WARNING moe_bias_shapley.shapley: Active expert set size 31 too large for exact Shapley — truncating to 10
[2026-07-07 02:36:46,687] INFO moe_bias_shapley.hooks: Discovered 16 MoE layers
[2026-07-07 02:36:46,757] WARNING moe_bias_shapley.shapley: Active expert set size 40 too large for exact Shapley — truncating to 10
[2026-07-07 02:38:45,360] INFO run_experiment3_interactions:   layer 0: 10/20 pairs done
[2026-07-07 02:38:45,363] INFO moe_bias_shapley.hooks: Discovered 16 MoE layers
[2026-07-07 02:38:45,423] WARNING moe_bias_shapley.shapley: Active expert set size 37 too large for exact Shapley — truncating to 10
[2026-07-07 02:40:41,280] INFO moe_bias_shapley.hooks: Discovered 16 MoE layers
[2026-07-07 02:40:41,342] WARNING moe_bias_shapley.shapley: Active expert set size 33 too large for exact Shapley — truncating to 10
[2026-07-07 02:42:33,132] INFO moe_bias_shapley.hooks: Discovered 16 MoE layers
[2026-07-07 02:42:33,227] WARNING moe_bias_shapley.shapley: Active expert set size 38 too large for exact Shapley — truncating to 10
[2026-07-07 02:44:26,373] INFO moe_bias_shapley.hooks: Discovered 16 MoE layers
[2026-07-07 02:44:26,453] WARNING moe_bias_shapley.shapley: Active expert set size 52 too large for exact Shapley — truncating to 10
[2026-07-07 02:46:37,005] INFO moe_bias_shapley.hooks: Discovered 16 MoE layers
[2026-07-07 02:46:37,160] WARNING moe_bias_shapley.shapley: Active expert set size 36 too large for exact Shapley — truncating to 10
[2026-07-07 02:48:36,865] INFO run_experiment3_interactions:   layer 0: 15/20 pairs done
[2026-07-07 02:48:36,867] INFO moe_bias_shapley.hooks: Discovered 16 MoE layers
[2026-07-07 02:48:36,929] WARNING moe_bias_shapley.shapley: Active expert set size 39 too large for exact Shapley — truncating to 10
[2026-07-07 02:50:37,424] INFO moe_bias_shapley.hooks: Discovered 16 MoE layers
[2026-07-07 02:50:37,483] WARNING moe_bias_shapley.shapley: Active expert set size 28 too large for exact Shapley — truncating to 10
[2026-07-07 02:52:30,790] INFO moe_bias_shapley.hooks: Discovered 16 MoE layers
[2026-07-07 02:52:30,853] WARNING moe_bias_shapley.shapley: Active expert set size 33 too large for exact Shapley — truncating to 10
[2026-07-07 02:54:30,039] INFO moe_bias_shapley.hooks: Discovered 16 MoE layers
[2026-07-07 02:54:30,101] WARNING moe_bias_shapley.shapley: Active expert set size 40 too large for exact Shapley — truncating to 10
[2026-07-07 02:56:27,067] INFO moe_bias_shapley.hooks: Discovered 16 MoE layers
[2026-07-07 02:56:27,134] WARNING moe_bias_shapley.shapley: Active expert set size 45 too large for exact Shapley — truncating to 10
[2026-07-07 02:58:34,352] INFO run_experiment3_interactions:   layer 0: 20/20 pairs done
[2026-07-07 02:58:34,365] INFO run_experiment3_interactions: Layer 15 (model.layers.15.mlp): running interaction analysis over 20 pairs
[2026-07-07 02:58:34,366] INFO moe_bias_shapley.hooks: Discovered 16 MoE layers
[2026-07-07 02:58:34,423] WARNING moe_bias_shapley.shapley: Active expert set size 32 too large for exact Shapley — truncating to 10
[2026-07-07 03:00:26,650] INFO moe_bias_shapley.hooks: Discovered 16 MoE layers
[2026-07-07 03:00:26,707] WARNING moe_bias_shapley.shapley: Active expert set size 31 too large for exact Shapley — truncating to 10
[2026-07-07 03:02:14,781] INFO moe_bias_shapley.hooks: Discovered 16 MoE layers
[2026-07-07 03:02:14,850] WARNING moe_bias_shapley.shapley: Active expert set size 46 too large for exact Shapley — truncating to 10
[2026-07-07 03:04:25,207] INFO moe_bias_shapley.hooks: Discovered 16 MoE layers
[2026-07-07 03:04:25,270] WARNING moe_bias_shapley.shapley: Active expert set size 34 too large for exact Shapley — truncating to 10
[2026-07-07 03:06:21,580] INFO moe_bias_shapley.hooks: Discovered 16 MoE layers
[2026-07-07 03:06:21,644] WARNING moe_bias_shapley.shapley: Active expert set size 38 too large for exact Shapley — truncating to 10
[2026-07-07 03:08:22,390] INFO run_experiment3_interactions:   layer 15: 5/20 pairs done
[2026-07-07 03:08:22,392] INFO moe_bias_shapley.hooks: Discovered 16 MoE layers
[2026-07-07 03:08:22,488] WARNING moe_bias_shapley.shapley: Active expert set size 40 too large for exact Shapley — truncating to 10
[2026-07-07 03:10:26,666] INFO moe_bias_shapley.hooks: Discovered 16 MoE layers
[2026-07-07 03:10:26,723] WARNING moe_bias_shapley.shapley: Active expert set size 28 too large for exact Shapley — truncating to 10
[2026-07-07 03:12:16,144] INFO moe_bias_shapley.hooks: Discovered 16 MoE layers
[2026-07-07 03:12:16,207] WARNING moe_bias_shapley.shapley: Active expert set size 42 too large for exact Shapley — truncating to 10
[2026-07-07 03:14:15,006] INFO moe_bias_shapley.hooks: Discovered 16 MoE layers
[2026-07-07 03:14:15,064] WARNING moe_bias_shapley.shapley: Active expert set size 30 too large for exact Shapley — truncating to 10
[2026-07-07 03:16:07,043] INFO moe_bias_shapley.hooks: Discovered 16 MoE layers
[2026-07-07 03:16:07,102] WARNING moe_bias_shapley.shapley: Active expert set size 39 too large for exact Shapley — truncating to 10
[2026-07-07 03:18:03,212] INFO run_experiment3_interactions:   layer 15: 10/20 pairs done
[2026-07-07 03:18:03,214] INFO moe_bias_shapley.hooks: Discovered 16 MoE layers
[2026-07-07 03:18:03,277] WARNING moe_bias_shapley.shapley: Active expert set size 39 too large for exact Shapley — truncating to 10
[2026-07-07 03:19:57,042] INFO moe_bias_shapley.hooks: Discovered 16 MoE layers
[2026-07-07 03:19:57,101] WARNING moe_bias_shapley.shapley: Active expert set size 34 too large for exact Shapley — truncating to 10
[2026-07-07 03:21:46,139] INFO moe_bias_shapley.hooks: Discovered 16 MoE layers
[2026-07-07 03:21:46,198] WARNING moe_bias_shapley.shapley: Active expert set size 36 too large for exact Shapley — truncating to 10
[2026-07-07 03:23:37,687] INFO moe_bias_shapley.hooks: Discovered 16 MoE layers
[2026-07-07 03:23:37,755] WARNING moe_bias_shapley.shapley: Active expert set size 45 too large for exact Shapley — truncating to 10
[2026-07-07 03:25:46,122] INFO moe_bias_shapley.hooks: Discovered 16 MoE layers
[2026-07-07 03:25:46,183] WARNING moe_bias_shapley.shapley: Active expert set size 33 too large for exact Shapley — truncating to 10
[2026-07-07 03:27:42,483] INFO run_experiment3_interactions:   layer 15: 15/20 pairs done
[2026-07-07 03:27:42,485] INFO moe_bias_shapley.hooks: Discovered 16 MoE layers
[2026-07-07 03:27:42,544] WARNING moe_bias_shapley.shapley: Active expert set size 39 too large for exact Shapley — truncating to 10
[2026-07-07 03:29:39,729] INFO moe_bias_shapley.hooks: Discovered 16 MoE layers
[2026-07-07 03:29:39,786] WARNING moe_bias_shapley.shapley: Active expert set size 34 too large for exact Shapley — truncating to 10
[2026-07-07 03:31:31,506] INFO moe_bias_shapley.hooks: Discovered 16 MoE layers
[2026-07-07 03:31:31,566] WARNING moe_bias_shapley.shapley: Active expert set size 41 too large for exact Shapley — truncating to 10
[2026-07-07 03:33:28,573] INFO moe_bias_shapley.hooks: Discovered 16 MoE layers
[2026-07-07 03:33:28,633] WARNING moe_bias_shapley.shapley: Active expert set size 35 too large for exact Shapley — truncating to 10
[2026-07-07 03:35:24,389] INFO moe_bias_shapley.hooks: Discovered 16 MoE layers
[2026-07-07 03:35:24,563] WARNING moe_bias_shapley.shapley: Active expert set size 44 too large for exact Shapley — truncating to 10
[2026-07-07 03:37:30,519] INFO run_experiment3_interactions:   layer 15: 20/20 pairs done
[2026-07-07 03:37:30,549] INFO run_experiment3_interactions: Done. Experiment 3 results in /home/hice1/sghose7/scratch/moe-breakdown-bias-runs/expt-bias-1/exp1-concentration-olmoe-1b-7b/experiment3/experiment3_interactions.json
