---------------------------------------
Begin Slurm Prolog: Jul-07-2026 01:41:29
Job ID:    5483545
User ID:   sghose7
Account:   coc
Job name:  exp3-olmoe
Partition: ice-gpu
QOS:       coc-ice
---------------------------------------
[slurm] WORKDIR=/home/hice1/sghose7/scratch/moe-breakdown
[slurm] ROOT_DIR=/home/hice1/sghose7/scratch/moe-breakdown/moe-expt-bias/expt-bias-1
[slurm] SCRIPT=scripts/run_experiment3_interactions.py
[slurm] STUDY_CONFIG=/home/hice1/sghose7/scratch/moe-breakdown/moe-expt-bias/expt-bias-1/configs/study.olmoe.concentration.yaml
[slurm] OUT_DIR=/home/hice1/sghose7/scratch/moe-breakdown-bias-runs/expt-bias-1/exp1-concentration-olmoe-1b-7b/experiment3
[slurm] EXTRA_ARGS=--max-pairs 20 --max-layers 2
[slurm] GPUs visible: 1
---------------------------------------
Begin Slurm Epilog: Jul-07-2026 01:42:45
Job ID:        5483545
User ID:       sghose7
Account:       coc
Job name:      exp3-olmoe
Resources:     cpu=8,gres/gpu:a100=1,mem=64G,node=1
Rsrc Used:     cput=00:10:16,vmem=0,walltime=00:01:17,mem=22275292K,energy_used=0
Partition:     ice-gpu
QOS:           coc-ice
Nodes:         atl1-1-01-005-13-0
---------------------------------------
