---------------------------------------
Begin Slurm Prolog: Jul-07-2026 16:25:44
Job ID:    5483998
User ID:   sghose7
Account:   coc
Job name:  bias-exp8-lloo-phi3.5-moe
Partition: ice-gpu
QOS:       coc-ice
---------------------------------------
[slurm] WORKDIR=/home/hice1/sghose7/scratch/moe-breakdown
[slurm] ROOT_DIR=/home/hice1/sghose7/scratch/moe-breakdown/moe-expt-bias/expt-bias-1
[slurm] STUDY_CONFIG=/storage/ice1/0/2/sghose7/moe-breakdown/moe-expt-bias/expt-bias-1/configs/study.phi3.5-moe.lloo.yaml
[slurm] OUT_DIR=/storage/ice1/0/2/sghose7/moe-breakdown-bias-runs/expt-bias-1/exp8-lloo-phi3.5-moe
[slurm] GPUs visible: 2
---------------------------------------
Begin Slurm Epilog: Jul-07-2026 16:33:05
Job ID:        5483998
User ID:       sghose7
Account:       coc
Job name:      bias-exp8-lloo-phi3.5-moe
Resources:     cpu=8,gres/gpu:a100=2,mem=96G,node=1
Rsrc Used:     cput=00:59:04,vmem=0,walltime=00:07:23,mem=92233592K,energy_used=0
Partition:     ice-gpu
QOS:           coc-ice
Nodes:         atl1-1-01-005-13-0
---------------------------------------
