Using CPython 3.11.15
Creating virtual environment at: /tmp/moe-bias-shapley-venv
Activate with: source /tmp/moe-bias-shapley-venv/bin/activate
Using Python 3.11.15 environment at: /tmp/moe-bias-shapley-venv
Resolved 4 packages in 318ms
Downloading pip (1.7MiB)
 Downloaded pip
Prepared 4 packages in 140ms
Installed 4 packages in 31ms
 + packaging==26.2
 + pip==26.1.2
 + setuptools==83.0.0
 + wheel==0.47.0
Using Python 3.11.15 environment at: /tmp/moe-bias-shapley-venv
Resolved 4 packages in 240ms
   Building moe-bias-shapley @ file:///storage/ice1/0/2/sghose7/moe-breakdown/moe-expt-bias/expt-bias-1
Downloading scipy (33.7MiB)
Downloading numpy (16.1MiB)
 Downloaded numpy
 Downloaded scipy
      Built moe-bias-shapley @ file:///storage/ice1/0/2/sghose7/moe-breakdown/moe-expt-bias/expt-bias-1
Prepared 4 packages in 1.02s
Installed 4 packages in 129ms
 + moe-bias-shapley==0.1.0 (from file:///storage/ice1/0/2/sghose7/moe-breakdown/moe-expt-bias/expt-bias-1)
 + numpy==2.4.6
 + pyyaml==6.0.3
 + scipy==1.17.1
Using Python 3.11.15 environment at: /tmp/moe-bias-shapley-venv
Resolved 23 packages in 448ms
Downloading nvidia-cuda-cupti-cu12 (8.5MiB)
Downloading nvidia-nvjitlink-cu12 (18.8MiB)
Downloading nvidia-cusparselt-cu12 (149.5MiB)
Downloading nvidia-curand-cu12 (53.7MiB)
Downloading nvidia-cudnn-cu12 (544.5MiB)
Downloading nvidia-cufft-cu12 (190.9MiB)
Downloading nvidia-nccl-cu12 (179.9MiB)
Downloading nvidia-cuda-nvrtc-cu12 (22.6MiB)
Downloading nvidia-cusparse-cu12 (206.5MiB)
Downloading nvidia-cublas-cu12 (374.9MiB)
Downloading nvidia-cusolver-cu12 (150.9MiB)
Downloading sympy (5.9MiB)
Downloading triton (159.0MiB)
Downloading networkx (2.0MiB)
Downloading torch (729.2MiB)
 Downloaded nvidia-cuda-cupti-cu12
 Downloaded nvidia-nvjitlink-cu12
 Downloaded nvidia-cuda-nvrtc-cu12
 Downloaded nvidia-curand-cu12
 Downloaded nvidia-cusparselt-cu12
 Downloaded networkx
 Downloaded triton
 Downloaded nvidia-cufft-cu12
 Downloaded sympy
 Downloaded nvidia-nccl-cu12
 Downloaded nvidia-cusparse-cu12
 Downloaded nvidia-cudnn-cu12
 Downloaded nvidia-cusolver-cu12
 Downloaded nvidia-cublas-cu12
 Downloaded torch
Prepared 23 packages in 25.82s
Installed 23 packages in 513ms
 + filelock==3.29.0
 + fsspec==2026.4.0
 + jinja2==3.1.6
 + markupsafe==3.0.3
 + mpmath==1.3.0
 + networkx==3.6.1
 + nvidia-cublas-cu12==12.6.4.1
 + nvidia-cuda-cupti-cu12==12.6.80
 + nvidia-cuda-nvrtc-cu12==12.6.77
 + nvidia-cuda-runtime-cu12==12.6.77
 + nvidia-cudnn-cu12==9.5.1.17
 + nvidia-cufft-cu12==11.3.0.4
 + nvidia-curand-cu12==10.3.7.77
 + nvidia-cusolver-cu12==11.7.1.2
 + nvidia-cusparse-cu12==12.5.4.2
 + nvidia-cusparselt-cu12==0.6.3
 + nvidia-nccl-cu12==2.21.5
 + nvidia-nvjitlink-cu12==12.6.85
 + nvidia-nvtx-cu12==12.6.77
 + sympy==1.13.1
 + torch==2.6.0+cu126
 + triton==3.2.0
 + typing-extensions==4.15.0
Using Python 3.11.15 environment at: /tmp/moe-bias-shapley-venv
Resolved 71 packages in 582ms
Downloading tiktoken (1.1MiB)
Downloading tokenizers (3.1MiB)
Downloading pygments (1.2MiB)
Downloading sentencepiece (1.3MiB)
Downloading pyarrow (46.6MiB)
Downloading transformers (11.0MiB)
Downloading pandas (10.8MiB)
Downloading aiohttp (1.7MiB)
Downloading hf-xet (4.3MiB)
 Downloaded sentencepiece
 Downloaded tiktoken
 Downloaded aiohttp
 Downloaded tokenizers
 Downloaded hf-xet
 Downloaded pygments
 Downloaded pandas
 Downloaded pyarrow
 Downloaded transformers
Prepared 45 packages in 1.11s
Installed 45 packages in 282ms
 + accelerate==1.14.0
 + aiohappyeyeballs==2.7.1
 + aiohttp==3.14.1
 + aiosignal==1.4.0
 + annotated-doc==0.0.4
 + anyio==4.14.1
 + attrs==26.1.0
 + certifi==2026.6.17
 + charset-normalizer==3.4.9
 + click==8.4.2
 + datasets==5.0.0
 + dill==0.4.1
 + frozenlist==1.8.0
 + h11==0.16.0
 + hf-xet==1.5.1
 + httpcore==1.0.9
 + httpx==0.28.1
 + huggingface-hub==1.22.0
 + idna==3.18
 + markdown-it-py==4.2.0
 + mdurl==0.1.2
 + multidict==6.7.1
 + multiprocess==0.70.19
 + pandas==3.0.3
 + propcache==0.5.2
 + protobuf==7.35.1
 + psutil==7.2.2
 + pyarrow==24.0.0
 + pygments==2.20.0
 + python-dateutil==2.9.0.post0
 + regex==2026.6.28
 + requests==2.34.2
 + rich==15.0.0
 + safetensors==0.8.0
 + sentencepiece==0.2.1
 + shellingham==1.5.4
 + six==1.17.0
 + tiktoken==0.13.0
 + tokenizers==0.22.2
 + tqdm==4.68.4
 + transformers==5.13.0
 + typer==0.26.8
 + urllib3==2.7.0
 + xxhash==3.8.1
 + yarl==1.24.2
Using Python 3.11.15 environment at: /tmp/moe-bias-shapley-venv
Resolved 26 packages in 154ms
Downloading bitsandbytes (57.8MiB)
 Downloaded bitsandbytes
Prepared 1 package in 800ms
Installed 1 package in 87ms
 + bitsandbytes==0.49.2
[2026-07-07 16:10:08,628] INFO run_experiment4_ablation: === Experiment 4 (ablation cross-check): exp1-concentration-olmoe-1b-7b ===
[2026-07-07 16:10:08,628] INFO run_experiment4_ablation: Model: allenai/OLMoE-1B-7B-0924 | family: olmoe | max_pairs: 100 | result_dir: /home/hice1/sghose7/scratch/moe-breakdown-bias-runs/expt-bias-1/exp1-concentration-olmoe-1b-7b
[2026-07-07 16:10:08,715] INFO run_experiment4_ablation: Loaded 1024 ranked players from /home/hice1/sghose7/scratch/moe-breakdown-bias-runs/expt-bias-1/exp1-concentration-olmoe-1b-7b (controls: ['random'])
[2026-07-07 16:10:11,185] INFO moe_bias_shapley.benchmarks: Loading StereoSet (intrasentence / validation) …
[2026-07-07 16:10:11,261] INFO httpx: HTTP Request: GET https://huggingface.co/api/agent-harnesses "HTTP/1.1 200 OK"
[2026-07-07 16:10:11,299] INFO httpx: HTTP Request: HEAD https://huggingface.co/datasets/McGill-NLP/stereoset/resolve/main/README.md "HTTP/1.1 307 Temporary Redirect"
[2026-07-07 16:10:11,306] INFO httpx: HTTP Request: HEAD https://huggingface.co/api/resolve-cache/datasets/McGill-NLP/stereoset/bf6e7ce50491784d094fb7afe60a70ecccb89035/README.md "HTTP/1.1 200 OK"
[2026-07-07 16:10:11,312] INFO httpx: HTTP Request: GET https://huggingface.co/api/resolve-cache/datasets/McGill-NLP/stereoset/bf6e7ce50491784d094fb7afe60a70ecccb89035/README.md "HTTP/1.1 200 OK"
[2026-07-07 16:10:11,347] INFO httpx: HTTP Request: HEAD https://huggingface.co/datasets/McGill-NLP/stereoset/resolve/bf6e7ce50491784d094fb7afe60a70ecccb89035/stereoset.py "HTTP/1.1 404 Not Found"
[2026-07-07 16:10:11,439] INFO httpx: HTTP Request: HEAD https://s3.amazonaws.com/datasets.huggingface.co/datasets/datasets/McGill-NLP/stereoset/McGill-NLP/stereoset.py "HTTP/1.1 404 Not Found"
[2026-07-07 16:10:11,528] INFO httpx: HTTP Request: GET https://huggingface.co/api/datasets/McGill-NLP/stereoset/revision/bf6e7ce50491784d094fb7afe60a70ecccb89035 "HTTP/1.1 200 OK"
[2026-07-07 16:10:11,565] INFO httpx: HTTP Request: HEAD https://huggingface.co/datasets/McGill-NLP/stereoset/resolve/bf6e7ce50491784d094fb7afe60a70ecccb89035/.huggingface.yaml "HTTP/1.1 404 Not Found"
[2026-07-07 16:10:11,630] INFO httpx: HTTP Request: GET https://datasets-server.huggingface.co/info?dataset=McGill-NLP/stereoset "HTTP/1.1 200 OK"
[2026-07-07 16:10:11,675] INFO httpx: HTTP Request: GET https://huggingface.co/api/datasets/McGill-NLP/stereoset/tree/bf6e7ce50491784d094fb7afe60a70ecccb89035/intersentence?recursive=true&expand=false "HTTP/1.1 200 OK"
[2026-07-07 16:10:11,732] INFO httpx: HTTP Request: GET https://huggingface.co/api/datasets/McGill-NLP/stereoset/tree/bf6e7ce50491784d094fb7afe60a70ecccb89035?recursive=false&expand=false "HTTP/1.1 200 OK"
[2026-07-07 16:10:11,774] INFO httpx: HTTP Request: HEAD https://huggingface.co/datasets/McGill-NLP/stereoset/resolve/bf6e7ce50491784d094fb7afe60a70ecccb89035/dataset_infos.json "HTTP/1.1 404 Not Found"
[2026-07-07 16:10:11,811] INFO httpx: HTTP Request: GET https://huggingface.co/api/datasets/McGill-NLP/stereoset/tree/bf6e7ce50491784d094fb7afe60a70ecccb89035/intrasentence?recursive=true&expand=false "HTTP/1.1 200 OK"
[2026-07-07 16:10:12,251] INFO httpx: HTTP Request: HEAD https://huggingface.co/datasets/McGill-NLP/stereoset/resolve/bf6e7ce50491784d094fb7afe60a70ecccb89035/intrasentence/validation-00000-of-00001.parquet "HTTP/1.1 302 Found"
Generating validation split:   0%|          | 0/2106 [00:00<?, ? examples/s]Generating validation split: 100%|██████████| 2106/2106 [00:00<00:00, 183250.09 examples/s]
[2026-07-07 16:10:12,781] INFO moe_bias_shapley.benchmarks: Loaded 100 StereoSet pairs from 2106 items
[2026-07-07 16:10:12,781] INFO moe_bias_shapley.benchmarks: Loading BBQ category=Gender_identity split=test …
[2026-07-07 16:10:12,821] INFO httpx: HTTP Request: HEAD https://huggingface.co/datasets/heegyu/bbq/resolve/refs%2Fconvert%2Fparquet/README.md "HTTP/1.1 404 Not Found"
[2026-07-07 16:10:13,337] INFO httpx: HTTP Request: GET https://huggingface.co/api/datasets/heegyu/bbq/revision/refs%2Fconvert%2Fparquet "HTTP/1.1 200 OK"
[2026-07-07 16:10:13,372] INFO httpx: HTTP Request: HEAD https://huggingface.co/datasets/heegyu/bbq/resolve/da21e4bdbe74d6bed714ee80b4941c9c73958aea/bbq.py "HTTP/1.1 404 Not Found"
[2026-07-07 16:10:13,412] INFO httpx: HTTP Request: HEAD https://s3.amazonaws.com/datasets.huggingface.co/datasets/datasets/heegyu/bbq/heegyu/bbq.py "HTTP/1.1 404 Not Found"
[2026-07-07 16:10:13,443] INFO httpx: HTTP Request: HEAD https://huggingface.co/datasets/heegyu/bbq/resolve/da21e4bdbe74d6bed714ee80b4941c9c73958aea/README.md "HTTP/1.1 404 Not Found"
[2026-07-07 16:10:13,474] INFO httpx: HTTP Request: GET https://huggingface.co/api/datasets/heegyu/bbq/revision/da21e4bdbe74d6bed714ee80b4941c9c73958aea "HTTP/1.1 200 OK"
[2026-07-07 16:10:13,509] INFO httpx: HTTP Request: HEAD https://huggingface.co/datasets/heegyu/bbq/resolve/da21e4bdbe74d6bed714ee80b4941c9c73958aea/.huggingface.yaml "HTTP/1.1 404 Not Found"
[2026-07-07 16:10:13,543] INFO httpx: HTTP Request: GET https://huggingface.co/api/datasets/heegyu/bbq/tree/da21e4bdbe74d6bed714ee80b4941c9c73958aea/Gender_identity%2Fdata?recursive=true&expand=false "HTTP/1.1 404 Not Found"
[2026-07-07 16:10:13,578] INFO httpx: HTTP Request: GET https://huggingface.co/api/datasets/heegyu/bbq/tree/da21e4bdbe74d6bed714ee80b4941c9c73958aea/Gender_identity?recursive=false&expand=false "HTTP/1.1 200 OK"
[2026-07-07 16:10:13,625] INFO httpx: HTTP Request: GET https://huggingface.co/api/datasets/heegyu/bbq/tree/da21e4bdbe74d6bed714ee80b4941c9c73958aea/Gender_identity%2Ftest?recursive=true&expand=false "HTTP/1.1 200 OK"
[2026-07-07 16:10:13,658] INFO httpx: HTTP Request: GET https://huggingface.co/api/datasets/heegyu/bbq/tree/da21e4bdbe74d6bed714ee80b4941c9c73958aea?recursive=false&expand=false "HTTP/1.1 200 OK"
[2026-07-07 16:10:13,706] INFO httpx: HTTP Request: HEAD https://huggingface.co/datasets/heegyu/bbq/resolve/da21e4bdbe74d6bed714ee80b4941c9c73958aea/dataset_infos.json "HTTP/1.1 404 Not Found"
[2026-07-07 16:10:13,748] INFO httpx: HTTP Request: HEAD https://huggingface.co/datasets/heegyu/bbq/resolve/da21e4bdbe74d6bed714ee80b4941c9c73958aea/Gender_identity/test/0000.parquet "HTTP/1.1 302 Found"
Generating test split: 0 examples [00:00, ? examples/s]Generating test split: 5672 examples [00:00, 563439.18 examples/s]
[2026-07-07 16:10:14,199] INFO moe_bias_shapley.benchmarks: Loaded 100 BBQ pairs across 2 categories
[2026-07-07 16:10:14,204] INFO moe_bias_shapley.benchmarks: Loaded 100 WinoGender pairs
[2026-07-07 16:10:14,204] INFO moe_bias_shapley.benchmarks: Total prompt pairs: 100
[2026-07-07 16:10:20,090] INFO moe_bias_shapley.modeling: Loading tokenizer + model: allenai/OLMoE-1B-7B-0924 (family=olmoe)
[2026-07-07 16:10:20,134] INFO httpx: HTTP Request: HEAD https://huggingface.co/allenai/OLMoE-1B-7B-0924/resolve/main/config.json "HTTP/1.1 307 Temporary Redirect"
[2026-07-07 16:10:20,141] INFO httpx: HTTP Request: HEAD https://huggingface.co/api/resolve-cache/models/allenai/OLMoE-1B-7B-0924/6d84c48581ece794365f2b8e9cfb043c68ade9c5/config.json "HTTP/1.1 200 OK"
[2026-07-07 16:10:20,149] INFO httpx: HTTP Request: GET https://huggingface.co/api/resolve-cache/models/allenai/OLMoE-1B-7B-0924/6d84c48581ece794365f2b8e9cfb043c68ade9c5/config.json "HTTP/1.1 200 OK"
[2026-07-07 16:10:20,191] INFO httpx: HTTP Request: HEAD https://huggingface.co/allenai/OLMoE-1B-7B-0924/resolve/main/tokenizer_config.json "HTTP/1.1 307 Temporary Redirect"
[2026-07-07 16:10:20,197] INFO httpx: HTTP Request: HEAD https://huggingface.co/api/resolve-cache/models/allenai/OLMoE-1B-7B-0924/6d84c48581ece794365f2b8e9cfb043c68ade9c5/tokenizer_config.json "HTTP/1.1 200 OK"
[2026-07-07 16:10:20,203] INFO httpx: HTTP Request: GET https://huggingface.co/api/resolve-cache/models/allenai/OLMoE-1B-7B-0924/6d84c48581ece794365f2b8e9cfb043c68ade9c5/tokenizer_config.json "HTTP/1.1 200 OK"
[2026-07-07 16:10:20,245] INFO httpx: HTTP Request: GET https://huggingface.co/api/models/allenai/OLMoE-1B-7B-0924/tree/main/additional_chat_templates?recursive=false&expand=false "HTTP/1.1 404 Not Found"
[2026-07-07 16:10:20,289] INFO httpx: HTTP Request: GET https://huggingface.co/api/models/allenai/OLMoE-1B-7B-0924/tree/main?recursive=true&expand=false "HTTP/1.1 200 OK"
[2026-07-07 16:10:20,324] INFO httpx: HTTP Request: HEAD https://huggingface.co/allenai/OLMoE-1B-7B-0924/resolve/main/vocab.json "HTTP/1.1 404 Not Found"
[2026-07-07 16:10:20,361] INFO httpx: HTTP Request: HEAD https://huggingface.co/allenai/OLMoE-1B-7B-0924/resolve/main/merges.txt "HTTP/1.1 404 Not Found"
[2026-07-07 16:10:20,453] INFO httpx: HTTP Request: HEAD https://huggingface.co/allenai/OLMoE-1B-7B-0924/resolve/main/tokenizer.json "HTTP/1.1 307 Temporary Redirect"
[2026-07-07 16:10:20,458] INFO httpx: HTTP Request: HEAD https://huggingface.co/api/resolve-cache/models/allenai/OLMoE-1B-7B-0924/6d84c48581ece794365f2b8e9cfb043c68ade9c5/tokenizer.json "HTTP/1.1 200 OK"
[2026-07-07 16:10:20,463] INFO httpx: HTTP Request: GET https://huggingface.co/api/resolve-cache/models/allenai/OLMoE-1B-7B-0924/6d84c48581ece794365f2b8e9cfb043c68ade9c5/tokenizer.json "HTTP/1.1 200 OK"
[2026-07-07 16:10:20,514] INFO httpx: HTTP Request: HEAD https://huggingface.co/allenai/OLMoE-1B-7B-0924/resolve/main/added_tokens.json "HTTP/1.1 404 Not Found"
[2026-07-07 16:10:20,549] INFO httpx: HTTP Request: HEAD https://huggingface.co/allenai/OLMoE-1B-7B-0924/resolve/main/special_tokens_map.json "HTTP/1.1 307 Temporary Redirect"
[2026-07-07 16:10:20,555] INFO httpx: HTTP Request: HEAD https://huggingface.co/api/resolve-cache/models/allenai/OLMoE-1B-7B-0924/6d84c48581ece794365f2b8e9cfb043c68ade9c5/special_tokens_map.json "HTTP/1.1 200 OK"
[2026-07-07 16:10:20,561] INFO httpx: HTTP Request: GET https://huggingface.co/api/resolve-cache/models/allenai/OLMoE-1B-7B-0924/6d84c48581ece794365f2b8e9cfb043c68ade9c5/special_tokens_map.json "HTTP/1.1 200 OK"
[2026-07-07 16:10:20,599] INFO httpx: HTTP Request: HEAD https://huggingface.co/allenai/OLMoE-1B-7B-0924/resolve/main/chat_template.jinja "HTTP/1.1 404 Not Found"
[2026-07-07 16:10:20,724] INFO httpx: HTTP Request: HEAD https://huggingface.co/allenai/OLMoE-1B-7B-0924/resolve/main/config.json "HTTP/1.1 307 Temporary Redirect"
[2026-07-07 16:10:20,730] INFO httpx: HTTP Request: HEAD https://huggingface.co/api/resolve-cache/models/allenai/OLMoE-1B-7B-0924/6d84c48581ece794365f2b8e9cfb043c68ade9c5/config.json "HTTP/1.1 200 OK"
[2026-07-07 16:10:21,610] INFO httpx: HTTP Request: HEAD https://huggingface.co/allenai/OLMoE-1B-7B-0924/resolve/main/model.safetensors "HTTP/1.1 404 Not Found"
[2026-07-07 16:10:21,644] INFO httpx: HTTP Request: HEAD https://huggingface.co/allenai/OLMoE-1B-7B-0924/resolve/main/model.safetensors.index.json "HTTP/1.1 307 Temporary Redirect"
[2026-07-07 16:10:21,649] INFO httpx: HTTP Request: HEAD https://huggingface.co/api/resolve-cache/models/allenai/OLMoE-1B-7B-0924/6d84c48581ece794365f2b8e9cfb043c68ade9c5/model.safetensors.index.json "HTTP/1.1 200 OK"
[2026-07-07 16:10:21,656] INFO httpx: HTTP Request: GET https://huggingface.co/api/resolve-cache/models/allenai/OLMoE-1B-7B-0924/6d84c48581ece794365f2b8e9cfb043c68ade9c5/model.safetensors.index.json "HTTP/1.1 200 OK"
[2026-07-07 16:10:21,697] INFO httpx: HTTP Request: GET https://huggingface.co/api/models/allenai/OLMoE-1B-7B-0924/revision/main "HTTP/1.1 200 OK"
[2026-07-07 16:10:21,742] INFO httpx: HTTP Request: GET https://huggingface.co/api/models/allenai/OLMoE-1B-7B-0924/tree/6d84c48581ece794365f2b8e9cfb043c68ade9c5?recursive=true&expand=false "HTTP/1.1 200 OK"
Fetching 3 files:   0%|          | 0/3 [00:00<?, ?it/s]Fetching 3 files:  33%|███▎      | 1/3 [00:13<00:27, 13.55s/it]Fetching 3 files: 100%|██████████| 3/3 [00:13<00:00,  4.52s/it]
Loading weights:   0%|          | 0/179 [00:00<?, ?it/s]Loading weights:   8%|▊         | 15/179 [00:00<00:01, 87.50it/s]Loading weights:  15%|█▌        | 27/179 [00:00<00:01, 101.99it/s]Loading weights:  27%|██▋       | 48/179 [00:00<00:01, 109.41it/s]Loading weights:  39%|███▉      | 70/179 [00:00<00:00, 113.10it/s]Loading weights:  46%|████▌     | 82/179 [00:00<00:00, 114.64it/s]Loading weights:  58%|█████▊    | 103/179 [00:00<00:00, 114.89it/s]Loading weights:  70%|██████▉   | 125/179 [00:01<00:00, 116.59it/s]Loading weights:  82%|████████▏ | 147/179 [00:01<00:00, 117.33it/s]Loading weights:  89%|████████▉ | 159/179 [00:01<00:00, 117.47it/s]Loading weights: 100%|██████████| 179/179 [00:01<00:00, 120.49it/s]
[2026-07-07 16:10:37,786] INFO httpx: HTTP Request: HEAD https://huggingface.co/allenai/OLMoE-1B-7B-0924/resolve/main/generation_config.json "HTTP/1.1 307 Temporary Redirect"
[2026-07-07 16:10:37,792] INFO httpx: HTTP Request: HEAD https://huggingface.co/api/resolve-cache/models/allenai/OLMoE-1B-7B-0924/6d84c48581ece794365f2b8e9cfb043c68ade9c5/generation_config.json "HTTP/1.1 200 OK"
[2026-07-07 16:10:37,798] INFO httpx: HTTP Request: GET https://huggingface.co/api/resolve-cache/models/allenai/OLMoE-1B-7B-0924/6d84c48581ece794365f2b8e9cfb043c68ade9c5/generation_config.json "HTTP/1.1 200 OK"
[2026-07-07 16:10:37,800] INFO moe_bias_shapley.hooks: Discovered 16 MoE layers
[2026-07-07 16:10:49,420] INFO moe_bias_shapley.hooks: Discovered 16 MoE layers
[2026-07-07 16:11:00,671] INFO moe_bias_shapley.shapley: ablation_curve[phi_ranked]: k=1/1024 fraction=0.001 bias_gap=0.2135 drop=-0.000
[2026-07-07 16:11:00,672] INFO moe_bias_shapley.hooks: Discovered 16 MoE layers
[2026-07-07 16:11:11,938] INFO moe_bias_shapley.shapley: ablation_curve[phi_ranked]: k=2/1024 fraction=0.002 bias_gap=0.2116 drop=0.009
[2026-07-07 16:11:11,939] INFO moe_bias_shapley.hooks: Discovered 16 MoE layers
[2026-07-07 16:11:23,227] INFO moe_bias_shapley.shapley: ablation_curve[phi_ranked]: k=3/1024 fraction=0.003 bias_gap=0.2084 drop=0.024
[2026-07-07 16:11:23,228] INFO moe_bias_shapley.hooks: Discovered 16 MoE layers
[2026-07-07 16:11:34,534] INFO moe_bias_shapley.shapley: ablation_curve[phi_ranked]: k=4/1024 fraction=0.004 bias_gap=0.2166 drop=-0.015
[2026-07-07 16:11:34,535] INFO moe_bias_shapley.hooks: Discovered 16 MoE layers
[2026-07-07 16:11:45,845] INFO moe_bias_shapley.shapley: ablation_curve[phi_ranked]: k=5/1024 fraction=0.005 bias_gap=0.2155 drop=-0.009
[2026-07-07 16:11:45,846] INFO moe_bias_shapley.hooks: Discovered 16 MoE layers
[2026-07-07 16:11:57,158] INFO moe_bias_shapley.shapley: ablation_curve[phi_ranked]: k=6/1024 fraction=0.006 bias_gap=0.2169 drop=-0.016
[2026-07-07 16:11:57,159] INFO moe_bias_shapley.hooks: Discovered 16 MoE layers
[2026-07-07 16:12:08,485] INFO moe_bias_shapley.shapley: ablation_curve[phi_ranked]: k=7/1024 fraction=0.007 bias_gap=0.2134 drop=0.000
[2026-07-07 16:12:08,486] INFO moe_bias_shapley.hooks: Discovered 16 MoE layers
[2026-07-07 16:12:19,822] INFO moe_bias_shapley.shapley: ablation_curve[phi_ranked]: k=8/1024 fraction=0.008 bias_gap=0.2181 drop=-0.022
[2026-07-07 16:12:19,823] INFO moe_bias_shapley.hooks: Discovered 16 MoE layers
[2026-07-07 16:12:31,135] INFO moe_bias_shapley.shapley: ablation_curve[phi_ranked]: k=9/1024 fraction=0.009 bias_gap=0.2188 drop=-0.025
[2026-07-07 16:12:31,136] INFO moe_bias_shapley.hooks: Discovered 16 MoE layers
[2026-07-07 16:12:42,446] INFO moe_bias_shapley.shapley: ablation_curve[phi_ranked]: k=10/1024 fraction=0.010 bias_gap=0.2116 drop=0.009
[2026-07-07 16:12:42,447] INFO moe_bias_shapley.hooks: Discovered 16 MoE layers
[2026-07-07 16:12:54,211] INFO moe_bias_shapley.shapley: ablation_curve[phi_ranked]: k=102/1024 fraction=0.100 bias_gap=0.1751 drop=0.180
[2026-07-07 16:12:54,212] INFO moe_bias_shapley.hooks: Discovered 16 MoE layers
[2026-07-07 16:13:06,400] INFO moe_bias_shapley.shapley: ablation_curve[phi_ranked]: k=205/1024 fraction=0.200 bias_gap=0.1869 drop=0.124
[2026-07-07 16:13:06,401] INFO moe_bias_shapley.hooks: Discovered 16 MoE layers
[2026-07-07 16:13:18,953] INFO moe_bias_shapley.shapley: ablation_curve[phi_ranked]: k=307/1024 fraction=0.300 bias_gap=0.1769 drop=0.171
[2026-07-07 16:13:18,954] INFO moe_bias_shapley.hooks: Discovered 16 MoE layers
[2026-07-07 16:13:31,795] INFO moe_bias_shapley.shapley: ablation_curve[phi_ranked]: k=512/1024 fraction=0.500 bias_gap=0.0790 drop=0.630
[2026-07-07 16:13:31,796] INFO moe_bias_shapley.hooks: Discovered 16 MoE layers
[2026-07-07 16:13:44,634] INFO moe_bias_shapley.shapley: ablation_curve[phi_ranked]: k=768/1024 fraction=0.750 bias_gap=0.1226 drop=0.426
[2026-07-07 16:13:44,635] INFO moe_bias_shapley.hooks: Discovered 16 MoE layers
[2026-07-07 16:13:58,274] INFO moe_bias_shapley.shapley: ablation_curve[phi_ranked]: k=1024/1024 fraction=1.000 bias_gap=0.0940 drop=0.559
[2026-07-07 16:13:58,276] INFO moe_bias_shapley.hooks: Discovered 16 MoE layers
[2026-07-07 16:14:09,588] INFO moe_bias_shapley.shapley: ablation_curve[random]: k=1/1024 fraction=0.001 bias_gap=0.2145 drop=-0.005
[2026-07-07 16:14:09,590] INFO moe_bias_shapley.hooks: Discovered 16 MoE layers
[2026-07-07 16:14:20,895] INFO moe_bias_shapley.shapley: ablation_curve[random]: k=2/1024 fraction=0.002 bias_gap=0.2148 drop=-0.006
[2026-07-07 16:14:20,896] INFO moe_bias_shapley.hooks: Discovered 16 MoE layers
[2026-07-07 16:14:32,254] INFO moe_bias_shapley.shapley: ablation_curve[random]: k=3/1024 fraction=0.003 bias_gap=0.2147 drop=-0.006
[2026-07-07 16:14:32,255] INFO moe_bias_shapley.hooks: Discovered 16 MoE layers
[2026-07-07 16:14:43,628] INFO moe_bias_shapley.shapley: ablation_curve[random]: k=4/1024 fraction=0.004 bias_gap=0.2136 drop=-0.000
[2026-07-07 16:14:43,629] INFO moe_bias_shapley.hooks: Discovered 16 MoE layers
[2026-07-07 16:14:55,012] INFO moe_bias_shapley.shapley: ablation_curve[random]: k=5/1024 fraction=0.005 bias_gap=0.2139 drop=-0.002
[2026-07-07 16:14:55,013] INFO moe_bias_shapley.hooks: Discovered 16 MoE layers
[2026-07-07 16:15:06,410] INFO moe_bias_shapley.shapley: ablation_curve[random]: k=6/1024 fraction=0.006 bias_gap=0.2138 drop=-0.002
[2026-07-07 16:15:06,411] INFO moe_bias_shapley.hooks: Discovered 16 MoE layers
[2026-07-07 16:15:17,834] INFO moe_bias_shapley.shapley: ablation_curve[random]: k=7/1024 fraction=0.007 bias_gap=0.2142 drop=-0.003
[2026-07-07 16:15:17,835] INFO moe_bias_shapley.hooks: Discovered 16 MoE layers
[2026-07-07 16:15:29,287] INFO moe_bias_shapley.shapley: ablation_curve[random]: k=8/1024 fraction=0.008 bias_gap=0.2135 drop=-0.000
[2026-07-07 16:15:29,289] INFO moe_bias_shapley.hooks: Discovered 16 MoE layers
[2026-07-07 16:15:40,733] INFO moe_bias_shapley.shapley: ablation_curve[random]: k=9/1024 fraction=0.009 bias_gap=0.2103 drop=0.015
[2026-07-07 16:15:40,734] INFO moe_bias_shapley.hooks: Discovered 16 MoE layers
[2026-07-07 16:15:52,218] INFO moe_bias_shapley.shapley: ablation_curve[random]: k=10/1024 fraction=0.010 bias_gap=0.2113 drop=0.010
[2026-07-07 16:15:52,219] INFO moe_bias_shapley.hooks: Discovered 16 MoE layers
[2026-07-07 16:16:04,125] INFO moe_bias_shapley.shapley: ablation_curve[random]: k=102/1024 fraction=0.100 bias_gap=0.2214 drop=-0.037
[2026-07-07 16:16:04,126] INFO moe_bias_shapley.hooks: Discovered 16 MoE layers
[2026-07-07 16:16:16,459] INFO moe_bias_shapley.shapley: ablation_curve[random]: k=205/1024 fraction=0.200 bias_gap=0.2203 drop=-0.032
[2026-07-07 16:16:16,460] INFO moe_bias_shapley.hooks: Discovered 16 MoE layers
[2026-07-07 16:16:29,136] INFO moe_bias_shapley.shapley: ablation_curve[random]: k=307/1024 fraction=0.300 bias_gap=0.2031 drop=0.049
[2026-07-07 16:16:29,137] INFO moe_bias_shapley.hooks: Discovered 16 MoE layers
[2026-07-07 16:16:42,452] INFO moe_bias_shapley.shapley: ablation_curve[random]: k=512/1024 fraction=0.500 bias_gap=0.1193 drop=0.441
[2026-07-07 16:16:42,454] INFO moe_bias_shapley.hooks: Discovered 16 MoE layers
[2026-07-07 16:16:55,128] INFO moe_bias_shapley.shapley: ablation_curve[random]: k=768/1024 fraction=0.750 bias_gap=0.0257 drop=0.880
[2026-07-07 16:16:55,129] INFO moe_bias_shapley.hooks: Discovered 16 MoE layers
[2026-07-07 16:17:08,810] INFO moe_bias_shapley.shapley: ablation_curve[random]: k=1024/1024 fraction=1.000 bias_gap=0.0940 drop=0.559
[2026-07-07 16:17:08,813] INFO run_experiment4_ablation: Done. Experiment 4 results in /storage/ice1/0/2/sghose7/moe-breakdown-bias-runs/expt-bias-1/exp1-concentration-olmoe-1b-7b/experiment4/experiment4_ablation_curve.json
