Using CPython 3.11.15
Creating virtual environment at: /tmp/moe-bias-shapley-venv
Activate with: source /tmp/moe-bias-shapley-venv/bin/activate
Using Python 3.11.15 environment at: /tmp/moe-bias-shapley-venv
Resolved 4 packages in 206ms
Downloading pip (1.7MiB)
 Downloaded pip
Prepared 4 packages in 137ms
Installed 4 packages in 36ms
 + packaging==26.2
 + pip==26.1.2
 + setuptools==83.0.0
 + wheel==0.47.0
Using Python 3.11.15 environment at: /tmp/moe-bias-shapley-venv
Resolved 4 packages in 298ms
   Building moe-bias-shapley @ file:///storage/ice1/0/2/sghose7/moe-breakdown/moe-expt-bias/expt-bias-1
Downloading numpy (16.1MiB)
Downloading scipy (33.7MiB)
 Downloaded numpy
 Downloaded scipy
      Built moe-bias-shapley @ file:///storage/ice1/0/2/sghose7/moe-breakdown/moe-expt-bias/expt-bias-1
Prepared 4 packages in 937ms
Installed 4 packages in 182ms
 + moe-bias-shapley==0.1.0 (from file:///storage/ice1/0/2/sghose7/moe-breakdown/moe-expt-bias/expt-bias-1)
 + numpy==2.4.6
 + pyyaml==6.0.3
 + scipy==1.17.1
Using Python 3.11.15 environment at: /tmp/moe-bias-shapley-venv
Resolved 22 packages in 810ms
Downloading nvidia-cudnn-cu12 (634.0MiB)
Downloading nvidia-nccl-cu12 (168.1MiB)
Downloading nvidia-cuda-nvrtc-cu12 (22.6MiB)
Downloading nvidia-cuda-cupti-cu12 (13.5MiB)
Downloading nvidia-curand-cu12 (53.9MiB)
Downloading nvidia-cufft-cu12 (116.0MiB)
Downloading nvidia-cusparse-cu12 (186.9MiB)
Downloading nvidia-cublas-cu12 (391.6MiB)
Downloading nvidia-cusolver-cu12 (118.4MiB)
Downloading nvidia-nvjitlink-cu12 (37.9MiB)
Downloading triton (199.7MiB)
Downloading torch (762.1MiB)
Downloading networkx (2.0MiB)
Downloading sympy (6.0MiB)
 Downloaded nvidia-cuda-cupti-cu12
 Downloaded nvidia-nvjitlink-cu12
 Downloaded nvidia-cuda-nvrtc-cu12
 Downloaded networkx
 Downloaded nvidia-cusolver-cu12
 Downloaded nvidia-curand-cu12
 Downloaded triton
 Downloaded nvidia-cufft-cu12
 Downloaded nvidia-nccl-cu12
 Downloaded nvidia-cusparse-cu12
 Downloaded nvidia-cublas-cu12
 Downloaded sympy
 Downloaded nvidia-cudnn-cu12
 Downloaded torch
Prepared 22 packages in 26.30s
Installed 22 packages in 2.25s
 + filelock==3.29.0
 + fsspec==2026.4.0
 + jinja2==3.1.6
 + markupsafe==3.0.3
 + mpmath==1.3.0
 + networkx==3.6.1
 + nvidia-cublas-cu12==12.1.3.1
 + nvidia-cuda-cupti-cu12==12.1.105
 + nvidia-cuda-nvrtc-cu12==12.1.105
 + nvidia-cuda-runtime-cu12==12.1.105
 + nvidia-cudnn-cu12==9.1.0.70
 + nvidia-cufft-cu12==11.0.2.54
 + nvidia-curand-cu12==10.3.2.106
 + nvidia-cusolver-cu12==11.4.5.107
 + nvidia-cusparse-cu12==12.1.0.106
 + nvidia-nccl-cu12==2.20.5
 + nvidia-nvjitlink-cu12==12.9.86
 + nvidia-nvtx-cu12==12.1.105
 + sympy==1.14.0
 + torch==2.4.0+cu121
 + triton==3.0.0
 + typing-extensions==4.15.0
Using Python 3.11.15 environment at: /tmp/moe-bias-shapley-venv
Resolved 69 packages in 867ms
Downloading tokenizers (3.1MiB)
Downloading pyarrow (46.6MiB)
Downloading transformers (11.0MiB)
Downloading aiohttp (1.7MiB)
Downloading sentencepiece (1.3MiB)
Downloading pygments (1.2MiB)
Downloading hf-xet (4.3MiB)
Downloading pandas (10.8MiB)
 Downloaded sentencepiece
 Downloaded aiohttp
 Downloaded tokenizers
 Downloaded hf-xet
 Downloaded pygments
 Downloaded pandas
 Downloaded pyarrow
 Downloaded transformers
Prepared 44 packages in 1.10s
Installed 44 packages in 293ms
 + accelerate==1.14.0
 + aiohappyeyeballs==2.7.1
 + aiohttp==3.14.1
 + aiosignal==1.4.0
 + annotated-doc==0.0.4
 + anyio==4.14.1
 + attrs==26.1.0
 + certifi==2026.6.17
 + charset-normalizer==3.4.8
 + click==8.4.2
 + datasets==5.0.0
 + dill==0.4.1
 + frozenlist==1.8.0
 + h11==0.16.0
 + hf-xet==1.5.1
 + httpcore==1.0.9
 + httpx==0.28.1
 + huggingface-hub==1.22.0
 + idna==3.18
 + markdown-it-py==4.2.0
 + mdurl==0.1.2
 + multidict==6.7.1
 + multiprocess==0.70.19
 + pandas==3.0.3
 + propcache==0.5.2
 + protobuf==7.35.1
 + psutil==7.2.2
 + pyarrow==24.0.0
 + pygments==2.20.0
 + python-dateutil==2.9.0.post0
 + regex==2026.6.28
 + requests==2.34.2
 + rich==15.0.0
 + safetensors==0.8.0
 + sentencepiece==0.2.1
 + shellingham==1.5.4
 + six==1.17.0
 + tokenizers==0.22.2
 + tqdm==4.68.3
 + transformers==5.13.0
 + typer==0.26.8
 + urllib3==2.7.0
 + xxhash==3.8.1
 + yarl==1.24.2
Using Python 3.11.15 environment at: /tmp/moe-bias-shapley-venv
Resolved 25 packages in 150ms
Downloading bitsandbytes (57.8MiB)
 Downloaded bitsandbytes
Prepared 1 package in 766ms
Installed 1 package in 84ms
 + bitsandbytes==0.49.2
[2026-07-07 01:42:10,037] INFO run_experiment4_ablation: === Experiment 4 (ablation cross-check): exp1-concentration-olmoe-1b-7b ===
[2026-07-07 01:42:10,037] INFO run_experiment4_ablation: Model: allenai/OLMoE-1B-7B-0924 | family: olmoe | max_pairs: 30 | result_dir: /home/hice1/sghose7/scratch/moe-breakdown-bias-runs/expt-bias-1/exp1-concentration-olmoe-1b-7b
[2026-07-07 01:42:10,039] INFO run_experiment4_ablation: Loaded 1024 ranked players from /home/hice1/sghose7/scratch/moe-breakdown-bias-runs/expt-bias-1/exp1-concentration-olmoe-1b-7b
[2026-07-07 01:42:12,400] INFO moe_bias_shapley.benchmarks: Loading StereoSet (intrasentence / validation) …
[2026-07-07 01:42:12,438] INFO httpx: HTTP Request: GET https://huggingface.co/api/agent-harnesses "HTTP/1.1 200 OK"
[2026-07-07 01:42:12,487] INFO httpx: HTTP Request: HEAD https://huggingface.co/datasets/McGill-NLP/stereoset/resolve/main/README.md "HTTP/1.1 307 Temporary Redirect"
[2026-07-07 01:42:12,493] INFO httpx: HTTP Request: HEAD https://huggingface.co/api/resolve-cache/datasets/McGill-NLP/stereoset/bf6e7ce50491784d094fb7afe60a70ecccb89035/README.md "HTTP/1.1 200 OK"
[2026-07-07 01:42:12,498] INFO httpx: HTTP Request: GET https://huggingface.co/api/resolve-cache/datasets/McGill-NLP/stereoset/bf6e7ce50491784d094fb7afe60a70ecccb89035/README.md "HTTP/1.1 200 OK"
[2026-07-07 01:42:12,549] INFO httpx: HTTP Request: HEAD https://huggingface.co/datasets/McGill-NLP/stereoset/resolve/bf6e7ce50491784d094fb7afe60a70ecccb89035/stereoset.py "HTTP/1.1 404 Not Found"
[2026-07-07 01:42:12,619] INFO httpx: HTTP Request: HEAD https://s3.amazonaws.com/datasets.huggingface.co/datasets/datasets/McGill-NLP/stereoset/McGill-NLP/stereoset.py "HTTP/1.1 404 Not Found"
[2026-07-07 01:42:12,844] INFO httpx: HTTP Request: GET https://huggingface.co/api/datasets/McGill-NLP/stereoset/revision/bf6e7ce50491784d094fb7afe60a70ecccb89035 "HTTP/1.1 200 OK"
[2026-07-07 01:42:12,875] INFO httpx: HTTP Request: HEAD https://huggingface.co/datasets/McGill-NLP/stereoset/resolve/bf6e7ce50491784d094fb7afe60a70ecccb89035/.huggingface.yaml "HTTP/1.1 404 Not Found"
[2026-07-07 01:42:12,925] INFO httpx: HTTP Request: GET https://datasets-server.huggingface.co/info?dataset=McGill-NLP/stereoset "HTTP/1.1 200 OK"
[2026-07-07 01:42:12,960] INFO httpx: HTTP Request: GET https://huggingface.co/api/datasets/McGill-NLP/stereoset/tree/bf6e7ce50491784d094fb7afe60a70ecccb89035/intersentence?recursive=true&expand=false "HTTP/1.1 200 OK"
[2026-07-07 01:42:12,994] INFO httpx: HTTP Request: GET https://huggingface.co/api/datasets/McGill-NLP/stereoset/tree/bf6e7ce50491784d094fb7afe60a70ecccb89035?recursive=false&expand=false "HTTP/1.1 200 OK"
[2026-07-07 01:42:13,029] INFO httpx: HTTP Request: HEAD https://huggingface.co/datasets/McGill-NLP/stereoset/resolve/bf6e7ce50491784d094fb7afe60a70ecccb89035/dataset_infos.json "HTTP/1.1 404 Not Found"
[2026-07-07 01:42:13,068] INFO httpx: HTTP Request: GET https://huggingface.co/api/datasets/McGill-NLP/stereoset/tree/bf6e7ce50491784d094fb7afe60a70ecccb89035/intrasentence?recursive=true&expand=false "HTTP/1.1 200 OK"
[2026-07-07 01:42:13,457] INFO httpx: HTTP Request: HEAD https://huggingface.co/datasets/McGill-NLP/stereoset/resolve/bf6e7ce50491784d094fb7afe60a70ecccb89035/intrasentence/validation-00000-of-00001.parquet "HTTP/1.1 302 Found"
Generating validation split:   0%|          | 0/2106 [00:00<?, ? examples/s]Generating validation split: 100%|██████████| 2106/2106 [00:00<00:00, 193409.48 examples/s]
[2026-07-07 01:42:13,951] INFO moe_bias_shapley.benchmarks: Loaded 30 StereoSet pairs from 2106 items
[2026-07-07 01:42:13,952] INFO moe_bias_shapley.benchmarks: Loading BBQ category=Gender_identity split=test …
[2026-07-07 01:42:13,986] INFO httpx: HTTP Request: HEAD https://huggingface.co/datasets/heegyu/bbq/resolve/refs%2Fconvert%2Fparquet/README.md "HTTP/1.1 404 Not Found"
[2026-07-07 01:42:14,016] INFO httpx: HTTP Request: GET https://huggingface.co/api/datasets/heegyu/bbq/revision/refs%2Fconvert%2Fparquet "HTTP/1.1 200 OK"
[2026-07-07 01:42:14,058] INFO httpx: HTTP Request: HEAD https://huggingface.co/datasets/heegyu/bbq/resolve/da21e4bdbe74d6bed714ee80b4941c9c73958aea/bbq.py "HTTP/1.1 404 Not Found"
[2026-07-07 01:42:14,081] INFO httpx: HTTP Request: HEAD https://s3.amazonaws.com/datasets.huggingface.co/datasets/datasets/heegyu/bbq/heegyu/bbq.py "HTTP/1.1 404 Not Found"
[2026-07-07 01:42:14,110] INFO httpx: HTTP Request: HEAD https://huggingface.co/datasets/heegyu/bbq/resolve/da21e4bdbe74d6bed714ee80b4941c9c73958aea/README.md "HTTP/1.1 404 Not Found"
[2026-07-07 01:42:14,142] INFO httpx: HTTP Request: GET https://huggingface.co/api/datasets/heegyu/bbq/revision/da21e4bdbe74d6bed714ee80b4941c9c73958aea "HTTP/1.1 200 OK"
[2026-07-07 01:42:14,188] INFO httpx: HTTP Request: HEAD https://huggingface.co/datasets/heegyu/bbq/resolve/da21e4bdbe74d6bed714ee80b4941c9c73958aea/.huggingface.yaml "HTTP/1.1 404 Not Found"
[2026-07-07 01:42:14,221] INFO httpx: HTTP Request: GET https://huggingface.co/api/datasets/heegyu/bbq/tree/da21e4bdbe74d6bed714ee80b4941c9c73958aea/Gender_identity%2Fdata?recursive=true&expand=false "HTTP/1.1 404 Not Found"
[2026-07-07 01:42:14,254] INFO httpx: HTTP Request: GET https://huggingface.co/api/datasets/heegyu/bbq/tree/da21e4bdbe74d6bed714ee80b4941c9c73958aea/Gender_identity?recursive=false&expand=false "HTTP/1.1 200 OK"
[2026-07-07 01:42:14,293] INFO httpx: HTTP Request: GET https://huggingface.co/api/datasets/heegyu/bbq/tree/da21e4bdbe74d6bed714ee80b4941c9c73958aea/Gender_identity%2Ftest?recursive=true&expand=false "HTTP/1.1 200 OK"
[2026-07-07 01:42:14,327] INFO httpx: HTTP Request: GET https://huggingface.co/api/datasets/heegyu/bbq/tree/da21e4bdbe74d6bed714ee80b4941c9c73958aea?recursive=false&expand=false "HTTP/1.1 200 OK"
[2026-07-07 01:42:14,373] INFO httpx: HTTP Request: HEAD https://huggingface.co/datasets/heegyu/bbq/resolve/da21e4bdbe74d6bed714ee80b4941c9c73958aea/dataset_infos.json "HTTP/1.1 404 Not Found"
[2026-07-07 01:42:14,428] INFO httpx: HTTP Request: HEAD https://huggingface.co/datasets/heegyu/bbq/resolve/da21e4bdbe74d6bed714ee80b4941c9c73958aea/Gender_identity/test/0000.parquet "HTTP/1.1 302 Found"
Generating test split: 0 examples [00:00, ? examples/s]Generating test split: 5672 examples [00:00, 614397.67 examples/s]
[2026-07-07 01:42:14,764] INFO moe_bias_shapley.benchmarks: Loaded 30 BBQ pairs across 2 categories
[2026-07-07 01:42:14,765] INFO moe_bias_shapley.benchmarks: Loaded 30 WinoGender pairs
[2026-07-07 01:42:14,766] INFO moe_bias_shapley.benchmarks: Total prompt pairs: 30
[2026-07-07 01:42:17,469] INFO moe_bias_shapley.modeling: Loading tokenizer + model: allenai/OLMoE-1B-7B-0924 (family=olmoe)
[2026-07-07 01:42:17,502] INFO httpx: HTTP Request: HEAD https://huggingface.co/allenai/OLMoE-1B-7B-0924/resolve/main/config.json "HTTP/1.1 307 Temporary Redirect"
[2026-07-07 01:42:17,506] INFO httpx: HTTP Request: HEAD https://huggingface.co/api/resolve-cache/models/allenai/OLMoE-1B-7B-0924/6d84c48581ece794365f2b8e9cfb043c68ade9c5/config.json "HTTP/1.1 200 OK"
[2026-07-07 01:42:17,513] INFO httpx: HTTP Request: GET https://huggingface.co/api/resolve-cache/models/allenai/OLMoE-1B-7B-0924/6d84c48581ece794365f2b8e9cfb043c68ade9c5/config.json "HTTP/1.1 200 OK"
[2026-07-07 01:42:17,547] INFO httpx: HTTP Request: HEAD https://huggingface.co/allenai/OLMoE-1B-7B-0924/resolve/main/tokenizer_config.json "HTTP/1.1 307 Temporary Redirect"
[2026-07-07 01:42:17,552] INFO httpx: HTTP Request: HEAD https://huggingface.co/api/resolve-cache/models/allenai/OLMoE-1B-7B-0924/6d84c48581ece794365f2b8e9cfb043c68ade9c5/tokenizer_config.json "HTTP/1.1 200 OK"
[2026-07-07 01:42:17,557] INFO httpx: HTTP Request: GET https://huggingface.co/api/resolve-cache/models/allenai/OLMoE-1B-7B-0924/6d84c48581ece794365f2b8e9cfb043c68ade9c5/tokenizer_config.json "HTTP/1.1 200 OK"
[2026-07-07 01:42:17,597] INFO httpx: HTTP Request: GET https://huggingface.co/api/models/allenai/OLMoE-1B-7B-0924/tree/main/additional_chat_templates?recursive=false&expand=false "HTTP/1.1 404 Not Found"
[2026-07-07 01:42:17,630] INFO httpx: HTTP Request: GET https://huggingface.co/api/models/allenai/OLMoE-1B-7B-0924/tree/main?recursive=true&expand=false "HTTP/1.1 200 OK"
[2026-07-07 01:42:17,659] INFO httpx: HTTP Request: HEAD https://huggingface.co/allenai/OLMoE-1B-7B-0924/resolve/main/vocab.json "HTTP/1.1 404 Not Found"
[2026-07-07 01:42:17,693] INFO httpx: HTTP Request: HEAD https://huggingface.co/allenai/OLMoE-1B-7B-0924/resolve/main/merges.txt "HTTP/1.1 404 Not Found"
[2026-07-07 01:42:17,728] INFO httpx: HTTP Request: HEAD https://huggingface.co/allenai/OLMoE-1B-7B-0924/resolve/main/tokenizer.json "HTTP/1.1 307 Temporary Redirect"
[2026-07-07 01:42:17,733] INFO httpx: HTTP Request: HEAD https://huggingface.co/api/resolve-cache/models/allenai/OLMoE-1B-7B-0924/6d84c48581ece794365f2b8e9cfb043c68ade9c5/tokenizer.json "HTTP/1.1 200 OK"
[2026-07-07 01:42:17,739] INFO httpx: HTTP Request: GET https://huggingface.co/api/resolve-cache/models/allenai/OLMoE-1B-7B-0924/6d84c48581ece794365f2b8e9cfb043c68ade9c5/tokenizer.json "HTTP/1.1 200 OK"
[2026-07-07 01:42:17,787] INFO httpx: HTTP Request: HEAD https://huggingface.co/allenai/OLMoE-1B-7B-0924/resolve/main/added_tokens.json "HTTP/1.1 404 Not Found"
[2026-07-07 01:42:17,819] INFO httpx: HTTP Request: HEAD https://huggingface.co/allenai/OLMoE-1B-7B-0924/resolve/main/special_tokens_map.json "HTTP/1.1 307 Temporary Redirect"
[2026-07-07 01:42:17,824] INFO httpx: HTTP Request: HEAD https://huggingface.co/api/resolve-cache/models/allenai/OLMoE-1B-7B-0924/6d84c48581ece794365f2b8e9cfb043c68ade9c5/special_tokens_map.json "HTTP/1.1 200 OK"
[2026-07-07 01:42:17,829] INFO httpx: HTTP Request: GET https://huggingface.co/api/resolve-cache/models/allenai/OLMoE-1B-7B-0924/6d84c48581ece794365f2b8e9cfb043c68ade9c5/special_tokens_map.json "HTTP/1.1 200 OK"
[2026-07-07 01:42:17,863] INFO httpx: HTTP Request: HEAD https://huggingface.co/allenai/OLMoE-1B-7B-0924/resolve/main/chat_template.jinja "HTTP/1.1 404 Not Found"
[2026-07-07 01:42:17,994] INFO httpx: HTTP Request: HEAD https://huggingface.co/allenai/OLMoE-1B-7B-0924/resolve/main/config.json "HTTP/1.1 307 Temporary Redirect"
[2026-07-07 01:42:18,000] INFO httpx: HTTP Request: HEAD https://huggingface.co/api/resolve-cache/models/allenai/OLMoE-1B-7B-0924/6d84c48581ece794365f2b8e9cfb043c68ade9c5/config.json "HTTP/1.1 200 OK"
[transformers] `torch_dtype` is deprecated! Use `dtype` instead!
[2026-07-07 01:42:21,333] INFO httpx: HTTP Request: HEAD https://huggingface.co/allenai/OLMoE-1B-7B-0924/resolve/main/model.safetensors "HTTP/1.1 404 Not Found"
[2026-07-07 01:42:21,374] INFO httpx: HTTP Request: HEAD https://huggingface.co/allenai/OLMoE-1B-7B-0924/resolve/main/model.safetensors.index.json "HTTP/1.1 307 Temporary Redirect"
[2026-07-07 01:42:21,382] INFO httpx: HTTP Request: HEAD https://huggingface.co/api/resolve-cache/models/allenai/OLMoE-1B-7B-0924/6d84c48581ece794365f2b8e9cfb043c68ade9c5/model.safetensors.index.json "HTTP/1.1 200 OK"
[2026-07-07 01:42:21,390] INFO httpx: HTTP Request: GET https://huggingface.co/api/resolve-cache/models/allenai/OLMoE-1B-7B-0924/6d84c48581ece794365f2b8e9cfb043c68ade9c5/model.safetensors.index.json "HTTP/1.1 200 OK"
[2026-07-07 01:42:21,430] INFO httpx: HTTP Request: GET https://huggingface.co/api/models/allenai/OLMoE-1B-7B-0924/revision/main "HTTP/1.1 200 OK"
[2026-07-07 01:42:21,471] INFO httpx: HTTP Request: GET https://huggingface.co/api/models/allenai/OLMoE-1B-7B-0924/tree/6d84c48581ece794365f2b8e9cfb043c68ade9c5?recursive=true&expand=false "HTTP/1.1 200 OK"
Fetching 3 files:   0%|          | 0/3 [00:00<?, ?it/s]Fetching 3 files:  33%|███▎      | 1/3 [00:19<00:39, 19.74s/it]Fetching 3 files:  67%|██████▋   | 2/3 [00:21<00:09,  9.34s/it]Fetching 3 files: 100%|██████████| 3/3 [00:21<00:00,  7.26s/it]
Loading weights:   0%|          | 0/179 [00:00<?, ?it/s]Loading weights:   8%|▊         | 15/179 [00:00<00:01, 85.16it/s]Loading weights:  21%|██        | 37/179 [00:00<00:01, 102.89it/s]Loading weights:  27%|██▋       | 49/179 [00:00<00:01, 108.18it/s]Loading weights:  39%|███▉      | 70/179 [00:00<00:00, 112.21it/s]Loading weights:  46%|████▌     | 82/179 [00:00<00:00, 113.79it/s]Loading weights:  58%|█████▊    | 103/179 [00:00<00:00, 114.63it/s]Loading weights:  64%|██████▍   | 115/179 [00:01<00:00, 115.69it/s]Loading weights:  76%|███████▌  | 136/179 [00:01<00:00, 115.31it/s]Loading weights:  83%|████████▎ | 148/179 [00:01<00:00, 115.73it/s]Loading weights:  94%|█████████▍| 169/179 [00:01<00:00, 114.46it/s]Loading weights: 100%|██████████| 179/179 [00:01<00:00, 118.67it/s]
[2026-07-07 01:42:45,686] INFO httpx: HTTP Request: HEAD https://huggingface.co/allenai/OLMoE-1B-7B-0924/resolve/main/generation_config.json "HTTP/1.1 307 Temporary Redirect"
[2026-07-07 01:42:45,692] INFO httpx: HTTP Request: HEAD https://huggingface.co/api/resolve-cache/models/allenai/OLMoE-1B-7B-0924/6d84c48581ece794365f2b8e9cfb043c68ade9c5/generation_config.json "HTTP/1.1 200 OK"
[2026-07-07 01:42:45,697] INFO httpx: HTTP Request: GET https://huggingface.co/api/resolve-cache/models/allenai/OLMoE-1B-7B-0924/6d84c48581ece794365f2b8e9cfb043c68ade9c5/generation_config.json "HTTP/1.1 200 OK"
[2026-07-07 01:42:45,700] INFO moe_bias_shapley.hooks: Discovered 16 MoE layers
[2026-07-07 01:42:49,349] INFO moe_bias_shapley.hooks: Discovered 16 MoE layers
Traceback (most recent call last):
  File "/home/hice1/sghose7/scratch/moe-breakdown/moe-expt-bias/expt-bias-1/scripts/run_experiment4_ablation.py", line 95, in <module>
    raise SystemExit(main())
                     ^^^^^^
  File "/home/hice1/sghose7/scratch/moe-breakdown/moe-expt-bias/expt-bias-1/scripts/run_experiment4_ablation.py", line 78, in main
    curve = compute_ablation_curve(model, tokenizer, pairs, ranked_player_ids, device=device)
            ^^^^^^^^^^^^^^^^^^^^^^^^^^^^^^^^^^^^^^^^^^^^^^^^^^^^^^^^^^^^^^^^^^^^^^^^^^^^^^^^^
  File "/storage/ice1/0/2/sghose7/moe-breakdown/moe-expt-bias/expt-bias-1/src/moe_bias_shapley/shapley.py", line 630, in compute_ablation_curve
    ablated_gap = mean_bias_gap_with_players_ablated(model, tokenizer, pairs, ranked_player_ids[:k], device=device)
                  ^^^^^^^^^^^^^^^^^^^^^^^^^^^^^^^^^^^^^^^^^^^^^^^^^^^^^^^^^^^^^^^^^^^^^^^^^^^^^^^^^^^^^^^^^^^^^^^^^
  File "/storage/ice1/0/2/sghose7/moe-breakdown/moe-expt-bias/expt-bias-1/src/moe_bias_shapley/shapley.py", line 575, in mean_bias_gap_with_players_ablated
    expert = handle.experts[expert_idx]
             ~~~~~~~~~~~~~~^^^^^^^^^^^^
TypeError: 'OlmoeExperts' object is not subscriptable
