Using CPython 3.11.15
Creating virtual environment at: /tmp/moe-bias-shapley-venv
Activate with: source /tmp/moe-bias-shapley-venv/bin/activate
Using Python 3.11.15 environment at: /tmp/moe-bias-shapley-venv
Resolved 4 packages in 331ms
Downloading pip (1.7MiB)
 Downloaded pip
Prepared 4 packages in 135ms
Installed 4 packages in 30ms
 + packaging==26.2
 + pip==26.1.2
 + setuptools==83.0.0
 + wheel==0.47.0
Using Python 3.11.15 environment at: /tmp/moe-bias-shapley-venv
Resolved 4 packages in 246ms
   Building moe-bias-shapley @ file:///storage/ice1/0/2/sghose7/moe-breakdown/moe-expt-bias/expt-bias-1
Downloading scipy (33.7MiB)
Downloading numpy (16.1MiB)
 Downloaded numpy
 Downloaded scipy
      Built moe-bias-shapley @ file:///storage/ice1/0/2/sghose7/moe-breakdown/moe-expt-bias/expt-bias-1
Prepared 4 packages in 989ms
Installed 4 packages in 123ms
 + moe-bias-shapley==0.1.0 (from file:///storage/ice1/0/2/sghose7/moe-breakdown/moe-expt-bias/expt-bias-1)
 + numpy==2.4.6
 + pyyaml==6.0.3
 + scipy==1.17.1
Using Python 3.11.15 environment at: /tmp/moe-bias-shapley-venv
Resolved 22 packages in 828ms
Downloading nvidia-cudnn-cu12 (634.0MiB)
Downloading nvidia-nccl-cu12 (168.1MiB)
Downloading nvidia-cuda-nvrtc-cu12 (22.6MiB)
Downloading nvidia-cuda-cupti-cu12 (13.5MiB)
Downloading nvidia-curand-cu12 (53.9MiB)
Downloading nvidia-cufft-cu12 (116.0MiB)
Downloading nvidia-cusparse-cu12 (186.9MiB)
Downloading nvidia-cublas-cu12 (391.6MiB)
Downloading nvidia-cusolver-cu12 (118.4MiB)
Downloading nvidia-nvjitlink-cu12 (37.9MiB)
Downloading sympy (6.0MiB)
Downloading networkx (2.0MiB)
Downloading torch (762.1MiB)
Downloading triton (199.7MiB)
 Downloaded nvidia-cuda-cupti-cu12
 Downloaded nvidia-cuda-nvrtc-cu12
 Downloaded nvidia-nvjitlink-cu12
 Downloaded networkx
 Downloaded nvidia-curand-cu12
 Downloaded triton
 Downloaded nvidia-cufft-cu12
 Downloaded nvidia-cusolver-cu12
 Downloaded nvidia-nccl-cu12
 Downloaded nvidia-cusparse-cu12
 Downloaded nvidia-cublas-cu12
 Downloaded sympy
 Downloaded nvidia-cudnn-cu12
 Downloaded torch
Prepared 22 packages in 25.11s
Installed 22 packages in 791ms
 + filelock==3.29.0
 + fsspec==2026.4.0
 + jinja2==3.1.6
 + markupsafe==3.0.3
 + mpmath==1.3.0
 + networkx==3.6.1
 + nvidia-cublas-cu12==12.1.3.1
 + nvidia-cuda-cupti-cu12==12.1.105
 + nvidia-cuda-nvrtc-cu12==12.1.105
 + nvidia-cuda-runtime-cu12==12.1.105
 + nvidia-cudnn-cu12==9.1.0.70
 + nvidia-cufft-cu12==11.0.2.54
 + nvidia-curand-cu12==10.3.2.106
 + nvidia-cusolver-cu12==11.4.5.107
 + nvidia-cusparse-cu12==12.1.0.106
 + nvidia-nccl-cu12==2.20.5
 + nvidia-nvjitlink-cu12==12.9.86
 + nvidia-nvtx-cu12==12.1.105
 + sympy==1.14.0
 + torch==2.4.0+cu121
 + triton==3.0.0
 + typing-extensions==4.15.0
Using Python 3.11.15 environment at: /tmp/moe-bias-shapley-venv
Resolved 69 packages in 563ms
Downloading transformers (11.0MiB)
Downloading pandas (10.8MiB)
Downloading aiohttp (1.7MiB)
Downloading hf-xet (4.3MiB)
Downloading pygments (1.2MiB)
Downloading pyarrow (46.6MiB)
Downloading tokenizers (3.1MiB)
Downloading sentencepiece (1.3MiB)
 Downloaded sentencepiece
 Downloaded aiohttp
 Downloaded tokenizers
 Downloaded hf-xet
 Downloaded pygments
 Downloaded pandas
 Downloaded pyarrow
 Downloaded transformers
Prepared 44 packages in 1.03s
Installed 44 packages in 259ms
 + accelerate==1.14.0
 + aiohappyeyeballs==2.7.1
 + aiohttp==3.14.1
 + aiosignal==1.4.0
 + annotated-doc==0.0.4
 + anyio==4.14.1
 + attrs==26.1.0
 + certifi==2026.6.17
 + charset-normalizer==3.4.8
 + click==8.4.2
 + datasets==5.0.0
 + dill==0.4.1
 + frozenlist==1.8.0
 + h11==0.16.0
 + hf-xet==1.5.1
 + httpcore==1.0.9
 + httpx==0.28.1
 + huggingface-hub==1.22.0
 + idna==3.18
 + markdown-it-py==4.2.0
 + mdurl==0.1.2
 + multidict==6.7.1
 + multiprocess==0.70.19
 + pandas==3.0.3
 + propcache==0.5.2
 + protobuf==7.35.1
 + psutil==7.2.2
 + pyarrow==24.0.0
 + pygments==2.20.0
 + python-dateutil==2.9.0.post0
 + regex==2026.6.28
 + requests==2.34.2
 + rich==15.0.0
 + safetensors==0.8.0
 + sentencepiece==0.2.1
 + shellingham==1.5.4
 + six==1.17.0
 + tokenizers==0.22.2
 + tqdm==4.68.3
 + transformers==5.13.0
 + typer==0.26.8
 + urllib3==2.7.0
 + xxhash==3.8.1
 + yarl==1.24.2
Using Python 3.11.15 environment at: /tmp/moe-bias-shapley-venv
Resolved 25 packages in 150ms
Downloading bitsandbytes (57.8MiB)
 Downloaded bitsandbytes
Prepared 1 package in 785ms
Installed 1 package in 83ms
 + bitsandbytes==0.49.2
[2026-07-07 02:26:28,681] INFO run_experiment4_ablation: === Experiment 4 (ablation cross-check): exp1-concentration-olmoe-1b-7b ===
[2026-07-07 02:26:28,681] INFO run_experiment4_ablation: Model: allenai/OLMoE-1B-7B-0924 | family: olmoe | max_pairs: 30 | result_dir: /home/hice1/sghose7/scratch/moe-breakdown-bias-runs/expt-bias-1/exp1-concentration-olmoe-1b-7b
[2026-07-07 02:26:28,683] INFO run_experiment4_ablation: Loaded 1024 ranked players from /home/hice1/sghose7/scratch/moe-breakdown-bias-runs/expt-bias-1/exp1-concentration-olmoe-1b-7b
[2026-07-07 02:26:31,110] INFO moe_bias_shapley.benchmarks: Loading StereoSet (intrasentence / validation) …
[2026-07-07 02:26:31,145] INFO httpx: HTTP Request: GET https://huggingface.co/api/agent-harnesses "HTTP/1.1 200 OK"
[2026-07-07 02:26:31,186] INFO httpx: HTTP Request: HEAD https://huggingface.co/datasets/McGill-NLP/stereoset/resolve/main/README.md "HTTP/1.1 307 Temporary Redirect"
[2026-07-07 02:26:31,191] INFO httpx: HTTP Request: HEAD https://huggingface.co/api/resolve-cache/datasets/McGill-NLP/stereoset/bf6e7ce50491784d094fb7afe60a70ecccb89035/README.md "HTTP/1.1 200 OK"
[2026-07-07 02:26:31,197] INFO httpx: HTTP Request: GET https://huggingface.co/api/resolve-cache/datasets/McGill-NLP/stereoset/bf6e7ce50491784d094fb7afe60a70ecccb89035/README.md "HTTP/1.1 200 OK"
[2026-07-07 02:26:31,231] INFO httpx: HTTP Request: HEAD https://huggingface.co/datasets/McGill-NLP/stereoset/resolve/bf6e7ce50491784d094fb7afe60a70ecccb89035/stereoset.py "HTTP/1.1 404 Not Found"
[2026-07-07 02:26:31,322] INFO httpx: HTTP Request: HEAD https://s3.amazonaws.com/datasets.huggingface.co/datasets/datasets/McGill-NLP/stereoset/McGill-NLP/stereoset.py "HTTP/1.1 404 Not Found"
[2026-07-07 02:26:31,367] INFO httpx: HTTP Request: GET https://huggingface.co/api/datasets/McGill-NLP/stereoset/revision/bf6e7ce50491784d094fb7afe60a70ecccb89035 "HTTP/1.1 200 OK"
[2026-07-07 02:26:31,400] INFO httpx: HTTP Request: HEAD https://huggingface.co/datasets/McGill-NLP/stereoset/resolve/bf6e7ce50491784d094fb7afe60a70ecccb89035/.huggingface.yaml "HTTP/1.1 404 Not Found"
[2026-07-07 02:26:31,537] INFO httpx: HTTP Request: GET https://datasets-server.huggingface.co/info?dataset=McGill-NLP/stereoset "HTTP/1.1 200 OK"
[2026-07-07 02:26:31,572] INFO httpx: HTTP Request: GET https://huggingface.co/api/datasets/McGill-NLP/stereoset/tree/bf6e7ce50491784d094fb7afe60a70ecccb89035/intersentence?recursive=true&expand=false "HTTP/1.1 200 OK"
[2026-07-07 02:26:31,607] INFO httpx: HTTP Request: GET https://huggingface.co/api/datasets/McGill-NLP/stereoset/tree/bf6e7ce50491784d094fb7afe60a70ecccb89035?recursive=false&expand=false "HTTP/1.1 200 OK"
[2026-07-07 02:26:31,645] INFO httpx: HTTP Request: HEAD https://huggingface.co/datasets/McGill-NLP/stereoset/resolve/bf6e7ce50491784d094fb7afe60a70ecccb89035/dataset_infos.json "HTTP/1.1 404 Not Found"
[2026-07-07 02:26:31,686] INFO httpx: HTTP Request: GET https://huggingface.co/api/datasets/McGill-NLP/stereoset/tree/bf6e7ce50491784d094fb7afe60a70ecccb89035/intrasentence?recursive=true&expand=false "HTTP/1.1 200 OK"
[2026-07-07 02:26:32,086] INFO httpx: HTTP Request: HEAD https://huggingface.co/datasets/McGill-NLP/stereoset/resolve/bf6e7ce50491784d094fb7afe60a70ecccb89035/intrasentence/validation-00000-of-00001.parquet "HTTP/1.1 302 Found"
Generating validation split:   0%|          | 0/2106 [00:00<?, ? examples/s]Generating validation split: 100%|██████████| 2106/2106 [00:00<00:00, 210154.27 examples/s]
[2026-07-07 02:26:32,782] INFO moe_bias_shapley.benchmarks: Loaded 30 StereoSet pairs from 2106 items
[2026-07-07 02:26:32,783] INFO moe_bias_shapley.benchmarks: Loading BBQ category=Gender_identity split=test …
[2026-07-07 02:26:32,817] INFO httpx: HTTP Request: HEAD https://huggingface.co/datasets/heegyu/bbq/resolve/refs%2Fconvert%2Fparquet/README.md "HTTP/1.1 404 Not Found"
[2026-07-07 02:26:33,004] INFO httpx: HTTP Request: GET https://huggingface.co/api/datasets/heegyu/bbq/revision/refs%2Fconvert%2Fparquet "HTTP/1.1 200 OK"
[2026-07-07 02:26:33,036] INFO httpx: HTTP Request: HEAD https://huggingface.co/datasets/heegyu/bbq/resolve/da21e4bdbe74d6bed714ee80b4941c9c73958aea/bbq.py "HTTP/1.1 404 Not Found"
[2026-07-07 02:26:33,059] INFO httpx: HTTP Request: HEAD https://s3.amazonaws.com/datasets.huggingface.co/datasets/datasets/heegyu/bbq/heegyu/bbq.py "HTTP/1.1 404 Not Found"
[2026-07-07 02:26:33,093] INFO httpx: HTTP Request: HEAD https://huggingface.co/datasets/heegyu/bbq/resolve/da21e4bdbe74d6bed714ee80b4941c9c73958aea/README.md "HTTP/1.1 404 Not Found"
[2026-07-07 02:26:33,124] INFO httpx: HTTP Request: GET https://huggingface.co/api/datasets/heegyu/bbq/revision/da21e4bdbe74d6bed714ee80b4941c9c73958aea "HTTP/1.1 200 OK"
[2026-07-07 02:26:33,158] INFO httpx: HTTP Request: HEAD https://huggingface.co/datasets/heegyu/bbq/resolve/da21e4bdbe74d6bed714ee80b4941c9c73958aea/.huggingface.yaml "HTTP/1.1 404 Not Found"
[2026-07-07 02:26:33,191] INFO httpx: HTTP Request: GET https://huggingface.co/api/datasets/heegyu/bbq/tree/da21e4bdbe74d6bed714ee80b4941c9c73958aea/Gender_identity%2Fdata?recursive=true&expand=false "HTTP/1.1 404 Not Found"
[2026-07-07 02:26:33,226] INFO httpx: HTTP Request: GET https://huggingface.co/api/datasets/heegyu/bbq/tree/da21e4bdbe74d6bed714ee80b4941c9c73958aea/Gender_identity?recursive=false&expand=false "HTTP/1.1 200 OK"
[2026-07-07 02:26:33,261] INFO httpx: HTTP Request: GET https://huggingface.co/api/datasets/heegyu/bbq/tree/da21e4bdbe74d6bed714ee80b4941c9c73958aea/Gender_identity%2Ftest?recursive=true&expand=false "HTTP/1.1 200 OK"
[2026-07-07 02:26:33,296] INFO httpx: HTTP Request: GET https://huggingface.co/api/datasets/heegyu/bbq/tree/da21e4bdbe74d6bed714ee80b4941c9c73958aea?recursive=false&expand=false "HTTP/1.1 200 OK"
[2026-07-07 02:26:33,354] INFO httpx: HTTP Request: HEAD https://huggingface.co/datasets/heegyu/bbq/resolve/da21e4bdbe74d6bed714ee80b4941c9c73958aea/dataset_infos.json "HTTP/1.1 404 Not Found"
[2026-07-07 02:26:33,393] INFO httpx: HTTP Request: HEAD https://huggingface.co/datasets/heegyu/bbq/resolve/da21e4bdbe74d6bed714ee80b4941c9c73958aea/Gender_identity/test/0000.parquet "HTTP/1.1 302 Found"
Generating test split: 0 examples [00:00, ? examples/s]Generating test split: 5672 examples [00:00, 526341.12 examples/s]
[2026-07-07 02:26:33,819] INFO moe_bias_shapley.benchmarks: Loaded 30 BBQ pairs across 2 categories
[2026-07-07 02:26:33,826] INFO moe_bias_shapley.benchmarks: Loaded 30 WinoGender pairs
[2026-07-07 02:26:33,826] INFO moe_bias_shapley.benchmarks: Total prompt pairs: 30
[2026-07-07 02:26:36,535] INFO moe_bias_shapley.modeling: Loading tokenizer + model: allenai/OLMoE-1B-7B-0924 (family=olmoe)
[2026-07-07 02:26:36,565] INFO httpx: HTTP Request: HEAD https://huggingface.co/allenai/OLMoE-1B-7B-0924/resolve/main/config.json "HTTP/1.1 307 Temporary Redirect"
[2026-07-07 02:26:36,570] INFO httpx: HTTP Request: HEAD https://huggingface.co/api/resolve-cache/models/allenai/OLMoE-1B-7B-0924/6d84c48581ece794365f2b8e9cfb043c68ade9c5/config.json "HTTP/1.1 200 OK"
[2026-07-07 02:26:36,576] INFO httpx: HTTP Request: GET https://huggingface.co/api/resolve-cache/models/allenai/OLMoE-1B-7B-0924/6d84c48581ece794365f2b8e9cfb043c68ade9c5/config.json "HTTP/1.1 200 OK"
[2026-07-07 02:26:36,614] INFO httpx: HTTP Request: HEAD https://huggingface.co/allenai/OLMoE-1B-7B-0924/resolve/main/tokenizer_config.json "HTTP/1.1 307 Temporary Redirect"
[2026-07-07 02:26:36,618] INFO httpx: HTTP Request: HEAD https://huggingface.co/api/resolve-cache/models/allenai/OLMoE-1B-7B-0924/6d84c48581ece794365f2b8e9cfb043c68ade9c5/tokenizer_config.json "HTTP/1.1 200 OK"
[2026-07-07 02:26:36,622] INFO httpx: HTTP Request: GET https://huggingface.co/api/resolve-cache/models/allenai/OLMoE-1B-7B-0924/6d84c48581ece794365f2b8e9cfb043c68ade9c5/tokenizer_config.json "HTTP/1.1 200 OK"
[2026-07-07 02:26:36,661] INFO httpx: HTTP Request: GET https://huggingface.co/api/models/allenai/OLMoE-1B-7B-0924/tree/main/additional_chat_templates?recursive=false&expand=false "HTTP/1.1 404 Not Found"
[2026-07-07 02:26:36,694] INFO httpx: HTTP Request: GET https://huggingface.co/api/models/allenai/OLMoE-1B-7B-0924/tree/main?recursive=true&expand=false "HTTP/1.1 200 OK"
[2026-07-07 02:26:36,729] INFO httpx: HTTP Request: HEAD https://huggingface.co/allenai/OLMoE-1B-7B-0924/resolve/main/vocab.json "HTTP/1.1 404 Not Found"
[2026-07-07 02:26:36,762] INFO httpx: HTTP Request: HEAD https://huggingface.co/allenai/OLMoE-1B-7B-0924/resolve/main/merges.txt "HTTP/1.1 404 Not Found"
[2026-07-07 02:26:36,796] INFO httpx: HTTP Request: HEAD https://huggingface.co/allenai/OLMoE-1B-7B-0924/resolve/main/tokenizer.json "HTTP/1.1 307 Temporary Redirect"
[2026-07-07 02:26:36,801] INFO httpx: HTTP Request: HEAD https://huggingface.co/api/resolve-cache/models/allenai/OLMoE-1B-7B-0924/6d84c48581ece794365f2b8e9cfb043c68ade9c5/tokenizer.json "HTTP/1.1 200 OK"
[2026-07-07 02:26:36,806] INFO httpx: HTTP Request: GET https://huggingface.co/api/resolve-cache/models/allenai/OLMoE-1B-7B-0924/6d84c48581ece794365f2b8e9cfb043c68ade9c5/tokenizer.json "HTTP/1.1 200 OK"
[2026-07-07 02:26:36,855] INFO httpx: HTTP Request: HEAD https://huggingface.co/allenai/OLMoE-1B-7B-0924/resolve/main/added_tokens.json "HTTP/1.1 404 Not Found"
[2026-07-07 02:26:36,891] INFO httpx: HTTP Request: HEAD https://huggingface.co/allenai/OLMoE-1B-7B-0924/resolve/main/special_tokens_map.json "HTTP/1.1 307 Temporary Redirect"
[2026-07-07 02:26:36,895] INFO httpx: HTTP Request: HEAD https://huggingface.co/api/resolve-cache/models/allenai/OLMoE-1B-7B-0924/6d84c48581ece794365f2b8e9cfb043c68ade9c5/special_tokens_map.json "HTTP/1.1 200 OK"
[2026-07-07 02:26:36,900] INFO httpx: HTTP Request: GET https://huggingface.co/api/resolve-cache/models/allenai/OLMoE-1B-7B-0924/6d84c48581ece794365f2b8e9cfb043c68ade9c5/special_tokens_map.json "HTTP/1.1 200 OK"
[2026-07-07 02:26:36,931] INFO httpx: HTTP Request: HEAD https://huggingface.co/allenai/OLMoE-1B-7B-0924/resolve/main/chat_template.jinja "HTTP/1.1 404 Not Found"
[2026-07-07 02:26:37,051] INFO httpx: HTTP Request: HEAD https://huggingface.co/allenai/OLMoE-1B-7B-0924/resolve/main/config.json "HTTP/1.1 307 Temporary Redirect"
[2026-07-07 02:26:37,056] INFO httpx: HTTP Request: HEAD https://huggingface.co/api/resolve-cache/models/allenai/OLMoE-1B-7B-0924/6d84c48581ece794365f2b8e9cfb043c68ade9c5/config.json "HTTP/1.1 200 OK"
[transformers] `torch_dtype` is deprecated! Use `dtype` instead!
[2026-07-07 02:26:40,423] INFO httpx: HTTP Request: HEAD https://huggingface.co/allenai/OLMoE-1B-7B-0924/resolve/main/model.safetensors "HTTP/1.1 404 Not Found"
[2026-07-07 02:26:40,453] INFO httpx: HTTP Request: HEAD https://huggingface.co/allenai/OLMoE-1B-7B-0924/resolve/main/model.safetensors.index.json "HTTP/1.1 307 Temporary Redirect"
[2026-07-07 02:26:40,459] INFO httpx: HTTP Request: HEAD https://huggingface.co/api/resolve-cache/models/allenai/OLMoE-1B-7B-0924/6d84c48581ece794365f2b8e9cfb043c68ade9c5/model.safetensors.index.json "HTTP/1.1 200 OK"
[2026-07-07 02:26:40,464] INFO httpx: HTTP Request: GET https://huggingface.co/api/resolve-cache/models/allenai/OLMoE-1B-7B-0924/6d84c48581ece794365f2b8e9cfb043c68ade9c5/model.safetensors.index.json "HTTP/1.1 200 OK"
[2026-07-07 02:26:40,510] INFO httpx: HTTP Request: GET https://huggingface.co/api/models/allenai/OLMoE-1B-7B-0924/revision/main "HTTP/1.1 200 OK"
[2026-07-07 02:26:40,543] INFO httpx: HTTP Request: GET https://huggingface.co/api/models/allenai/OLMoE-1B-7B-0924/tree/6d84c48581ece794365f2b8e9cfb043c68ade9c5?recursive=true&expand=false "HTTP/1.1 200 OK"
Fetching 3 files:   0%|          | 0/3 [00:00<?, ?it/s]Fetching 3 files:  33%|███▎      | 1/3 [00:11<00:23, 11.69s/it]Fetching 3 files:  67%|██████▋   | 2/3 [00:12<00:05,  5.37s/it]Fetching 3 files: 100%|██████████| 3/3 [00:12<00:00,  4.21s/it]
Loading weights:   0%|          | 0/179 [00:00<?, ?it/s]Loading weights:   8%|▊         | 15/179 [00:00<00:01, 90.22it/s]Loading weights:  21%|██        | 37/179 [00:00<00:01, 108.09it/s]Loading weights:  33%|███▎      | 59/179 [00:00<00:01, 113.85it/s]Loading weights:  45%|████▌     | 81/179 [00:00<00:00, 115.72it/s]Loading weights:  58%|█████▊    | 103/179 [00:00<00:00, 117.60it/s]Loading weights:  70%|██████▉   | 125/179 [00:01<00:00, 118.78it/s]Loading weights:  82%|████████▏ | 147/179 [00:01<00:00, 119.42it/s]Loading weights:  94%|█████████▍| 169/179 [00:01<00:00, 119.40it/s]Loading weights: 100%|██████████| 179/179 [00:01<00:00, 123.19it/s]
[2026-07-07 02:26:55,540] INFO httpx: HTTP Request: HEAD https://huggingface.co/allenai/OLMoE-1B-7B-0924/resolve/main/generation_config.json "HTTP/1.1 307 Temporary Redirect"
[2026-07-07 02:26:55,545] INFO httpx: HTTP Request: HEAD https://huggingface.co/api/resolve-cache/models/allenai/OLMoE-1B-7B-0924/6d84c48581ece794365f2b8e9cfb043c68ade9c5/generation_config.json "HTTP/1.1 200 OK"
[2026-07-07 02:26:55,550] INFO httpx: HTTP Request: GET https://huggingface.co/api/resolve-cache/models/allenai/OLMoE-1B-7B-0924/6d84c48581ece794365f2b8e9cfb043c68ade9c5/generation_config.json "HTTP/1.1 200 OK"
[2026-07-07 02:26:55,552] INFO moe_bias_shapley.hooks: Discovered 16 MoE layers
[2026-07-07 02:26:59,052] INFO moe_bias_shapley.hooks: Discovered 16 MoE layers
[2026-07-07 02:27:02,241] INFO moe_bias_shapley.shapley: ablation_curve: k=1/1024 fraction=0.001 bias_gap=0.2309 disparity_drop=-0.002
[2026-07-07 02:27:02,242] INFO moe_bias_shapley.hooks: Discovered 16 MoE layers
[2026-07-07 02:27:05,439] INFO moe_bias_shapley.shapley: ablation_curve: k=2/1024 fraction=0.002 bias_gap=0.2294 disparity_drop=0.004
[2026-07-07 02:27:05,440] INFO moe_bias_shapley.hooks: Discovered 16 MoE layers
[2026-07-07 02:27:08,639] INFO moe_bias_shapley.shapley: ablation_curve: k=3/1024 fraction=0.003 bias_gap=0.2299 disparity_drop=0.002
[2026-07-07 02:27:08,640] INFO moe_bias_shapley.hooks: Discovered 16 MoE layers
[2026-07-07 02:27:11,843] INFO moe_bias_shapley.shapley: ablation_curve: k=4/1024 fraction=0.004 bias_gap=0.2451 disparity_drop=-0.064
[2026-07-07 02:27:11,844] INFO moe_bias_shapley.hooks: Discovered 16 MoE layers
[2026-07-07 02:27:15,051] INFO moe_bias_shapley.shapley: ablation_curve: k=5/1024 fraction=0.005 bias_gap=0.2463 disparity_drop=-0.069
[2026-07-07 02:27:15,053] INFO moe_bias_shapley.hooks: Discovered 16 MoE layers
[2026-07-07 02:27:18,268] INFO moe_bias_shapley.shapley: ablation_curve: k=6/1024 fraction=0.006 bias_gap=0.2432 disparity_drop=-0.056
[2026-07-07 02:27:18,269] INFO moe_bias_shapley.hooks: Discovered 16 MoE layers
[2026-07-07 02:27:21,483] INFO moe_bias_shapley.shapley: ablation_curve: k=7/1024 fraction=0.007 bias_gap=0.2353 disparity_drop=-0.021
[2026-07-07 02:27:21,484] INFO moe_bias_shapley.hooks: Discovered 16 MoE layers
[2026-07-07 02:27:24,701] INFO moe_bias_shapley.shapley: ablation_curve: k=8/1024 fraction=0.008 bias_gap=0.2292 disparity_drop=0.005
[2026-07-07 02:27:24,702] INFO moe_bias_shapley.hooks: Discovered 16 MoE layers
[2026-07-07 02:27:27,920] INFO moe_bias_shapley.shapley: ablation_curve: k=9/1024 fraction=0.009 bias_gap=0.2317 disparity_drop=-0.006
[2026-07-07 02:27:27,921] INFO moe_bias_shapley.hooks: Discovered 16 MoE layers
[2026-07-07 02:27:31,142] INFO moe_bias_shapley.shapley: ablation_curve: k=10/1024 fraction=0.010 bias_gap=0.2161 disparity_drop=0.062
[2026-07-07 02:27:31,143] INFO moe_bias_shapley.hooks: Discovered 16 MoE layers
[2026-07-07 02:27:34,490] INFO moe_bias_shapley.shapley: ablation_curve: k=102/1024 fraction=0.100 bias_gap=0.0179 disparity_drop=0.922
[2026-07-07 02:27:34,491] INFO moe_bias_shapley.hooks: Discovered 16 MoE layers
[2026-07-07 02:27:37,964] INFO moe_bias_shapley.shapley: ablation_curve: k=205/1024 fraction=0.200 bias_gap=0.0132 disparity_drop=0.943
[2026-07-07 02:27:37,965] INFO moe_bias_shapley.hooks: Discovered 16 MoE layers
[2026-07-07 02:27:41,551] INFO moe_bias_shapley.shapley: ablation_curve: k=307/1024 fraction=0.300 bias_gap=-0.0708 disparity_drop=1.307
[2026-07-07 02:27:41,552] INFO moe_bias_shapley.hooks: Discovered 16 MoE layers
[2026-07-07 02:27:45,274] INFO moe_bias_shapley.shapley: ablation_curve: k=512/1024 fraction=0.500 bias_gap=-0.0822 disparity_drop=1.357
[2026-07-07 02:27:45,275] INFO moe_bias_shapley.hooks: Discovered 16 MoE layers
[2026-07-07 02:27:49,001] INFO moe_bias_shapley.shapley: ablation_curve: k=768/1024 fraction=0.750 bias_gap=0.0872 disparity_drop=0.622
[2026-07-07 02:27:49,003] INFO moe_bias_shapley.hooks: Discovered 16 MoE layers
[2026-07-07 02:27:52,955] INFO moe_bias_shapley.shapley: ablation_curve: k=1024/1024 fraction=1.000 bias_gap=-0.0250 disparity_drop=1.108
[2026-07-07 02:27:52,958] INFO run_experiment4_ablation: Done. Experiment 4 results in /home/hice1/sghose7/scratch/moe-breakdown-bias-runs/expt-bias-1/exp1-concentration-olmoe-1b-7b/experiment4/experiment4_ablation_curve.json
