---------------------------------------
Begin Slurm Prolog: Jul-07-2026 02:14:32
Job ID:    5483578
User ID:   sghose7
Account:   coc
Job name:  exp4-olmoe
Partition: coc-gpu
QOS:       coc-ice
---------------------------------------
---------------------------------------
Begin Slurm Epilog: Jul-07-2026 02:14:34
Job ID:        5483578
User ID:       sghose7
Account:       coc
Job name:      exp4-olmoe
Resources:     cpu=8,gres/gpu:a100=1,mem=64G,node=1
Rsrc Used:     cput=00:00:32,vmem=0,walltime=00:00:04,mem=70364K,energy_used=0
Partition:     coc-gpu
QOS:           coc-ice
Nodes:         atl1-1-01-005-13-0
---------------------------------------
