Using CPython 3.11.15
Creating virtual environment at: /tmp/moe-bias-shapley-venv
Activate with: source /tmp/moe-bias-shapley-venv/bin/activate
Using Python 3.11.15 environment at: /tmp/moe-bias-shapley-venv
Resolved 4 packages in 205ms
Downloading pip (1.7MiB)
 Downloaded pip
Prepared 4 packages in 126ms
Installed 4 packages in 26ms
 + packaging==26.2
 + pip==26.1.2
 + setuptools==83.0.0
 + wheel==0.47.0
Using Python 3.11.15 environment at: /tmp/moe-bias-shapley-venv
Resolved 4 packages in 236ms
   Building moe-bias-shapley @ file:///storage/ice1/0/2/sghose7/moe-breakdown/moe-expt-bias/expt-bias-1
Downloading scipy (33.7MiB)
Downloading numpy (16.1MiB)
 Downloaded numpy
 Downloaded scipy
      Built moe-bias-shapley @ file:///storage/ice1/0/2/sghose7/moe-breakdown/moe-expt-bias/expt-bias-1
Prepared 4 packages in 802ms
Installed 4 packages in 82ms
 + moe-bias-shapley==0.1.0 (from file:///storage/ice1/0/2/sghose7/moe-breakdown/moe-expt-bias/expt-bias-1)
 + numpy==2.4.6
 + pyyaml==6.0.3
 + scipy==1.17.1
Using Python 3.11.15 environment at: /tmp/moe-bias-shapley-venv
  × No solution found when resolving dependencies:
  ╰─▶ Because there is no version of torch==2.6.0 and you require
      torch==2.6.0, we can conclude that your requirements are unsatisfiable.
