---------------------------------------
Begin Slurm Prolog: Jul-07-2026 16:09:59
Job ID:    5483993
User ID:   sghose7
Account:   coc
Job name:  bias-exp4-exp2-dense-baseline-olmo-7b
Partition: ice-gpu
QOS:       coc-ice
---------------------------------------
[slurm] WORKDIR=/home/hice1/sghose7/scratch/moe-breakdown
[slurm] ROOT_DIR=/home/hice1/sghose7/scratch/moe-breakdown/moe-expt-bias/expt-bias-1
[slurm] SCRIPT=scripts/run_experiment4_ablation.py
[slurm] STUDY_CONFIG=/storage/ice1/0/2/sghose7/moe-breakdown/moe-expt-bias/expt-bias-1/configs/study.olmo-7b.dense-baseline.yaml
[slurm] OUT_DIR=/storage/ice1/0/2/sghose7/moe-breakdown-bias-runs/expt-bias-1/exp2-dense-baseline-olmo-7b/experiment4
[slurm] EXTRA_ARGS=--result-dir /home/hice1/sghose7/scratch/moe-breakdown-bias-runs/expt-bias-1/exp2-dense-baseline-olmo-7b --max-pairs 60
[slurm] GPUs visible: 1
---------------------------------------
Begin Slurm Epilog: Jul-07-2026 16:12:36
Job ID:        5483993
User ID:       sghose7
Account:       coc
Job name:      bias-exp4-exp2-dense-baseline-olmo-7b
Resources:     cpu=8,gres/gpu:a100=1,mem=64G,node=1
Rsrc Used:     cput=00:21:12,vmem=0,walltime=00:02:39,mem=36300368K,energy_used=0
Partition:     ice-gpu
QOS:           coc-ice
Nodes:         atl1-1-01-005-13-0
---------------------------------------
