---------------------------------------
Begin Slurm Prolog: Jul-07-2026 16:18:42
Job ID:    5483995
User ID:   sghose7
Account:   coc
Job name:  bias-exp7-mixtral
Partition: ice-gpu
QOS:       coc-ice
---------------------------------------
[slurm] WORKDIR=/home/hice1/sghose7/scratch/moe-breakdown
[slurm] ROOT_DIR=/home/hice1/sghose7/scratch/moe-breakdown/moe-expt-bias/expt-bias-1
[slurm] SCRIPT=scripts/run_experiment7_proxy_agreement.py
[slurm] STUDY_CONFIG=/home/hice1/sghose7/scratch/moe-breakdown/moe-expt-bias/expt-bias-1/configs/study.mixtral-8x7b.concentration.yaml
[slurm] OUT_DIR=/storage/ice1/0/2/sghose7/moe-breakdown-bias-runs/expt-bias-1/exp1-concentration-mixtral-8x7b/experiment7
[slurm] EXTRA_ARGS=
[slurm] GPUs visible: 2
---------------------------------------
Begin Slurm Epilog: Jul-07-2026 16:52:07
Job ID:        5483995
User ID:       sghose7
Account:       coc
Job name:      bias-exp7-mixtral
Resources:     cpu=8,gres/gpu:a100=2,mem=96G,node=1
Rsrc Used:     cput=04:27:36,vmem=0,walltime=00:33:27,mem=100622772K,energy_used=0
Partition:     ice-gpu
QOS:           coc-ice
Nodes:         atl1-1-01-005-15-0
---------------------------------------
