---------------------------------------
Begin Slurm Prolog: Jul-07-2026 01:41:30
Job ID:    5483547
User ID:   sghose7
Account:   coc
Job name:  exp3-mixtral
Partition: ice-gpu
QOS:       coc-ice
---------------------------------------
[slurm] WORKDIR=/home/hice1/sghose7/scratch/moe-breakdown
[slurm] ROOT_DIR=/home/hice1/sghose7/scratch/moe-breakdown/moe-expt-bias/expt-bias-1
[slurm] SCRIPT=scripts/run_experiment3_interactions.py
[slurm] STUDY_CONFIG=/home/hice1/sghose7/scratch/moe-breakdown/moe-expt-bias/expt-bias-1/configs/study.mixtral-8x7b.concentration.yaml
[slurm] OUT_DIR=/home/hice1/sghose7/scratch/moe-breakdown-bias-runs/expt-bias-1/exp1-concentration-mixtral-8x7b/experiment3
[slurm] EXTRA_ARGS=--max-pairs 20 --max-layers 2
[slurm] GPUs visible: 2
---------------------------------------
Begin Slurm Epilog: Jul-07-2026 01:44:14
Job ID:        5483547
User ID:       sghose7
Account:       coc
Job name:      exp3-mixtral
Resources:     cpu=8,gres/gpu:a100=2,mem=64G,node=1
Rsrc Used:     cput=00:22:08,vmem=0,walltime=00:02:46,mem=67120272K,energy_used=0
Partition:     ice-gpu
QOS:           coc-ice
Nodes:         atl1-1-01-005-15-0
---------------------------------------
