---------------------------------------
Begin Slurm Prolog: Aug-10-2026 08:16:09
Job ID:    5575084
User ID:   sghose7
Account:   coc
Job name:  bias-exp2-dense-baseline-phi3.5-mini-v1-s1of2
Partition: ice-gpu
QOS:       coc-ice
---------------------------------------
[slurm] WORKDIR=/home/hice1/sghose7/scratch/moe-breakdown
[slurm] ROOT_DIR=/home/hice1/sghose7/scratch/moe-breakdown/moe-expt-bias/expt-bias-1
[slurm] STUDY_CONFIG=/storage/ice1/0/2/sghose7/moe-breakdown/moe-expt-bias/expt-bias-1/configs/study.phi3.5-mini-dense.dense-baseline.v1.yaml
[slurm] OUT_DIR=/storage/ice1/0/2/sghose7/moe-breakdown-bias-runs/expt-bias-1/exp2-dense-baseline-phi3.5-mini-v1
[slurm] GPUs visible: 1
---------------------------------------
Begin Slurm Epilog: Aug-10-2026 09:04:51
Job ID:        5575084
User ID:       sghose7
Account:       coc
Job name:      bias-exp2-dense-baseline-phi3.5-mini-v1-s1of2
Resources:     cpu=8,gres/gpu:l40s=1,mem=64G,node=1
Rsrc Used:     cput=06:30:00,vmem=0,walltime=00:48:45,mem=17236820K,energy_used=0
Partition:     ice-gpu
QOS:           coc-ice
Nodes:         atl1-1-03-004-21-0
---------------------------------------
