Using CPython 3.11.15
Creating virtual environment at: /tmp/moe-bias-shapley-venv
Activate with: source /tmp/moe-bias-shapley-venv/bin/activate
Using Python 3.11.15 environment at: /tmp/moe-bias-shapley-venv
Resolved 4 packages in 181ms
Downloading pip (1.7MiB)
 Downloaded pip
Prepared 4 packages in 127ms
Installed 4 packages in 24ms
 + packaging==26.2
 + pip==26.1.2
 + setuptools==83.0.0
 + wheel==0.47.0
Using Python 3.11.15 environment at: /tmp/moe-bias-shapley-venv
Resolved 4 packages in 218ms
   Building moe-bias-shapley @ file:///storage/ice1/0/2/sghose7/moe-breakdown/moe-expt-bias/expt-bias-1
Downloading numpy (16.1MiB)
Downloading scipy (33.7MiB)
 Downloaded numpy
 Downloaded scipy
      Built moe-bias-shapley @ file:///storage/ice1/0/2/sghose7/moe-breakdown/moe-expt-bias/expt-bias-1
Prepared 4 packages in 730ms
Installed 4 packages in 106ms
 + moe-bias-shapley==0.1.0 (from file:///storage/ice1/0/2/sghose7/moe-breakdown/moe-expt-bias/expt-bias-1)
 + numpy==2.4.6
 + pyyaml==6.0.3
 + scipy==1.17.1
Using Python 3.11.15 environment at: /tmp/moe-bias-shapley-venv
Resolved 23 packages in 224ms
Downloading nvidia-cusparselt-cu12 (149.5MiB)
Downloading nvidia-nvjitlink-cu12 (18.8MiB)
Downloading nvidia-curand-cu12 (53.7MiB)
Downloading nvidia-cudnn-cu12 (544.5MiB)
Downloading nvidia-cufft-cu12 (190.9MiB)
Downloading nvidia-nccl-cu12 (179.9MiB)
Downloading nvidia-cuda-nvrtc-cu12 (22.6MiB)
Downloading nvidia-cusparse-cu12 (206.5MiB)
Downloading nvidia-cuda-cupti-cu12 (8.5MiB)
Downloading torch (729.2MiB)
Downloading nvidia-cublas-cu12 (374.9MiB)
Downloading nvidia-cusolver-cu12 (150.9MiB)
Downloading triton (159.0MiB)
Downloading sympy (5.9MiB)
Downloading networkx (2.0MiB)
 Downloaded nvidia-cuda-cupti-cu12
 Downloaded nvidia-nvjitlink-cu12
 Downloaded nvidia-cuda-nvrtc-cu12
 Downloaded nvidia-curand-cu12
 Downloaded nvidia-cusparselt-cu12
 Downloaded triton
 Downloaded networkx
 Downloaded nvidia-cufft-cu12
 Downloaded sympy
 Downloaded nvidia-nccl-cu12
 Downloaded nvidia-cudnn-cu12
 Downloaded nvidia-cusparse-cu12
 Downloaded nvidia-cusolver-cu12
 Downloaded nvidia-cublas-cu12
 Downloaded torch
Prepared 23 packages in 26.80s
Installed 23 packages in 664ms
 + filelock==3.29.0
 + fsspec==2026.4.0
 + jinja2==3.1.6
 + markupsafe==3.0.3
 + mpmath==1.3.0
 + networkx==3.6.1
 + nvidia-cublas-cu12==12.6.4.1
 + nvidia-cuda-cupti-cu12==12.6.80
 + nvidia-cuda-nvrtc-cu12==12.6.77
 + nvidia-cuda-runtime-cu12==12.6.77
 + nvidia-cudnn-cu12==9.5.1.17
 + nvidia-cufft-cu12==11.3.0.4
 + nvidia-curand-cu12==10.3.7.77
 + nvidia-cusolver-cu12==11.7.1.2
 + nvidia-cusparse-cu12==12.5.4.2
 + nvidia-cusparselt-cu12==0.6.3
 + nvidia-nccl-cu12==2.21.5
 + nvidia-nvjitlink-cu12==12.6.85
 + nvidia-nvtx-cu12==12.6.77
 + sympy==1.13.1
 + torch==2.6.0+cu126
 + triton==3.2.0
 + typing-extensions==4.15.0
Using Python 3.11.15 environment at: /tmp/moe-bias-shapley-venv
Resolved 71 packages in 545ms
Downloading tiktoken (1.1MiB)
Downloading tokenizers (3.1MiB)
Downloading pyarrow (46.6MiB)
Downloading hf-xet (4.3MiB)
Downloading pandas (10.8MiB)
Downloading aiohttp (1.7MiB)
Downloading transformers (11.0MiB)
Downloading sentencepiece (1.3MiB)
Downloading pygments (1.2MiB)
 Downloaded tiktoken
 Downloaded sentencepiece
 Downloaded aiohttp
 Downloaded tokenizers
 Downloaded hf-xet
 Downloaded pygments
 Downloaded pandas
 Downloaded pyarrow
 Downloaded transformers
Prepared 45 packages in 1.12s
Installed 45 packages in 222ms
 + accelerate==1.14.0
 + aiohappyeyeballs==2.7.1
 + aiohttp==3.14.1
 + aiosignal==1.4.0
 + annotated-doc==0.0.4
 + anyio==4.14.1
 + attrs==26.1.0
 + certifi==2026.6.17
 + charset-normalizer==3.4.9
 + click==8.4.2
 + datasets==5.0.0
 + dill==0.4.1
 + frozenlist==1.8.0
 + h11==0.16.0
 + hf-xet==1.5.1
 + httpcore==1.0.9
 + httpx==0.28.1
 + huggingface-hub==1.22.0
 + idna==3.18
 + markdown-it-py==4.2.0
 + mdurl==0.1.2
 + multidict==6.7.1
 + multiprocess==0.70.19
 + pandas==3.0.3
 + propcache==0.5.2
 + protobuf==7.35.1
 + psutil==7.2.2
 + pyarrow==24.0.0
 + pygments==2.20.0
 + python-dateutil==2.9.0.post0
 + regex==2026.6.28
 + requests==2.34.2
 + rich==15.0.0
 + safetensors==0.8.0
 + sentencepiece==0.2.1
 + shellingham==1.5.4
 + six==1.17.0
 + tiktoken==0.13.0
 + tokenizers==0.22.2
 + tqdm==4.68.4
 + transformers==5.13.0
 + typer==0.26.8
 + urllib3==2.7.0
 + xxhash==3.8.1
 + yarl==1.24.2
Using Python 3.11.15 environment at: /tmp/moe-bias-shapley-venv
Resolved 26 packages in 144ms
Downloading bitsandbytes (57.8MiB)
 Downloaded bitsandbytes
Prepared 1 package in 795ms
Installed 1 package in 78ms
 + bitsandbytes==0.49.2
[2026-07-07 17:09:29,546] INFO run_bias_study: === Study: exp2-dense-baseline-phi3.5-mini-v1 ===
[2026-07-07 17:09:29,546] INFO run_bias_study: Model: microsoft/Phi-3.5-mini-instruct | family: dense | shapley_method: dense_loo
[2026-07-07 17:09:29,546] INFO run_bias_study: Benchmarks: ['stereoset', 'bbq', 'winogender'] | max_prompts: 4000
[2026-07-07 17:09:29,546] INFO run_bias_study: Shard: 0 / 2
[2026-07-07 17:09:31,869] INFO moe_bias_shapley.benchmarks: Loading StereoSet (intrasentence / validation) …
[2026-07-07 17:09:31,908] INFO httpx: HTTP Request: GET https://huggingface.co/api/agent-harnesses "HTTP/1.1 200 OK"
[2026-07-07 17:09:31,948] INFO httpx: HTTP Request: HEAD https://huggingface.co/datasets/McGill-NLP/stereoset/resolve/main/README.md "HTTP/1.1 307 Temporary Redirect"
[2026-07-07 17:09:31,954] INFO httpx: HTTP Request: HEAD https://huggingface.co/api/resolve-cache/datasets/McGill-NLP/stereoset/bf6e7ce50491784d094fb7afe60a70ecccb89035/README.md "HTTP/1.1 200 OK"
[2026-07-07 17:09:31,960] INFO httpx: HTTP Request: GET https://huggingface.co/api/resolve-cache/datasets/McGill-NLP/stereoset/bf6e7ce50491784d094fb7afe60a70ecccb89035/README.md "HTTP/1.1 200 OK"
[2026-07-07 17:09:31,996] INFO httpx: HTTP Request: HEAD https://huggingface.co/datasets/McGill-NLP/stereoset/resolve/bf6e7ce50491784d094fb7afe60a70ecccb89035/stereoset.py "HTTP/1.1 404 Not Found"
[2026-07-07 17:09:32,097] INFO httpx: HTTP Request: HEAD https://s3.amazonaws.com/datasets.huggingface.co/datasets/datasets/McGill-NLP/stereoset/McGill-NLP/stereoset.py "HTTP/1.1 404 Not Found"
[2026-07-07 17:09:32,139] INFO httpx: HTTP Request: GET https://huggingface.co/api/datasets/McGill-NLP/stereoset/revision/bf6e7ce50491784d094fb7afe60a70ecccb89035 "HTTP/1.1 200 OK"
[2026-07-07 17:09:32,177] INFO httpx: HTTP Request: HEAD https://huggingface.co/datasets/McGill-NLP/stereoset/resolve/bf6e7ce50491784d094fb7afe60a70ecccb89035/.huggingface.yaml "HTTP/1.1 404 Not Found"
[2026-07-07 17:09:32,230] INFO httpx: HTTP Request: GET https://datasets-server.huggingface.co/info?dataset=McGill-NLP/stereoset "HTTP/1.1 200 OK"
[2026-07-07 17:09:32,274] INFO httpx: HTTP Request: GET https://huggingface.co/api/datasets/McGill-NLP/stereoset/tree/bf6e7ce50491784d094fb7afe60a70ecccb89035/intersentence?recursive=true&expand=false "HTTP/1.1 200 OK"
[2026-07-07 17:09:32,306] INFO httpx: HTTP Request: GET https://huggingface.co/api/datasets/McGill-NLP/stereoset/tree/bf6e7ce50491784d094fb7afe60a70ecccb89035?recursive=false&expand=false "HTTP/1.1 200 OK"
[2026-07-07 17:09:32,345] INFO httpx: HTTP Request: HEAD https://huggingface.co/datasets/McGill-NLP/stereoset/resolve/bf6e7ce50491784d094fb7afe60a70ecccb89035/dataset_infos.json "HTTP/1.1 404 Not Found"
[2026-07-07 17:09:32,385] INFO httpx: HTTP Request: GET https://huggingface.co/api/datasets/McGill-NLP/stereoset/tree/bf6e7ce50491784d094fb7afe60a70ecccb89035/intrasentence?recursive=true&expand=false "HTTP/1.1 200 OK"
[2026-07-07 17:09:32,771] INFO httpx: HTTP Request: HEAD https://huggingface.co/datasets/McGill-NLP/stereoset/resolve/bf6e7ce50491784d094fb7afe60a70ecccb89035/intrasentence/validation-00000-of-00001.parquet "HTTP/1.1 302 Found"
Generating validation split:   0%|          | 0/2106 [00:00<?, ? examples/s]Generating validation split: 100%|██████████| 2106/2106 [00:00<00:00, 199094.02 examples/s]
[2026-07-07 17:09:33,303] INFO moe_bias_shapley.benchmarks: Loaded 2106 StereoSet pairs from 2106 items
[2026-07-07 17:09:33,304] INFO moe_bias_shapley.benchmarks: Loading BBQ category=Gender_identity split=test …
[2026-07-07 17:09:33,341] INFO httpx: HTTP Request: HEAD https://huggingface.co/datasets/heegyu/bbq/resolve/refs%2Fconvert%2Fparquet/README.md "HTTP/1.1 404 Not Found"
[2026-07-07 17:09:33,424] INFO httpx: HTTP Request: GET https://huggingface.co/api/datasets/heegyu/bbq/revision/refs%2Fconvert%2Fparquet "HTTP/1.1 200 OK"
[2026-07-07 17:09:33,457] INFO httpx: HTTP Request: HEAD https://huggingface.co/datasets/heegyu/bbq/resolve/da21e4bdbe74d6bed714ee80b4941c9c73958aea/bbq.py "HTTP/1.1 404 Not Found"
[2026-07-07 17:09:33,483] INFO httpx: HTTP Request: HEAD https://s3.amazonaws.com/datasets.huggingface.co/datasets/datasets/heegyu/bbq/heegyu/bbq.py "HTTP/1.1 404 Not Found"
[2026-07-07 17:09:33,522] INFO httpx: HTTP Request: HEAD https://huggingface.co/datasets/heegyu/bbq/resolve/da21e4bdbe74d6bed714ee80b4941c9c73958aea/README.md "HTTP/1.1 404 Not Found"
[2026-07-07 17:09:33,558] INFO httpx: HTTP Request: GET https://huggingface.co/api/datasets/heegyu/bbq/revision/da21e4bdbe74d6bed714ee80b4941c9c73958aea "HTTP/1.1 200 OK"
[2026-07-07 17:09:33,593] INFO httpx: HTTP Request: HEAD https://huggingface.co/datasets/heegyu/bbq/resolve/da21e4bdbe74d6bed714ee80b4941c9c73958aea/.huggingface.yaml "HTTP/1.1 404 Not Found"
[2026-07-07 17:09:33,627] INFO httpx: HTTP Request: GET https://huggingface.co/api/datasets/heegyu/bbq/tree/da21e4bdbe74d6bed714ee80b4941c9c73958aea/Gender_identity%2Fdata?recursive=true&expand=false "HTTP/1.1 404 Not Found"
[2026-07-07 17:09:33,663] INFO httpx: HTTP Request: GET https://huggingface.co/api/datasets/heegyu/bbq/tree/da21e4bdbe74d6bed714ee80b4941c9c73958aea/Gender_identity?recursive=false&expand=false "HTTP/1.1 200 OK"
[2026-07-07 17:09:33,701] INFO httpx: HTTP Request: GET https://huggingface.co/api/datasets/heegyu/bbq/tree/da21e4bdbe74d6bed714ee80b4941c9c73958aea/Gender_identity%2Ftest?recursive=true&expand=false "HTTP/1.1 200 OK"
[2026-07-07 17:09:33,733] INFO httpx: HTTP Request: GET https://huggingface.co/api/datasets/heegyu/bbq/tree/da21e4bdbe74d6bed714ee80b4941c9c73958aea?recursive=false&expand=false "HTTP/1.1 200 OK"
[2026-07-07 17:09:33,781] INFO httpx: HTTP Request: HEAD https://huggingface.co/datasets/heegyu/bbq/resolve/da21e4bdbe74d6bed714ee80b4941c9c73958aea/dataset_infos.json "HTTP/1.1 404 Not Found"
[2026-07-07 17:09:33,822] INFO httpx: HTTP Request: HEAD https://huggingface.co/datasets/heegyu/bbq/resolve/da21e4bdbe74d6bed714ee80b4941c9c73958aea/Gender_identity/test/0000.parquet "HTTP/1.1 302 Found"
Generating test split: 0 examples [00:00, ? examples/s]Generating test split: 5672 examples [00:00, 602174.10 examples/s]
[2026-07-07 17:09:34,468] INFO moe_bias_shapley.benchmarks: Loading BBQ category=Race_ethnicity split=test …
[2026-07-07 17:09:34,505] INFO httpx: HTTP Request: HEAD https://huggingface.co/datasets/heegyu/bbq/resolve/refs%2Fconvert%2Fparquet/README.md "HTTP/1.1 404 Not Found"
[2026-07-07 17:09:34,799] INFO httpx: HTTP Request: GET https://huggingface.co/api/datasets/heegyu/bbq/revision/refs%2Fconvert%2Fparquet "HTTP/1.1 200 OK"
[2026-07-07 17:09:34,843] INFO httpx: HTTP Request: HEAD https://huggingface.co/datasets/heegyu/bbq/resolve/da21e4bdbe74d6bed714ee80b4941c9c73958aea/bbq.py "HTTP/1.1 404 Not Found"
[2026-07-07 17:09:34,874] INFO httpx: HTTP Request: HEAD https://s3.amazonaws.com/datasets.huggingface.co/datasets/datasets/heegyu/bbq/heegyu/bbq.py "HTTP/1.1 404 Not Found"
[2026-07-07 17:09:34,914] INFO httpx: HTTP Request: HEAD https://huggingface.co/datasets/heegyu/bbq/resolve/da21e4bdbe74d6bed714ee80b4941c9c73958aea/README.md "HTTP/1.1 404 Not Found"
[2026-07-07 17:09:34,960] INFO httpx: HTTP Request: HEAD https://huggingface.co/datasets/heegyu/bbq/resolve/da21e4bdbe74d6bed714ee80b4941c9c73958aea/.huggingface.yaml "HTTP/1.1 404 Not Found"
[2026-07-07 17:09:35,015] INFO httpx: HTTP Request: GET https://huggingface.co/api/datasets/heegyu/bbq/tree/da21e4bdbe74d6bed714ee80b4941c9c73958aea/Race_ethnicity%2Fdata?recursive=true&expand=false "HTTP/1.1 404 Not Found"
[2026-07-07 17:09:35,079] INFO httpx: HTTP Request: GET https://huggingface.co/api/datasets/heegyu/bbq/tree/da21e4bdbe74d6bed714ee80b4941c9c73958aea/Race_ethnicity?recursive=false&expand=false "HTTP/1.1 200 OK"
[2026-07-07 17:09:35,121] INFO httpx: HTTP Request: GET https://huggingface.co/api/datasets/heegyu/bbq/tree/da21e4bdbe74d6bed714ee80b4941c9c73958aea/Race_ethnicity%2Ftest?recursive=true&expand=false "HTTP/1.1 200 OK"
[2026-07-07 17:09:35,183] INFO httpx: HTTP Request: HEAD https://huggingface.co/datasets/heegyu/bbq/resolve/da21e4bdbe74d6bed714ee80b4941c9c73958aea/dataset_infos.json "HTTP/1.1 404 Not Found"
[2026-07-07 17:09:35,243] INFO httpx: HTTP Request: HEAD https://huggingface.co/datasets/heegyu/bbq/resolve/da21e4bdbe74d6bed714ee80b4941c9c73958aea/Race_ethnicity/test/0000.parquet "HTTP/1.1 302 Found"
Generating test split: 0 examples [00:00, ? examples/s]Generating test split: 6880 examples [00:00, 640195.49 examples/s]
[2026-07-07 17:09:35,874] INFO moe_bias_shapley.benchmarks: Loaded 4000 BBQ pairs across 2 categories
[2026-07-07 17:09:35,931] INFO moe_bias_shapley.benchmarks: Loaded 240 WinoGender pairs
[2026-07-07 17:09:35,932] INFO moe_bias_shapley.benchmarks: Total prompt pairs: 4000
[2026-07-07 17:09:35,933] INFO run_bias_study: After sharding: 2000 pairs (shard 0 of 2)
[2026-07-07 17:09:43,337] INFO moe_bias_shapley.modeling: Loading tokenizer + model: microsoft/Phi-3.5-mini-instruct (family=dense)
[2026-07-07 17:09:43,470] INFO httpx: HTTP Request: HEAD https://huggingface.co/microsoft/Phi-3.5-mini-instruct/resolve/main/config.json "HTTP/1.1 307 Temporary Redirect"
[2026-07-07 17:09:43,736] INFO httpx: HTTP Request: HEAD https://huggingface.co/api/resolve-cache/models/microsoft/Phi-3.5-mini-instruct/2fe192450127e6a83f7441aef6e3ca586c338b77/config.json "HTTP/1.1 200 OK"
[2026-07-07 17:09:43,767] INFO httpx: HTTP Request: GET https://huggingface.co/api/resolve-cache/models/microsoft/Phi-3.5-mini-instruct/2fe192450127e6a83f7441aef6e3ca586c338b77/config.json "HTTP/1.1 200 OK"
[transformers] This model config has set a `rope_parameters['original_max_position_embeddings']` field, to be used together with `max_position_embeddings` to determine a scaling factor. Please set the `factor` field of `rope_parameters`with this ratio instead -- we recommend the use of this field over `original_max_position_embeddings`, as it is compatible with most model architectures.
[2026-07-07 17:09:44,156] INFO httpx: HTTP Request: HEAD https://huggingface.co/microsoft/Phi-3.5-mini-instruct/resolve/main/tokenizer_config.json "HTTP/1.1 307 Temporary Redirect"
[2026-07-07 17:09:44,185] INFO httpx: HTTP Request: HEAD https://huggingface.co/api/resolve-cache/models/microsoft/Phi-3.5-mini-instruct/2fe192450127e6a83f7441aef6e3ca586c338b77/tokenizer_config.json "HTTP/1.1 200 OK"
[2026-07-07 17:09:44,210] INFO httpx: HTTP Request: GET https://huggingface.co/api/resolve-cache/models/microsoft/Phi-3.5-mini-instruct/2fe192450127e6a83f7441aef6e3ca586c338b77/tokenizer_config.json "HTTP/1.1 200 OK"
[2026-07-07 17:09:44,263] INFO httpx: HTTP Request: HEAD https://huggingface.co/microsoft/Phi-3.5-mini-instruct/resolve/main/tokenizer_config.json "HTTP/1.1 307 Temporary Redirect"
[2026-07-07 17:09:44,287] INFO httpx: HTTP Request: HEAD https://huggingface.co/api/resolve-cache/models/microsoft/Phi-3.5-mini-instruct/2fe192450127e6a83f7441aef6e3ca586c338b77/tokenizer_config.json "HTTP/1.1 200 OK"
[2026-07-07 17:09:44,337] INFO httpx: HTTP Request: GET https://huggingface.co/api/models/microsoft/Phi-3.5-mini-instruct/tree/main/additional_chat_templates?recursive=false&expand=false "HTTP/1.1 404 Not Found"
[2026-07-07 17:09:44,376] INFO httpx: HTTP Request: GET https://huggingface.co/api/models/microsoft/Phi-3.5-mini-instruct/tree/main?recursive=true&expand=false "HTTP/1.1 200 OK"
[2026-07-07 17:09:44,417] INFO httpx: HTTP Request: HEAD https://huggingface.co/microsoft/Phi-3.5-mini-instruct/resolve/main/tokenizer.json "HTTP/1.1 307 Temporary Redirect"
[2026-07-07 17:09:44,422] INFO httpx: HTTP Request: HEAD https://huggingface.co/api/resolve-cache/models/microsoft/Phi-3.5-mini-instruct/2fe192450127e6a83f7441aef6e3ca586c338b77/tokenizer.json "HTTP/1.1 200 OK"
[2026-07-07 17:09:44,428] INFO httpx: HTTP Request: GET https://huggingface.co/api/resolve-cache/models/microsoft/Phi-3.5-mini-instruct/2fe192450127e6a83f7441aef6e3ca586c338b77/tokenizer.json "HTTP/1.1 200 OK"
[2026-07-07 17:09:44,481] INFO httpx: HTTP Request: HEAD https://huggingface.co/microsoft/Phi-3.5-mini-instruct/resolve/main/tokenizer.model "HTTP/1.1 302 Found"
[2026-07-07 17:09:44,836] INFO httpx: HTTP Request: HEAD https://huggingface.co/microsoft/Phi-3.5-mini-instruct/resolve/main/added_tokens.json "HTTP/1.1 307 Temporary Redirect"
[2026-07-07 17:09:44,848] INFO httpx: HTTP Request: HEAD https://huggingface.co/api/resolve-cache/models/microsoft/Phi-3.5-mini-instruct/2fe192450127e6a83f7441aef6e3ca586c338b77/added_tokens.json "HTTP/1.1 200 OK"
[2026-07-07 17:09:44,860] INFO httpx: HTTP Request: GET https://huggingface.co/api/resolve-cache/models/microsoft/Phi-3.5-mini-instruct/2fe192450127e6a83f7441aef6e3ca586c338b77/added_tokens.json "HTTP/1.1 200 OK"
[2026-07-07 17:09:44,914] INFO httpx: HTTP Request: HEAD https://huggingface.co/microsoft/Phi-3.5-mini-instruct/resolve/main/special_tokens_map.json "HTTP/1.1 307 Temporary Redirect"
[2026-07-07 17:09:44,928] INFO httpx: HTTP Request: HEAD https://huggingface.co/api/resolve-cache/models/microsoft/Phi-3.5-mini-instruct/2fe192450127e6a83f7441aef6e3ca586c338b77/special_tokens_map.json "HTTP/1.1 200 OK"
[2026-07-07 17:09:44,943] INFO httpx: HTTP Request: GET https://huggingface.co/api/resolve-cache/models/microsoft/Phi-3.5-mini-instruct/2fe192450127e6a83f7441aef6e3ca586c338b77/special_tokens_map.json "HTTP/1.1 200 OK"
[2026-07-07 17:09:44,987] INFO httpx: HTTP Request: HEAD https://huggingface.co/microsoft/Phi-3.5-mini-instruct/resolve/main/chat_template.jinja "HTTP/1.1 404 Not Found"
[2026-07-07 17:09:45,203] INFO httpx: HTTP Request: HEAD https://huggingface.co/microsoft/Phi-3.5-mini-instruct/resolve/main/config.json "HTTP/1.1 307 Temporary Redirect"
[2026-07-07 17:09:45,221] INFO httpx: HTTP Request: HEAD https://huggingface.co/api/resolve-cache/models/microsoft/Phi-3.5-mini-instruct/2fe192450127e6a83f7441aef6e3ca586c338b77/config.json "HTTP/1.1 200 OK"
[2026-07-07 17:09:45,999] INFO httpx: HTTP Request: HEAD https://huggingface.co/microsoft/Phi-3.5-mini-instruct/resolve/main/model.safetensors "HTTP/1.1 404 Not Found"
[2026-07-07 17:09:46,078] INFO httpx: HTTP Request: HEAD https://huggingface.co/microsoft/Phi-3.5-mini-instruct/resolve/main/model.safetensors.index.json "HTTP/1.1 307 Temporary Redirect"
[2026-07-07 17:09:46,090] INFO httpx: HTTP Request: HEAD https://huggingface.co/api/resolve-cache/models/microsoft/Phi-3.5-mini-instruct/2fe192450127e6a83f7441aef6e3ca586c338b77/model.safetensors.index.json "HTTP/1.1 200 OK"
[2026-07-07 17:09:46,100] INFO httpx: HTTP Request: GET https://huggingface.co/api/resolve-cache/models/microsoft/Phi-3.5-mini-instruct/2fe192450127e6a83f7441aef6e3ca586c338b77/model.safetensors.index.json "HTTP/1.1 200 OK"
[2026-07-07 17:09:46,138] INFO httpx: HTTP Request: GET https://huggingface.co/api/models/microsoft/Phi-3.5-mini-instruct/revision/main "HTTP/1.1 200 OK"
[2026-07-07 17:09:46,184] INFO httpx: HTTP Request: GET https://huggingface.co/api/models/microsoft/Phi-3.5-mini-instruct/tree/2fe192450127e6a83f7441aef6e3ca586c338b77?recursive=true&expand=false "HTTP/1.1 200 OK"
Fetching 2 files:   0%|          | 0/2 [00:00<?, ?it/s]Fetching 2 files:  50%|█████     | 1/2 [00:20<00:20, 20.60s/it]Fetching 2 files: 100%|██████████| 2/2 [00:20<00:00, 10.30s/it]
Loading weights:   0%|          | 0/195 [00:00<?, ?it/s]Loading weights:   9%|▊         | 17/195 [00:00<00:01, 150.75it/s]Loading weights:  21%|██        | 40/195 [00:00<00:00, 189.79it/s]Loading weights:  31%|███       | 60/195 [00:00<00:00, 192.79it/s]Loading weights:  41%|████      | 80/195 [00:00<00:00, 194.11it/s]Loading weights:  51%|█████▏    | 100/195 [00:00<00:00, 193.57it/s]Loading weights:  62%|██████▏   | 120/195 [00:00<00:00, 188.78it/s]Loading weights:  72%|███████▏  | 140/195 [00:00<00:00, 188.86it/s]Loading weights:  82%|████████▏ | 160/195 [00:00<00:00, 189.69it/s]Loading weights:  92%|█████████▏| 179/195 [00:00<00:00, 185.72it/s]Loading weights: 100%|██████████| 195/195 [00:01<00:00, 190.08it/s]
[2026-07-07 17:10:09,313] INFO httpx: HTTP Request: HEAD https://huggingface.co/microsoft/Phi-3.5-mini-instruct/resolve/main/generation_config.json "HTTP/1.1 307 Temporary Redirect"
[2026-07-07 17:10:09,320] INFO httpx: HTTP Request: HEAD https://huggingface.co/api/resolve-cache/models/microsoft/Phi-3.5-mini-instruct/2fe192450127e6a83f7441aef6e3ca586c338b77/generation_config.json "HTTP/1.1 200 OK"
[2026-07-07 17:10:09,326] INFO httpx: HTTP Request: GET https://huggingface.co/api/resolve-cache/models/microsoft/Phi-3.5-mini-instruct/2fe192450127e6a83f7441aef6e3ca586c338b77/generation_config.json "HTTP/1.1 200 OK"
[2026-07-07 17:10:09,329] INFO moe_bias_shapley.hooks: Discovered 32 dense FFN layers
[2026-07-07 17:10:22,394] INFO moe_bias_shapley.shapley: dense_loo: processed 10/2000 pairs
[2026-07-07 17:10:34,947] INFO moe_bias_shapley.shapley: dense_loo: processed 20/2000 pairs
[2026-07-07 17:10:47,485] INFO moe_bias_shapley.shapley: dense_loo: processed 30/2000 pairs
[2026-07-07 17:10:59,695] INFO moe_bias_shapley.shapley: dense_loo: processed 40/2000 pairs
[2026-07-07 17:11:12,013] INFO moe_bias_shapley.shapley: dense_loo: processed 50/2000 pairs
[2026-07-07 17:11:24,228] INFO moe_bias_shapley.shapley: dense_loo: processed 60/2000 pairs
[2026-07-07 17:11:36,433] INFO moe_bias_shapley.shapley: dense_loo: processed 70/2000 pairs
[2026-07-07 17:11:48,625] INFO moe_bias_shapley.shapley: dense_loo: processed 80/2000 pairs
[2026-07-07 17:12:00,816] INFO moe_bias_shapley.shapley: dense_loo: processed 90/2000 pairs
[2026-07-07 17:12:13,005] INFO moe_bias_shapley.shapley: dense_loo: processed 100/2000 pairs
[2026-07-07 17:12:25,182] INFO moe_bias_shapley.shapley: dense_loo: processed 110/2000 pairs
[2026-07-07 17:12:37,398] INFO moe_bias_shapley.shapley: dense_loo: processed 120/2000 pairs
[2026-07-07 17:12:49,573] INFO moe_bias_shapley.shapley: dense_loo: processed 130/2000 pairs
[2026-07-07 17:13:01,764] INFO moe_bias_shapley.shapley: dense_loo: processed 140/2000 pairs
[2026-07-07 17:13:13,953] INFO moe_bias_shapley.shapley: dense_loo: processed 150/2000 pairs
[2026-07-07 17:13:26,145] INFO moe_bias_shapley.shapley: dense_loo: processed 160/2000 pairs
[2026-07-07 17:13:38,332] INFO moe_bias_shapley.shapley: dense_loo: processed 170/2000 pairs
[2026-07-07 17:13:50,515] INFO moe_bias_shapley.shapley: dense_loo: processed 180/2000 pairs
[2026-07-07 17:14:02,698] INFO moe_bias_shapley.shapley: dense_loo: processed 190/2000 pairs
[2026-07-07 17:14:14,903] INFO moe_bias_shapley.shapley: dense_loo: processed 200/2000 pairs
[2026-07-07 17:14:27,151] INFO moe_bias_shapley.shapley: dense_loo: processed 210/2000 pairs
[2026-07-07 17:14:39,341] INFO moe_bias_shapley.shapley: dense_loo: processed 220/2000 pairs
[2026-07-07 17:14:51,523] INFO moe_bias_shapley.shapley: dense_loo: processed 230/2000 pairs
[2026-07-07 17:15:03,696] INFO moe_bias_shapley.shapley: dense_loo: processed 240/2000 pairs
[2026-07-07 17:15:15,884] INFO moe_bias_shapley.shapley: dense_loo: processed 250/2000 pairs
[2026-07-07 17:15:28,061] INFO moe_bias_shapley.shapley: dense_loo: processed 260/2000 pairs
[2026-07-07 17:15:40,258] INFO moe_bias_shapley.shapley: dense_loo: processed 270/2000 pairs
[2026-07-07 17:15:52,450] INFO moe_bias_shapley.shapley: dense_loo: processed 280/2000 pairs
[2026-07-07 17:16:04,626] INFO moe_bias_shapley.shapley: dense_loo: processed 290/2000 pairs
[2026-07-07 17:16:16,804] INFO moe_bias_shapley.shapley: dense_loo: processed 300/2000 pairs
[2026-07-07 17:16:28,988] INFO moe_bias_shapley.shapley: dense_loo: processed 310/2000 pairs
[2026-07-07 17:16:41,176] INFO moe_bias_shapley.shapley: dense_loo: processed 320/2000 pairs
[2026-07-07 17:16:53,365] INFO moe_bias_shapley.shapley: dense_loo: processed 330/2000 pairs
[2026-07-07 17:17:05,570] INFO moe_bias_shapley.shapley: dense_loo: processed 340/2000 pairs
[2026-07-07 17:17:17,801] INFO moe_bias_shapley.shapley: dense_loo: processed 350/2000 pairs
[2026-07-07 17:17:30,008] INFO moe_bias_shapley.shapley: dense_loo: processed 360/2000 pairs
[2026-07-07 17:17:42,161] INFO moe_bias_shapley.shapley: dense_loo: processed 370/2000 pairs
[2026-07-07 17:17:54,320] INFO moe_bias_shapley.shapley: dense_loo: processed 380/2000 pairs
[2026-07-07 17:18:06,489] INFO moe_bias_shapley.shapley: dense_loo: processed 390/2000 pairs
[2026-07-07 17:18:18,686] INFO moe_bias_shapley.shapley: dense_loo: processed 400/2000 pairs
[2026-07-07 17:18:30,875] INFO moe_bias_shapley.shapley: dense_loo: processed 410/2000 pairs
[2026-07-07 17:18:43,037] INFO moe_bias_shapley.shapley: dense_loo: processed 420/2000 pairs
[2026-07-07 17:18:55,205] INFO moe_bias_shapley.shapley: dense_loo: processed 430/2000 pairs
[2026-07-07 17:19:07,367] INFO moe_bias_shapley.shapley: dense_loo: processed 440/2000 pairs
[2026-07-07 17:19:19,538] INFO moe_bias_shapley.shapley: dense_loo: processed 450/2000 pairs
[2026-07-07 17:19:31,710] INFO moe_bias_shapley.shapley: dense_loo: processed 460/2000 pairs
[2026-07-07 17:19:43,890] INFO moe_bias_shapley.shapley: dense_loo: processed 470/2000 pairs
[2026-07-07 17:19:56,058] INFO moe_bias_shapley.shapley: dense_loo: processed 480/2000 pairs
[2026-07-07 17:20:08,231] INFO moe_bias_shapley.shapley: dense_loo: processed 490/2000 pairs
[2026-07-07 17:20:20,404] INFO moe_bias_shapley.shapley: dense_loo: processed 500/2000 pairs
[2026-07-07 17:20:32,594] INFO moe_bias_shapley.shapley: dense_loo: processed 510/2000 pairs
[2026-07-07 17:20:44,889] INFO moe_bias_shapley.shapley: dense_loo: processed 520/2000 pairs
[2026-07-07 17:20:57,067] INFO moe_bias_shapley.shapley: dense_loo: processed 530/2000 pairs
[2026-07-07 17:21:09,253] INFO moe_bias_shapley.shapley: dense_loo: processed 540/2000 pairs
[2026-07-07 17:21:21,459] INFO moe_bias_shapley.shapley: dense_loo: processed 550/2000 pairs
[2026-07-07 17:21:33,632] INFO moe_bias_shapley.shapley: dense_loo: processed 560/2000 pairs
[2026-07-07 17:21:45,825] INFO moe_bias_shapley.shapley: dense_loo: processed 570/2000 pairs
[2026-07-07 17:21:58,018] INFO moe_bias_shapley.shapley: dense_loo: processed 580/2000 pairs
[2026-07-07 17:22:10,197] INFO moe_bias_shapley.shapley: dense_loo: processed 590/2000 pairs
[2026-07-07 17:22:22,428] INFO moe_bias_shapley.shapley: dense_loo: processed 600/2000 pairs
[2026-07-07 17:22:34,651] INFO moe_bias_shapley.shapley: dense_loo: processed 610/2000 pairs
[2026-07-07 17:22:46,832] INFO moe_bias_shapley.shapley: dense_loo: processed 620/2000 pairs
[2026-07-07 17:22:59,016] INFO moe_bias_shapley.shapley: dense_loo: processed 630/2000 pairs
[2026-07-07 17:23:11,195] INFO moe_bias_shapley.shapley: dense_loo: processed 640/2000 pairs
[2026-07-07 17:23:23,355] INFO moe_bias_shapley.shapley: dense_loo: processed 650/2000 pairs
[2026-07-07 17:23:35,516] INFO moe_bias_shapley.shapley: dense_loo: processed 660/2000 pairs
[2026-07-07 17:23:47,683] INFO moe_bias_shapley.shapley: dense_loo: processed 670/2000 pairs
[2026-07-07 17:23:59,843] INFO moe_bias_shapley.shapley: dense_loo: processed 680/2000 pairs
[2026-07-07 17:24:12,104] INFO moe_bias_shapley.shapley: dense_loo: processed 690/2000 pairs
[2026-07-07 17:24:24,376] INFO moe_bias_shapley.shapley: dense_loo: processed 700/2000 pairs
[2026-07-07 17:24:36,616] INFO moe_bias_shapley.shapley: dense_loo: processed 710/2000 pairs
[2026-07-07 17:24:48,812] INFO moe_bias_shapley.shapley: dense_loo: processed 720/2000 pairs
[2026-07-07 17:25:00,977] INFO moe_bias_shapley.shapley: dense_loo: processed 730/2000 pairs
[2026-07-07 17:25:13,162] INFO moe_bias_shapley.shapley: dense_loo: processed 740/2000 pairs
[2026-07-07 17:25:25,340] INFO moe_bias_shapley.shapley: dense_loo: processed 750/2000 pairs
[2026-07-07 17:25:37,516] INFO moe_bias_shapley.shapley: dense_loo: processed 760/2000 pairs
[2026-07-07 17:25:49,689] INFO moe_bias_shapley.shapley: dense_loo: processed 770/2000 pairs
[2026-07-07 17:26:01,846] INFO moe_bias_shapley.shapley: dense_loo: processed 780/2000 pairs
[2026-07-07 17:26:14,009] INFO moe_bias_shapley.shapley: dense_loo: processed 790/2000 pairs
[2026-07-07 17:26:26,167] INFO moe_bias_shapley.shapley: dense_loo: processed 800/2000 pairs
[2026-07-07 17:26:38,344] INFO moe_bias_shapley.shapley: dense_loo: processed 810/2000 pairs
[2026-07-07 17:26:50,515] INFO moe_bias_shapley.shapley: dense_loo: processed 820/2000 pairs
[2026-07-07 17:27:02,687] INFO moe_bias_shapley.shapley: dense_loo: processed 830/2000 pairs
[2026-07-07 17:27:14,854] INFO moe_bias_shapley.shapley: dense_loo: processed 840/2000 pairs
[2026-07-07 17:27:27,007] INFO moe_bias_shapley.shapley: dense_loo: processed 850/2000 pairs
[2026-07-07 17:27:39,158] INFO moe_bias_shapley.shapley: dense_loo: processed 860/2000 pairs
[2026-07-07 17:27:51,326] INFO moe_bias_shapley.shapley: dense_loo: processed 870/2000 pairs
[2026-07-07 17:28:03,489] INFO moe_bias_shapley.shapley: dense_loo: processed 880/2000 pairs
[2026-07-07 17:28:15,652] INFO moe_bias_shapley.shapley: dense_loo: processed 890/2000 pairs
[2026-07-07 17:28:27,797] INFO moe_bias_shapley.shapley: dense_loo: processed 900/2000 pairs
[2026-07-07 17:28:39,974] INFO moe_bias_shapley.shapley: dense_loo: processed 910/2000 pairs
[2026-07-07 17:28:52,178] INFO moe_bias_shapley.shapley: dense_loo: processed 920/2000 pairs
[2026-07-07 17:29:04,352] INFO moe_bias_shapley.shapley: dense_loo: processed 930/2000 pairs
[2026-07-07 17:29:16,523] INFO moe_bias_shapley.shapley: dense_loo: processed 940/2000 pairs
[2026-07-07 17:29:28,685] INFO moe_bias_shapley.shapley: dense_loo: processed 950/2000 pairs
[2026-07-07 17:29:40,835] INFO moe_bias_shapley.shapley: dense_loo: processed 960/2000 pairs
[2026-07-07 17:29:53,000] INFO moe_bias_shapley.shapley: dense_loo: processed 970/2000 pairs
[2026-07-07 17:30:05,227] INFO moe_bias_shapley.shapley: dense_loo: processed 980/2000 pairs
[2026-07-07 17:30:17,409] INFO moe_bias_shapley.shapley: dense_loo: processed 990/2000 pairs
[2026-07-07 17:30:29,577] INFO moe_bias_shapley.shapley: dense_loo: processed 1000/2000 pairs
[2026-07-07 17:30:41,759] INFO moe_bias_shapley.shapley: dense_loo: processed 1010/2000 pairs
[2026-07-07 17:30:53,983] INFO moe_bias_shapley.shapley: dense_loo: processed 1020/2000 pairs
[2026-07-07 17:31:06,158] INFO moe_bias_shapley.shapley: dense_loo: processed 1030/2000 pairs
[2026-07-07 17:31:18,340] INFO moe_bias_shapley.shapley: dense_loo: processed 1040/2000 pairs
[2026-07-07 17:31:30,507] INFO moe_bias_shapley.shapley: dense_loo: processed 1050/2000 pairs
[2026-07-07 17:31:42,739] INFO moe_bias_shapley.shapley: dense_loo: processed 1060/2000 pairs
[2026-07-07 17:31:55,015] INFO moe_bias_shapley.shapley: dense_loo: processed 1070/2000 pairs
[2026-07-07 17:32:07,257] INFO moe_bias_shapley.shapley: dense_loo: processed 1080/2000 pairs
[2026-07-07 17:32:19,484] INFO moe_bias_shapley.shapley: dense_loo: processed 1090/2000 pairs
[2026-07-07 17:32:31,676] INFO moe_bias_shapley.shapley: dense_loo: processed 1100/2000 pairs
[2026-07-07 17:32:43,870] INFO moe_bias_shapley.shapley: dense_loo: processed 1110/2000 pairs
[2026-07-07 17:32:56,060] INFO moe_bias_shapley.shapley: dense_loo: processed 1120/2000 pairs
[2026-07-07 17:33:08,247] INFO moe_bias_shapley.shapley: dense_loo: processed 1130/2000 pairs
[2026-07-07 17:33:20,443] INFO moe_bias_shapley.shapley: dense_loo: processed 1140/2000 pairs
[2026-07-07 17:33:32,642] INFO moe_bias_shapley.shapley: dense_loo: processed 1150/2000 pairs
[2026-07-07 17:33:44,834] INFO moe_bias_shapley.shapley: dense_loo: processed 1160/2000 pairs
[2026-07-07 17:33:57,032] INFO moe_bias_shapley.shapley: dense_loo: processed 1170/2000 pairs
[2026-07-07 17:34:09,267] INFO moe_bias_shapley.shapley: dense_loo: processed 1180/2000 pairs
[2026-07-07 17:34:21,509] INFO moe_bias_shapley.shapley: dense_loo: processed 1190/2000 pairs
[2026-07-07 17:34:33,749] INFO moe_bias_shapley.shapley: dense_loo: processed 1200/2000 pairs
[2026-07-07 17:34:45,953] INFO moe_bias_shapley.shapley: dense_loo: processed 1210/2000 pairs
[2026-07-07 17:34:58,142] INFO moe_bias_shapley.shapley: dense_loo: processed 1220/2000 pairs
[2026-07-07 17:35:10,327] INFO moe_bias_shapley.shapley: dense_loo: processed 1230/2000 pairs
[2026-07-07 17:35:22,517] INFO moe_bias_shapley.shapley: dense_loo: processed 1240/2000 pairs
[2026-07-07 17:35:34,714] INFO moe_bias_shapley.shapley: dense_loo: processed 1250/2000 pairs
[2026-07-07 17:35:46,898] INFO moe_bias_shapley.shapley: dense_loo: processed 1260/2000 pairs
[2026-07-07 17:35:59,077] INFO moe_bias_shapley.shapley: dense_loo: processed 1270/2000 pairs
[2026-07-07 17:36:11,256] INFO moe_bias_shapley.shapley: dense_loo: processed 1280/2000 pairs
[2026-07-07 17:36:23,505] INFO moe_bias_shapley.shapley: dense_loo: processed 1290/2000 pairs
[2026-07-07 17:36:35,742] INFO moe_bias_shapley.shapley: dense_loo: processed 1300/2000 pairs
[2026-07-07 17:36:47,927] INFO moe_bias_shapley.shapley: dense_loo: processed 1310/2000 pairs
[2026-07-07 17:37:00,124] INFO moe_bias_shapley.shapley: dense_loo: processed 1320/2000 pairs
[2026-07-07 17:37:12,320] INFO moe_bias_shapley.shapley: dense_loo: processed 1330/2000 pairs
[2026-07-07 17:37:24,571] INFO moe_bias_shapley.shapley: dense_loo: processed 1340/2000 pairs
[2026-07-07 17:37:36,800] INFO moe_bias_shapley.shapley: dense_loo: processed 1350/2000 pairs
[2026-07-07 17:37:49,005] INFO moe_bias_shapley.shapley: dense_loo: processed 1360/2000 pairs
[2026-07-07 17:38:01,207] INFO moe_bias_shapley.shapley: dense_loo: processed 1370/2000 pairs
[2026-07-07 17:38:13,399] INFO moe_bias_shapley.shapley: dense_loo: processed 1380/2000 pairs
[2026-07-07 17:38:25,653] INFO moe_bias_shapley.shapley: dense_loo: processed 1390/2000 pairs
[2026-07-07 17:38:37,895] INFO moe_bias_shapley.shapley: dense_loo: processed 1400/2000 pairs
[2026-07-07 17:38:50,151] INFO moe_bias_shapley.shapley: dense_loo: processed 1410/2000 pairs
[2026-07-07 17:39:02,400] INFO moe_bias_shapley.shapley: dense_loo: processed 1420/2000 pairs
[2026-07-07 17:39:14,660] INFO moe_bias_shapley.shapley: dense_loo: processed 1430/2000 pairs
[2026-07-07 17:39:26,924] INFO moe_bias_shapley.shapley: dense_loo: processed 1440/2000 pairs
[2026-07-07 17:39:39,193] INFO moe_bias_shapley.shapley: dense_loo: processed 1450/2000 pairs
[2026-07-07 17:39:51,446] INFO moe_bias_shapley.shapley: dense_loo: processed 1460/2000 pairs
[2026-07-07 17:40:03,700] INFO moe_bias_shapley.shapley: dense_loo: processed 1470/2000 pairs
[2026-07-07 17:40:15,963] INFO moe_bias_shapley.shapley: dense_loo: processed 1480/2000 pairs
[2026-07-07 17:40:28,221] INFO moe_bias_shapley.shapley: dense_loo: processed 1490/2000 pairs
[2026-07-07 17:40:40,486] INFO moe_bias_shapley.shapley: dense_loo: processed 1500/2000 pairs
[2026-07-07 17:40:52,754] INFO moe_bias_shapley.shapley: dense_loo: processed 1510/2000 pairs
[2026-07-07 17:41:05,051] INFO moe_bias_shapley.shapley: dense_loo: processed 1520/2000 pairs
[2026-07-07 17:41:17,408] INFO moe_bias_shapley.shapley: dense_loo: processed 1530/2000 pairs
[2026-07-07 17:41:29,740] INFO moe_bias_shapley.shapley: dense_loo: processed 1540/2000 pairs
[2026-07-07 17:41:42,102] INFO moe_bias_shapley.shapley: dense_loo: processed 1550/2000 pairs
[2026-07-07 17:41:54,469] INFO moe_bias_shapley.shapley: dense_loo: processed 1560/2000 pairs
[2026-07-07 17:42:06,812] INFO moe_bias_shapley.shapley: dense_loo: processed 1570/2000 pairs
[2026-07-07 17:42:19,097] INFO moe_bias_shapley.shapley: dense_loo: processed 1580/2000 pairs
[2026-07-07 17:42:31,378] INFO moe_bias_shapley.shapley: dense_loo: processed 1590/2000 pairs
[2026-07-07 17:42:43,682] INFO moe_bias_shapley.shapley: dense_loo: processed 1600/2000 pairs
[2026-07-07 17:42:55,963] INFO moe_bias_shapley.shapley: dense_loo: processed 1610/2000 pairs
[2026-07-07 17:43:08,243] INFO moe_bias_shapley.shapley: dense_loo: processed 1620/2000 pairs
[2026-07-07 17:43:20,553] INFO moe_bias_shapley.shapley: dense_loo: processed 1630/2000 pairs
[2026-07-07 17:43:32,868] INFO moe_bias_shapley.shapley: dense_loo: processed 1640/2000 pairs
[2026-07-07 17:43:45,168] INFO moe_bias_shapley.shapley: dense_loo: processed 1650/2000 pairs
[2026-07-07 17:43:57,473] INFO moe_bias_shapley.shapley: dense_loo: processed 1660/2000 pairs
[2026-07-07 17:44:09,811] INFO moe_bias_shapley.shapley: dense_loo: processed 1670/2000 pairs
[2026-07-07 17:44:22,113] INFO moe_bias_shapley.shapley: dense_loo: processed 1680/2000 pairs
[2026-07-07 17:44:34,423] INFO moe_bias_shapley.shapley: dense_loo: processed 1690/2000 pairs
[2026-07-07 17:44:46,733] INFO moe_bias_shapley.shapley: dense_loo: processed 1700/2000 pairs
[2026-07-07 17:44:59,066] INFO moe_bias_shapley.shapley: dense_loo: processed 1710/2000 pairs
[2026-07-07 17:45:11,438] INFO moe_bias_shapley.shapley: dense_loo: processed 1720/2000 pairs
[2026-07-07 17:45:23,711] INFO moe_bias_shapley.shapley: dense_loo: processed 1730/2000 pairs
[2026-07-07 17:45:35,977] INFO moe_bias_shapley.shapley: dense_loo: processed 1740/2000 pairs
[2026-07-07 17:45:48,248] INFO moe_bias_shapley.shapley: dense_loo: processed 1750/2000 pairs
[2026-07-07 17:46:00,519] INFO moe_bias_shapley.shapley: dense_loo: processed 1760/2000 pairs
[2026-07-07 17:46:12,784] INFO moe_bias_shapley.shapley: dense_loo: processed 1770/2000 pairs
[2026-07-07 17:46:25,090] INFO moe_bias_shapley.shapley: dense_loo: processed 1780/2000 pairs
[2026-07-07 17:46:37,334] INFO moe_bias_shapley.shapley: dense_loo: processed 1790/2000 pairs
[2026-07-07 17:46:49,574] INFO moe_bias_shapley.shapley: dense_loo: processed 1800/2000 pairs
[2026-07-07 17:47:01,826] INFO moe_bias_shapley.shapley: dense_loo: processed 1810/2000 pairs
[2026-07-07 17:47:14,090] INFO moe_bias_shapley.shapley: dense_loo: processed 1820/2000 pairs
[2026-07-07 17:47:26,349] INFO moe_bias_shapley.shapley: dense_loo: processed 1830/2000 pairs
[2026-07-07 17:47:38,614] INFO moe_bias_shapley.shapley: dense_loo: processed 1840/2000 pairs
[2026-07-07 17:47:50,912] INFO moe_bias_shapley.shapley: dense_loo: processed 1850/2000 pairs
[2026-07-07 17:48:03,202] INFO moe_bias_shapley.shapley: dense_loo: processed 1860/2000 pairs
[2026-07-07 17:48:15,459] INFO moe_bias_shapley.shapley: dense_loo: processed 1870/2000 pairs
[2026-07-07 17:48:27,746] INFO moe_bias_shapley.shapley: dense_loo: processed 1880/2000 pairs
[2026-07-07 17:48:40,011] INFO moe_bias_shapley.shapley: dense_loo: processed 1890/2000 pairs
[2026-07-07 17:48:52,280] INFO moe_bias_shapley.shapley: dense_loo: processed 1900/2000 pairs
[2026-07-07 17:49:04,551] INFO moe_bias_shapley.shapley: dense_loo: processed 1910/2000 pairs
[2026-07-07 17:49:16,822] INFO moe_bias_shapley.shapley: dense_loo: processed 1920/2000 pairs
[2026-07-07 17:49:29,052] INFO moe_bias_shapley.shapley: dense_loo: processed 1930/2000 pairs
[2026-07-07 17:49:41,301] INFO moe_bias_shapley.shapley: dense_loo: processed 1940/2000 pairs
[2026-07-07 17:49:53,534] INFO moe_bias_shapley.shapley: dense_loo: processed 1950/2000 pairs
[2026-07-07 17:50:05,803] INFO moe_bias_shapley.shapley: dense_loo: processed 1960/2000 pairs
[2026-07-07 17:50:18,008] INFO moe_bias_shapley.shapley: dense_loo: processed 1970/2000 pairs
[2026-07-07 17:50:30,206] INFO moe_bias_shapley.shapley: dense_loo: processed 1980/2000 pairs
[2026-07-07 17:50:42,412] INFO moe_bias_shapley.shapley: dense_loo: processed 1990/2000 pairs
[2026-07-07 17:50:54,621] INFO moe_bias_shapley.shapley: dense_loo: processed 2000/2000 pairs
[2026-07-07 17:50:54,628] INFO moe_bias_shapley.reporting: Saved bias-Shapley results to /storage/ice1/0/2/sghose7/moe-breakdown-bias-runs/expt-bias-1/exp2-dense-baseline-phi3.5-mini-v1
[2026-07-07 17:50:54,628] INFO run_bias_study: Done. Results in /storage/ice1/0/2/sghose7/moe-breakdown-bias-runs/expt-bias-1/exp2-dense-baseline-phi3.5-mini-v1
