---------------------------------------
Begin Slurm Prolog: Jul-07-2026 17:08:52
Job ID:    5484048
User ID:   sghose7
Account:   coc
Job name:  bias-exp2-dense-baseline-phi3.5-mini-v1-s0of2
Partition: ice-gpu
QOS:       coc-ice
---------------------------------------
[slurm] WORKDIR=/home/hice1/sghose7/scratch/moe-breakdown
[slurm] ROOT_DIR=/home/hice1/sghose7/scratch/moe-breakdown/moe-expt-bias/expt-bias-1
[slurm] STUDY_CONFIG=/storage/ice1/0/2/sghose7/moe-breakdown/moe-expt-bias/expt-bias-1/configs/study.phi3.5-mini-dense.dense-baseline.v1.yaml
[slurm] OUT_DIR=/storage/ice1/0/2/sghose7/moe-breakdown-bias-runs/expt-bias-1/exp2-dense-baseline-phi3.5-mini-v1
[slurm] GPUs visible: 1
---------------------------------------
Begin Slurm Epilog: Jul-07-2026 17:50:55
Job ID:        5484048
User ID:       sghose7
Account:       coc
Job name:      bias-exp2-dense-baseline-phi3.5-mini-v1-s0of2
Resources:     cpu=8,gres/gpu:h100=1,mem=64G,node=1
Rsrc Used:     cput=05:36:32,vmem=0,walltime=00:42:04,mem=16352272K,energy_used=0
Partition:     ice-gpu
QOS:           coc-ice
Nodes:         atl1-1-03-012-18-0
---------------------------------------
