This is pdfTeX, Version 3.141592653-2.6-1.40.29 (TeX Live 2026) (preloaded format=pdflatex)
 restricted \write18 enabled.
entering extended mode
(./moe_bias_report_aug8.tex
LaTeX2e <2025-11-01>
L3 programming layer <2026-01-19>
(./acmart.cls
Document Class: acmart 2026/06/27 v2.19 Typesetting articles for the Associatio
n for Computing Machinery
(/usr/local/texlive/2026basic/texmf-dist/tex/latex/xkeyval/xkeyval.sty
(/usr/local/texlive/2026basic/texmf-dist/tex/generic/xkeyval/xkeyval.tex
(/usr/local/texlive/2026basic/texmf-dist/tex/generic/xkeyval/xkvutils.tex
(/usr/local/texlive/2026basic/texmf-dist/tex/generic/xkeyval/keyval.tex))))
(/usr/local/texlive/2026basic/texmf-dist/tex/generic/xstring/xstring.sty
(/usr/local/texlive/2026basic/texmf-dist/tex/generic/xstring/xstring.tex))
(/usr/local/texlive/2026basic/texmf-dist/tex/generic/iftex/iftex.sty)
(/usr/local/texlive/2026basic/texmf-dist/tex/latex/amscls/amsart.cls
Document Class: amsart 2020/05/29 v2.20.6
(/usr/local/texlive/2026basic/texmf-dist/tex/latex/amsmath/amsmath.sty
For additional information on amsmath, use the `?' option.
(/usr/local/texlive/2026basic/texmf-dist/tex/latex/amsmath/amstext.sty
(/usr/local/texlive/2026basic/texmf-dist/tex/latex/amsmath/amsgen.sty))
(/usr/local/texlive/2026basic/texmf-dist/tex/latex/amsmath/amsbsy.sty)
(/usr/local/texlive/2026basic/texmf-dist/tex/latex/amsmath/amsopn.sty))
(/usr/local/texlive/2026basic/texmf-dist/tex/latex/amsfonts/umsa.fd)
(/usr/local/texlive/2026basic/texmf-dist/tex/latex/amsfonts/amsfonts.sty))
(/usr/local/texlive/2026basic/texmf-dist/tex/latex/microtype/microtype.sty
(/usr/local/texlive/2026basic/texmf-dist/tex/latex/etoolbox/etoolbox.sty)
(/usr/local/texlive/2026basic/texmf-dist/tex/latex/microtype/microtype-pdftex.d
ef) (/usr/local/texlive/2026basic/texmf-dist/tex/latex/microtype/microtype.cfg)
) (/usr/local/texlive/2026basic/texmf-dist/tex/latex/booktabs/booktabs.sty)
(/usr/local/texlive/2026basic/texmf-dist/tex/latex/refcount/refcount.sty
(/usr/local/texlive/2026basic/texmf-dist/tex/generic/ltxcmds/ltxcmds.sty)
(/usr/local/texlive/2026basic/texmf-dist/tex/generic/infwarerr/infwarerr.sty))
(/usr/local/texlive/2026basic/texmf-dist/tex/latex/totpages/totpages.sty
(/usr/local/texlive/2026basic/texmf-dist/tex/latex/everyshi/everyshi.sty))
(/usr/local/texlive/2026basic/texmf-dist/tex/latex/environ/environ.sty
(/usr/local/texlive/2026basic/texmf-dist/tex/latex/trimspaces/trimspaces.sty))
(/usr/local/texlive/2026basic/texmf-dist/tex/latex/natbib/natbib.sty)
(/usr/local/texlive/2026basic/texmf-dist/tex/latex/hyperref/hyperref.sty
(/usr/local/texlive/2026basic/texmf-dist/tex/latex/kvsetkeys/kvsetkeys.sty)
(/usr/local/texlive/2026basic/texmf-dist/tex/generic/kvdefinekeys/kvdefinekeys.
sty)
(/usr/local/texlive/2026basic/texmf-dist/tex/generic/pdfescape/pdfescape.sty
(/usr/local/texlive/2026basic/texmf-dist/tex/generic/pdftexcmds/pdftexcmds.sty)
) (/usr/local/texlive/2026basic/texmf-dist/tex/latex/hycolor/hycolor.sty)
(/usr/local/texlive/2026basic/texmf-dist/tex/latex/hyperref/nameref.sty
(/usr/local/texlive/2026basic/texmf-dist/tex/generic/gettitlestring/gettitlestr
ing.sty
(/usr/local/texlive/2026basic/texmf-dist/tex/latex/kvoptions/kvoptions.sty)))
(/usr/local/texlive/2026basic/texmf-dist/tex/generic/stringenc/stringenc.sty)
(/usr/local/texlive/2026basic/texmf-dist/tex/latex/hyperref/pd1enc.def)
(/usr/local/texlive/2026basic/texmf-dist/tex/generic/intcalc/intcalc.sty)
(/usr/local/texlive/2026basic/texmf-dist/tex/latex/hyperref/puenc.def)
(/usr/local/texlive/2026basic/texmf-dist/tex/latex/url/url.sty)
(/usr/local/texlive/2026basic/texmf-dist/tex/generic/bitset/bitset.sty
(/usr/local/texlive/2026basic/texmf-dist/tex/generic/bigintcalc/bigintcalc.sty)
)) (/usr/local/texlive/2026basic/texmf-dist/tex/latex/hyperref/hpdftex.def
(/usr/local/texlive/2026basic/texmf-dist/tex/latex/rerunfilecheck/rerunfilechec
k.sty
(/usr/local/texlive/2026basic/texmf-dist/tex/generic/uniquecounter/uniquecounte
r.sty)))
(/usr/local/texlive/2026basic/texmf-dist/tex/latex/hyperxmp/hyperxmp.sty
(/usr/local/texlive/2026basic/texmf-dist/tex/latex/ifmtarg/ifmtarg.sty)
(/usr/local/texlive/2026basic/texmf-dist/tex/latex/base/ifthen.sty)
(/usr/local/texlive/2026basic/texmf-dist/tex/latex/oberdiek/ifdraft.sty)
(/usr/local/texlive/2026basic/texmf-dist/tex/generic/iftex/ifluatex.sty))
(/usr/local/texlive/2026basic/texmf-dist/tex/latex/graphics/graphicx.sty
(/usr/local/texlive/2026basic/texmf-dist/tex/latex/graphics/graphics.sty
(/usr/local/texlive/2026basic/texmf-dist/tex/latex/graphics/trig.sty)
(/usr/local/texlive/2026basic/texmf-dist/tex/latex/graphics-cfg/graphics.cfg)
(/usr/local/texlive/2026basic/texmf-dist/tex/latex/graphics-def/pdftex.def)))
(/usr/local/texlive/2026basic/texmf-dist/tex/latex/xcolor/xcolor.sty
(/usr/local/texlive/2026basic/texmf-dist/tex/latex/graphics-cfg/color.cfg)
(/usr/local/texlive/2026basic/texmf-dist/tex/latex/graphics/mathcolor.ltx))
(/usr/local/texlive/2026basic/texmf-dist/tex/latex/geometry/geometry.sty
(/usr/local/texlive/2026basic/texmf-dist/tex/generic/iftex/ifvtex.sty))
(/usr/local/texlive/2026basic/texmf-dist/tex/latex/ncctools/manyfoot.sty
(/usr/local/texlive/2026basic/texmf-dist/tex/latex/ncctools/nccfoots.sty))
(/usr/local/texlive/2026basic/texmf-dist/tex/generic/pdftex/glyphtounicode.tex)
(/usr/local/texlive/2026basic/texmf-dist/tex/latex/cmap/cmap.sty)

Class acmart Warning: You do not have the inconsolata (zi4.sty) package install
ed. Please upgrade your TeX on input line 781.


Class acmart Warning: You do not have the newtxmath package installed. Please u
pgrade your TeX on input line 784.

(/usr/local/texlive/2026basic/texmf-dist/tex/latex/psnfss/pifont.sty
(/usr/local/texlive/2026basic/texmf-dist/tex/latex/psnfss/upzd.fd)
(/usr/local/texlive/2026basic/texmf-dist/tex/latex/psnfss/upsy.fd))
(/usr/local/texlive/2026basic/texmf-dist/tex/latex/caption/caption.sty
(/usr/local/texlive/2026basic/texmf-dist/tex/latex/caption/caption3.sty
(/usr/local/texlive/2026basic/texmf-dist/tex/latex/caption/caption-ams-smf.sto)
)) (/usr/local/texlive/2026basic/texmf-dist/tex/latex/float/float.sty)
(/usr/local/texlive/2026basic/texmf-dist/tex/latex/comment/comment.sty
Excluding comment 'comment') Excluding comment 'CCSXML'
(/usr/local/texlive/2026basic/texmf-dist/tex/latex/fancyhdr/fancyhdr.sty)
Special comment 'acks') Excluding 'CCSXML' comment.
(/usr/local/texlive/2026basic/texmf-dist/tex/latex/preprint/balance.sty)
Excluding comment 'screenonly' Include comment 'printonly'
Include comment 'anonsuppress'
(/usr/local/texlive/2026basic/texmf-dist/tex/latex/l3backend/l3backend-pdftex.d
ef) (./moe_bias_report_aug8.aux)<<ot1.cmap>><<oml.cmap>><<oms.cmap>><<omx.cmap>
> (/usr/local/texlive/2026basic/texmf-dist/tex/latex/amsfonts/umsa.fd)
(/usr/local/texlive/2026basic/texmf-dist/tex/latex/amsfonts/umsb.fd)
(/usr/local/texlive/2026basic/texmf-dist/tex/latex/microtype/mt-cmr.cfg)
(./moe_bias_report_aug8.out) (./moe_bias_report_aug8.out)
(/usr/local/texlive/2026basic/texmf-dist/tex/context/base/mkii/supp-pdf.mkii
[Loading MPS to PDF converter (version 2006.09.02).]
)
(/usr/local/texlive/2026basic/texmf-dist/tex/latex/epstopdf-pkg/epstopdf-base.s
ty
(/usr/local/texlive/2026basic/texmf-dist/tex/latex/latexconfig/epstopdf-sys.cfg
))
*geometry* driver: auto-detecting
*geometry* detected driver: pdftex

Package hyperref Warning: Suppressing empty link on input line 76.

(/usr/local/texlive/2026basic/texmf-dist/tex/latex/microtype/mt-msa.cfg)
(/usr/local/texlive/2026basic/texmf-dist/tex/latex/microtype/mt-msb.cfg)

Package hyperref Warning: Token not allowed in a PDF string (Unicode):
(hyperref)                removing `\\' on input line 76.


Underfull \hbox (badness 1931) in paragraph at lines 96--100
\OT1/cmr/bx/n/9 (+20) sparsity-to-concentration re-la-tion-ship\OT1/cmr/m/n/9 (
+20) . Three

Underfull \hbox (badness 6332) in paragraph at lines 103--105
[]\OT1/cmr/m/n/9 (+20) A demographic-specificity anal-y-sis (85 co-horts,

Underfull \hbox (badness 6542) in paragraph at lines 103--105
\OT1/cmr/m/n/9 (+20) per-cohort routing-Shapley flights) show-ing no
<<ot1tt.cmap>> [1.1{/usr/local/texlive/2026basic/texmf-var/fonts/map/pdftex/upd
map/pdftex.map}]
Underfull \hbox (badness 10000) in paragraph at lines 264--264
[]\OT1/cmr/bx/n/9 (+20) Table 3: |Dense-baseline mea-sures (v0;

Underfull \hbox (badness 4454) in paragraph at lines 264--264
\OT1/cmtt/m/n/9 exp2-*\OT1/cmr/bx/n/9 (+20) /result.json, one FFN layer player 
per

Class acmart Warning: A possible image without description on input line 294.


Class acmart Warning: A possible image without description on input line 303.


Class acmart Warning: A possible image without description on input line 313.


Class acmart Warning: A possible image without description on input line 331.

[2.2 <../../figures/fig1_entropy_ladder.png> <../../figures/fig2_gini_ladder.pn
g>]

Class acmart Warning: A possible image without description on input line 358.

[3.3] [4.4 <../../figures/fig3_h1_scatter.png> <../../figures/fig4_top_fraction
.png> <../../figures/fig5_dense_vs_moe.png>]

Class acmart Warning: A possible image without description on input line 437.


Underfull \vbox (badness 10000) has occurred while \output is active
Underfull \hbox (badness 1005) in paragraph at lines 496--500
[]\OT1/cmr/bx/n/9 (+20) Label-permutation null --- flag: $\OT1/cmtt/m/n/9 null 
: label -[]

Overfull \hbox (2.45284pt too wide) in paragraph at lines 507--522
\OT1/cmr/m/n/9 (-20) audits. What survives these audits is the dense-vs-MoE off
set---

Underfull \vbox (badness 3049) has occurred while \output is active [5.5 <../..
/figures/s02_js_distribution.png>]
Underfull \hbox (badness 1132) in paragraph at lines 541--546
\OT1/cmr/m/n/9 (+20) vs. $0\OML/cmm/m/it/9 :\OT1/cmr/m/n/9 (+20) 52$'' be-comes
 a CI state-ment in-stead of a

Underfull \hbox (badness 10000) in paragraph at lines 557--561
[]\OT1/cmr/m/n/9 (+20) Analysis scripts: $\OT1/cmtt/m/n/9 paper _ figures _ sea
born . py$\OT1/cmr/m/n/9 (+20) ,

Underfull \hbox (badness 10000) in paragraph at lines 557--561
\OT1/cmtt/m/n/9 s01 _ exp1 _ stability . py$\OT1/cmr/m/n/9 (+20) , $\OT1/cmtt/m
/n/9 s02 _ exp5 _ js . py$\OT1/cmr/m/n/9 (+20) , $\OT1/cmtt/m/n/9 s03 _

Underfull \hbox (badness 1655) in paragraph at lines 557--561
\OT1/cmtt/m/n/9 h1 _ verdict . py$\OT1/cmr/m/n/9 (+20) , $\OT1/cmtt/m/n/9 s04 _
 bootstrap _ cis . py$ \OT1/cmr/m/n/9 (+20) (all un-der

Underfull \hbox (badness 6510) in paragraph at lines 561--563
[]\OT1/cmr/m/n/9 (+20) Outputs and fig-ures: $\OT1/cmtt/m/n/9 stats _ analysis 
/ outputs/$\OT1/cmr/m/n/9 (+20) ,

Class acmart Warning: Some images may lack descriptions.
(acmart)              ACM is committed to complying with the upcoming US ADA ht
tps://accessiblyapp.com/accessibility-compliance/ada/ and European Accessibilit
y Act (EAA) https://accessiblyapp.com/accessibility-compliance/eaa/ regulations
 by actively working to ensure our publications and application services are ac
cessible to individuals with disabilities, adhering to the WCAG guidelines to p
rovide a seamless experience for all users, and regularly reviewing our accessi
bility practices to maintain compliance with evolving standards. 
(acmart)              To this end, we strongly encourage our authors to provide
 alternative text and captions for images and multimedia content. It is also im
portant to optimize color contrast for the visually impaired. Taking these impo
rtant steps when creating your papers will ensure that the widest possible audi
ence can ingest your work..


Class acmart Warning: ACM reference format is mandatory 
(acmart)              for papers over one page. 
(acmart)              Please add printacmref=true to the 
(acmart)              \settopmatter command..


Package balance Warning: You have called \balance in second column
(balance)                Columns might not be balanced.

(/usr/local/texlive/2026basic/texmf-dist/tex/generic/stringenc/se-pdfdoc.def)
(/usr/local/texlive/2026basic/texmf-dist/tex/generic/stringenc/se-utf8.def)
[6.6] (./moe_bias_report_aug8.aux)

LaTeX Warning: Label(s) may have changed. Rerun to get cross-references right.

 )
(see the transcript file for additional information) </Users/ronnie.ghose/Libra
ry/texlive/2026basic/texmf-var/fonts/pk/ljfour/jknappen/ec/tcrm0900.600pk></usr
/local/texlive/2026basic/texmf-dist/fonts/type1/public/amsfonts/cm/cmbx10.pfb><
/usr/local/texlive/2026basic/texmf-dist/fonts/type1/public/amsfonts/cm/cmbx9.pf
b></usr/local/texlive/2026basic/texmf-dist/fonts/type1/public/amsfonts/cmextra/
cmex9.pfb></usr/local/texlive/2026basic/texmf-dist/fonts/type1/public/amsfonts/
cm/cmmi6.pfb></usr/local/texlive/2026basic/texmf-dist/fonts/type1/public/amsfon
ts/cm/cmmi7.pfb></usr/local/texlive/2026basic/texmf-dist/fonts/type1/public/ams
fonts/cm/cmmi8.pfb></usr/local/texlive/2026basic/texmf-dist/fonts/type1/public/
amsfonts/cm/cmmi9.pfb></usr/local/texlive/2026basic/texmf-dist/fonts/type1/publ
ic/amsfonts/cm/cmr10.pfb></usr/local/texlive/2026basic/texmf-dist/fonts/type1/p
ublic/amsfonts/cm/cmr12.pfb></usr/local/texlive/2026basic/texmf-dist/fonts/type
1/public/amsfonts/cm/cmr6.pfb></usr/local/texlive/2026basic/texmf-dist/fonts/ty
pe1/public/amsfonts/cm/cmr7.pfb></usr/local/texlive/2026basic/texmf-dist/fonts/
type1/public/amsfonts/cm/cmr8.pfb></usr/local/texlive/2026basic/texmf-dist/font
s/type1/public/amsfonts/cm/cmr9.pfb></usr/local/texlive/2026basic/texmf-dist/fo
nts/type1/public/amsfonts/cm/cmss8.pfb></usr/local/texlive/2026basic/texmf-dist
/fonts/type1/public/amsfonts/cm/cmssbx10.pfb></usr/local/texlive/2026basic/texm
f-dist/fonts/type1/public/amsfonts/cm/cmsy6.pfb></usr/local/texlive/2026basic/t
exmf-dist/fonts/type1/public/amsfonts/cm/cmsy9.pfb></usr/local/texlive/2026basi
c/texmf-dist/fonts/type1/public/amsfonts/cm/cmti7.pfb></usr/local/texlive/2026b
asic/texmf-dist/fonts/type1/public/amsfonts/cm/cmti9.pfb></usr/local/texlive/20
26basic/texmf-dist/fonts/type1/public/amsfonts/cm/cmtt8.pfb></usr/local/texlive
/2026basic/texmf-dist/fonts/type1/public/amsfonts/cm/cmtt9.pfb>
Output written on moe_bias_report_aug8.pdf (6 pages, 804508 bytes).
Transcript written on moe_bias_report_aug8.log.
