---------------------------------------
Begin Slurm Prolog: Jul-08-2026 01:26:53
Job ID:    5488738
User ID:   sghose7
Account:   coc
Job name:  bias-exp6-exp1-concentration-mixtral-8x7b
Partition: ice-gpu
QOS:       coc-ice
---------------------------------------
[slurm] WORKDIR=/home/hice1/sghose7/scratch/moe-breakdown
[slurm] ROOT_DIR=/home/hice1/sghose7/scratch/moe-breakdown/moe-expt-bias/expt-bias-1
[slurm] SCRIPT=scripts/run_experiment6_ablation.py
[slurm] STUDY_CONFIG=/storage/ice1/0/2/sghose7/moe-breakdown/moe-expt-bias/expt-bias-1/configs/study.mixtral-8x7b.concentration.yaml
[slurm] OUT_DIR=/storage/ice1/0/2/sghose7/moe-breakdown-bias-runs/expt-bias-1/exp1-concentration-mixtral-8x7b/experiment6
[slurm] EXTRA_ARGS=--result-dir /home/hice1/sghose7/scratch/moe-breakdown-bias-runs/expt-bias-1/exp1-concentration-mixtral-8x7b --max-pairs 30 --routing-freq-pairs 100
[slurm] GPUs visible: 4
---------------------------------------
Begin Slurm Epilog: Jul-08-2026 01:33:49
Job ID:        5488738
User ID:       sghose7
Account:       coc
Job name:      bias-exp6-exp1-concentration-mixtral-8x7b
Resources:     cpu=8,gres/gpu:h100=4,mem=96G,node=1
Rsrc Used:     cput=00:57:04,vmem=0,walltime=00:07:08,mem=100627160K,energy_used=0
Partition:     ice-gpu
QOS:           coc-ice
Nodes:         atl1-1-03-012-18-0
---------------------------------------
